Microchip MPLAB XC8 Compiler V3.00

Linker command line:

-W-3 \
  --edf=D:\Program Files\Microchip\xc8\v3.00\pic\dat\20241204225717_en.msgs \
  -cn -h+dist/default/production\Class_8_Task_pro_ADC.X.production.sym \
  --cmf=dist/default/production\Class_8_Task_pro_ADC.X.production.cmf -z \
  -Q16F877A -oC:\Users\sagar\AppData\Local\Temp\xcAscok.\driver_tmp_3.o \
  --defsym=__MPLAB_BUILD=1 --fixupoverflow=error \
  -Mdist/default/production/Class_8_Task_pro_ADC.X.production.map \
  --md=C:\Users\sagar\AppData\Local\Temp\xcAscok.\driver_tmp_0.dat -E1 \
  -ver=XC8 Compiler -ACODE=00h-07FFhx4 -ASTRCODE=00h-01FFFh \
  -ASTRING=00h-0FFhx32 -ACONST=00h-0FFhx32 -AENTRY=00h-0FFhx32 \
  -ACOMMON=070h-07Fh -ABANK0=020h-06Fh -ABANK1=0A0h-0EFh \
  -ABANK2=0110h-016Fh -ABANK3=0190h-01EFh \
  -ARAM=020h-06Fh,0A0h-0EFh,0110h-016Fh,0190h-01EFh \
  -AABS1=020h-07Fh,0A0h-0EFh,0110h-016Fh,0190h-01EFh -ASFR0=00h-01Fh \
  -ASFR1=080h-09Fh -ASFR2=0100h-010Fh -ASFR3=0180h-018Fh \
  -ACONFIG=02007h-02007h -DCONFIG=2 -AIDLOC=02000h-02003h -DIDLOC=2 \
  -AEEDATA=00h-0FFh/02100h -peeprom_data=EEDATA -DEEDATA=2 -DCODE=2 \
  -DSTRCODE=2 -DSTRING=2 -DCONST=2 -DENTRY=2 \
  -preset_vec=00h,intentry,sivt,init,end_init -ppowerup=CODE -pcinit=CODE \
  -pfunctab=ENTRY -k \
  C:\Users\sagar\AppData\Local\Temp\xcAscok.\driver_tmp_12.o \
  dist/default/production\Class_8_Task_pro_ADC.X.production.o 

Object code version is 3.11

Machine type is 16F877A



                Name                               Link     Load   Length Selector   Space Scale
C:\Users\sagar\AppData\Local\Temp\xcAscok.\driver_tmp_12.o
                end_init                              0        0        3        0       0
                config                             2007     2007        1        0       4
dist/default/production\Class_8_Task_pro_ADC.X.production.o
                cinit                               7E6      7E6       1A      FCC       0
                config                             2007     2007        1        0       4
                text12                              2DE      2DE        A      5BC       0
                text11                              2E8      2E8        A      5D0       0
                text10                              31A      31A       16      634       0
                text9                               407      407       63      80E       0
                text8                               305      305       15      60A       0
                text7                               37F      37F       42      6FE       0
                text6                               347      347       38      68E       0
                text5                               590      590      113      B20       0
                text4                               330      330       17      660       0
                text3                               4F7      4F7       99      9EE       0
                text2                               3C1      3C1       46      782       0
                text1                               46A      46A       8D      8D4       0
                maintext                            6A3      6A3      143      D46       0
                cstackBANK0                          20       20       34       20       1
                cstackCOMMON                         70       70        E       70       1
                inittext                            2F2      2F2       13      5E4       0
                dataBANK0                            5C       5C        8       20       1
                bssBANK0                             54       54        8       20       1
                idataBANK0                          2D6      2D6        8      5AC       0

TOTAL           Name                               Link     Load   Length     Space
        CLASS   CODE           
                end_init                              0        0        3         0
                cinit                               7E6      7E6       1A         0
                text12                              2DE      2DE        A         0
                text11                              2E8      2E8        A         0
                text10                              31A      31A       16         0
                text9                               407      407       63         0
                text8                               305      305       15         0
                text7                               37F      37F       42         0
                text6                               347      347       38         0
                text5                               590      590      113         0
                text4                               330      330       17         0
                text3                               4F7      4F7       99         0
                text2                               3C1      3C1       46         0
                text1                               46A      46A       8D         0
                maintext                            6A3      6A3      143         0
                inittext                            2F2      2F2       13         0
                idataBANK0                          2D6      2D6        8         0

        CLASS   STRCODE        

        CLASS   STRING         

        CLASS   CONST          

        CLASS   ENTRY          

        CLASS   COMMON         
                cstackCOMMON                         70       70        E         1

        CLASS   BANK0          
                cstackBANK0                          20       20       34         1
                dataBANK0                            5C       5C        8         1
                bssBANK0                             54       54        8         1

        CLASS   BANK1          

        CLASS   BANK2          

        CLASS   BANK3          

        CLASS   RAM            

        CLASS   ABS1           
                abs_s1                               7E       7E        2         1

        CLASS   SFR0           

        CLASS   SFR1           

        CLASS   SFR2           

        CLASS   SFR3           

        CLASS   CONFIG         
                config                             2007     2007        1         4

        CLASS   IDLOC          

        CLASS   EEDATA         

        CLASS   HEAP           

        CLASS   STACK          



SEGMENTS        Name                           Load    Length   Top    Selector   Space  Class     Delta

                reset_vec                      000000  000003  000003         0       0  CODE        2
                cstackBANK0                    000020  000044  000064        20       1  BANK0       1
                cstackCOMMON                   000070  00000E  00007E        70       1  COMMON      1
                idataBANK0                     0002D6  000008  0002DE       5AC       0  CODE        2
                text12                         0002DE  00000A  0002E8       5BC       0  CODE        2
                text11                         0002E8  00000A  0002F2       5D0       0  CODE        2
                inittext                       0002F2  000013  000305       5E4       0  CODE        2
                text8                          000305  000015  00031A       60A       0  CODE        2
                text10                         00031A  000016  000330       634       0  CODE        2
                text4                          000330  000017  000347       660       0  CODE        2
                text6                          000347  000038  00037F       68E       0  CODE        2
                text7                          00037F  000042  0003C1       6FE       0  CODE        2
                text2                          0003C1  000046  000407       782       0  CODE        2
                text9                          000407  000063  00046A       80E       0  CODE        2
                text1                          00046A  00008D  0004F7       8D4       0  CODE        2
                text3                          0004F7  000099  000590       9EE       0  CODE        2
                text5                          000590  000113  0006A3       B20       0  CODE        2
                maintext                       0006A3  000143  0007E6       D46       0  CODE        2
                cinit                          0007E6  00001A  000800       FCC       0  CODE        2


UNUSED ADDRESS RANGES

        Name                Unused          Largest block    Delta
        BANK0            0064-006F              C           1
        BANK1            00A0-00EF             50           1
        BANK2            0110-016F             60           1
        BANK3            0190-01EF             60           1
        CODE             0003-02D5            2D3           2
                         0800-1FFF            800
        CONST            0003-02D5            100           2
                         0800-1FFF            100
        EEDATA           2100-21FF            100           2
        ENTRY            0003-02D5            100           2
                         0800-1FFF            100
        IDLOC            2000-2003              4           2
        RAM              0064-006F              C           1
                         00A0-00EF             50
                         0110-016F             60
                         0190-01EF             60
        SFR0             0000-001F             20           1
        SFR1             0080-009F             20           1
        SFR2             0100-010F             10           1
        SFR3             0180-018F             10           1
        STRCODE          0003-02D5            2D3           2
                         0800-1FFF           1800
        STRING           0003-02D5            100           2
                         0800-1FFF            100

                                  Symbol Table

?___aldiv                cstackBANK0  0020
?___lmul                 cstackCOMMON 0070
?___lwdiv                cstackCOMMON 0070
?___lwmod                cstackCOMMON 0077
?_map                    cstackBANK0  002E
LcdCommand@i             cstackCOMMON 0072
LcdData@i                cstackCOMMON 0072
LcdOutput@d_0            cstackBANK0  0023
LcdOutput@d_1            cstackBANK0  0022
LcdOutput@d_2            cstackBANK0  0021
LcdOutput@d_3            cstackBANK0  0020
LcdOutput@i              cstackCOMMON 007C
_ADCON0                  (abs)        001F
_ADCON1                  (abs)        009F
_ADRESH                  (abs)        001E
_ADRESL                  (abs)        009E
_AN1_init                text12       02DE
_AN4_init                text11       02E8
_CH1                     dataBANK0    0060
_CH4                     dataBANK0    005C
_LcdCommand              text10       031A
_LcdData                 text8        0305
_LcdInit                 text9        0407
_LcdOutput               text5        0590
_PORTC                   (abs)        0007
_PORTD                   (abs)        0008
_TRISA                   (abs)        0085
_TRISC                   (abs)        0087
_TRISD                   (abs)        0088
__H__absolute__          __absolute__ 0000
__Habs1                  abs1         0000
__Hbank0                 bank0        0000
__Hbank1                 bank1        0000
__Hbank2                 bank2        0000
__Hbank3                 bank3        0000
__HbssBANK0              bssBANK0     0000
__Hcinit                 cinit        0800
__Hclrtext               clrtext      0000
__Hcode                  code         0000
__Hcommon                common       0000
__Hconfig                config       2008
__HcstackBANK0           cstackBANK0  0000
__HcstackCOMMON          cstackCOMMON 0000
__HdataBANK0             dataBANK0    0000
__Heeprom_data           eeprom_data  0000
__Hend_init              end_init     0003
__Hfunctab               functab      0000
__Hheap                  heap         0000
__HidataBANK0            idataBANK0   0000
__Hinit                  init         0000
__Hinittext              inittext     0000
__Hintentry              intentry     0000
__Hmaintext              maintext     0000
__Hpowerup               powerup      0000
__Hram                   ram          0000
__Hreset_vec             reset_vec    0000
__Hsfr0                  sfr0         0000
__Hsfr1                  sfr1         0000
__Hsfr2                  sfr2         0000
__Hsfr3                  sfr3         0000
__Hsivt                  sivt         0000
__Hspace_0               (abs)        0800
__Hspace_1               (abs)        007E
__Hspace_2               (abs)        0000
__Hspace_3               (abs)        0000
__Hspace_4               (abs)        400F
__Hstack                 stack        0000
__Hstrings               strings      0000
__Htext                  text         0000
__L__absolute__          __absolute__ 0000
__Labs1                  abs1         0000
__Lbank0                 bank0        0000
__Lbank1                 bank1        0000
__Lbank2                 bank2        0000
__Lbank3                 bank3        0000
__LbssBANK0              bssBANK0     0000
__Lcinit                 cinit        07E6
__Lclrtext               clrtext      0000
__Lcode                  code         0000
__Lcommon                common       0000
__Lconfig                config       0000
__LcstackBANK0           cstackBANK0  0000
__LcstackCOMMON          cstackCOMMON 0000
__LdataBANK0             dataBANK0    0000
__Leeprom_data           eeprom_data  0000
__Lend_init              end_init     0000
__Lfunctab               functab      0000
__Lheap                  heap         0000
__LidataBANK0            idataBANK0   0000
__Linit                  init         0000
__Linittext              inittext     0000
__Lintentry              intentry     0000
__Lmaintext              maintext     0000
__Lpowerup               powerup      0000
__Lram                   ram          0000
__Lreset_vec             reset_vec    0000
__Lsfr0                  sfr0         0000
__Lsfr1                  sfr1         0000
__Lsfr2                  sfr2         0000
__Lsfr3                  sfr3         0000
__Lsivt                  sivt         0000
__Lspace_0               (abs)        0000
__Lspace_1               (abs)        0000
__Lspace_2               (abs)        0000
__Lspace_3               (abs)        0000
__Lspace_4               (abs)        0000
__Lstack                 stack        0000
__Lstrings               strings      0000
__Ltext                  text         0000
__S0                     (abs)        0800
__S1                     (abs)        007E
__S3                     (abs)        0000
___aldiv                 text3        04F7
___aldiv@counter         cstackBANK0  0028
___aldiv@dividend        cstackBANK0  0024
___aldiv@divisor         cstackBANK0  0020
___aldiv@quotient        cstackBANK0  002A
___aldiv@sign            cstackBANK0  0029
___heap_hi               (abs)        0000
___heap_lo               (abs)        0000
___int_sp                stack        0000
___int_stack_hi          stack        0000
___int_stack_lo          stack        0000
___latbits               (abs)        0002
___lmul                  text2        03C1
___lmul@multiplicand     cstackCOMMON 0074
___lmul@multiplier       cstackCOMMON 0070
___lmul@product          cstackCOMMON 0079
___lwdiv                 text7        037F
___lwdiv@counter         cstackCOMMON 0076
___lwdiv@dividend        cstackCOMMON 0072
___lwdiv@divisor         cstackCOMMON 0070
___lwdiv@quotient        cstackCOMMON 0074
___lwmod                 text6        0347
___lwmod@counter         cstackCOMMON 007B
___lwmod@dividend        cstackCOMMON 0079
___lwmod@divisor         cstackCOMMON 0077
___sp                    stack        0000
___stack_hi              stack        0000
___stack_lo              stack        0000
___stackhi               (abs)        0000
___stacklo               (abs)        0000
__end_of_AN1_init        text12       02E8
__end_of_AN4_init        text11       02F2
__end_of_LcdCommand      text10       0330
__end_of_LcdData         text8        031A
__end_of_LcdInit         text9        046A
__end_of_LcdOutput       text5        06A3
__end_of___aldiv         text3        0590
__end_of___lmul          text2        0407
__end_of___lwdiv         text7        03C1
__end_of___lwmod         text6        037F
__end_of__initialization cinit        07FC
__end_of_adcInit         text4        0347
__end_of_main            maintext     07E6
__end_of_map             text1        04F7
__initialization         cinit        07E6
__pbssBANK0              bssBANK0     0054
__pcstackBANK0           cstackBANK0  0020
__pcstackCOMMON          cstackCOMMON 0070
__pdataBANK0             dataBANK0    005C
__pidataBANK0            idataBANK0   02D6
__pmaintext              maintext     06A3
__ptext1                 text1        046A
__ptext10                text10       031A
__ptext11                text11       02E8
__ptext12                text12       02DE
__ptext2                 text2        03C1
__ptext3                 text3        04F7
__ptext4                 text4        0330
__ptext5                 text5        0590
__ptext6                 text6        0347
__ptext7                 text7        037F
__ptext8                 text8        0305
__ptext9                 text9        0407
_adcHigh                 bssBANK0     005A
_adcInit                 text4        0330
_adcLow                  bssBANK0     0058
_adcVolt                 bssBANK0     0054
_calibratedValue         bssBANK0     0056
_main                    maintext     06A3
_map                     text1        046A
btemp                    (abs)        007E
end_of_initialization    cinit        07FC
init_fetch0              inittext     02F2
init_ram0                inittext     02F6
intlevel0                functab      0000
intlevel1                functab      0000
intlevel2                functab      0000
intlevel3                functab      0000
intlevel4                functab      0000
intlevel5                functab      0000
main@i                   cstackBANK0  0050
main@i_89                cstackBANK0  0052
map@in_max               cstackBANK0  0036
map@in_min               cstackBANK0  0032
map@out_max              cstackBANK0  003E
map@out_min              cstackBANK0  003A
map@x                    cstackBANK0  002E
reset_vec                reset_vec    0000
start                    init         0000
start_initialization     cinit        07E6
wtemp0                   (abs)        007E


MODULE INFORMATION

Module		Function		Class		Link	Load	Size
D:\Program Files\Microchip\xc8\v3.00\pic\sources\c99\common\lwdiv.c
		___lwdiv       		CODE           	037F	0000	66

D:\Program Files\Microchip\xc8\v3.00\pic\sources\c99\common\lwdiv.c estimated size: 66

D:\Program Files\Microchip\xc8\v3.00\pic\sources\c99\common\aldiv.c
		___aldiv       		CODE           	04F7	0000	153

D:\Program Files\Microchip\xc8\v3.00\pic\sources\c99\common\aldiv.c estimated size: 153

D:\Program Files\Microchip\xc8\v3.00\pic\sources\c99\common\Umul32.c
		___lmul        		CODE           	03C1	0000	70

D:\Program Files\Microchip\xc8\v3.00\pic\sources\c99\common\Umul32.c estimated size: 70

shared
		__initialization		CODE           	07E6	0000	22

shared estimated size: 22

D:\Program Files\Microchip\xc8\v3.00\pic\sources\c99\common\lwmod.c
		___lwmod       		CODE           	0347	0000	56

D:\Program Files\Microchip\xc8\v3.00\pic\sources\c99\common\lwmod.c estimated size: 56

main.c
		_map           		CODE           	046A	0000	141
		_LcdOutput     		CODE           	0590	0000	275
		_main          		CODE           	06A3	0000	323
		_LcdInit       		CODE           	0407	0000	99
		_LcdData       		CODE           	0305	0000	21
		_adcInit       		CODE           	0330	0000	23
		_LcdCommand    		CODE           	031A	0000	22
		_AN1_init      		CODE           	02DE	0000	10
		_AN4_init      		CODE           	02E8	0000	10

main.c estimated size: 924

