Microchip MPLAB XC8 Compiler V3.00

Linker command line:

-W-3 \
  --edf=D:\Program Files\Microchip\xc8\v3.00\pic\dat\20241204225717_en.msgs \
  -cn -h+dist/default/production\Class_8_Task_pro_ADC.X.production.sym \
  --cmf=dist/default/production\Class_8_Task_pro_ADC.X.production.cmf -z \
  -Q16F877A -oC:\Users\sagar\AppData\Local\Temp\xcAs6ss.\driver_tmp_3.o \
  --defsym=__MPLAB_BUILD=1 --fixupoverflow=error \
  -Mdist/default/production/Class_8_Task_pro_ADC.X.production.map \
  --md=C:\Users\sagar\AppData\Local\Temp\xcAs6ss.\driver_tmp_0.dat -E1 \
  -ver=XC8 Compiler -ACODE=00h-07FFhx4 -ASTRCODE=00h-01FFFh \
  -ASTRING=00h-0FFhx32 -ACONST=00h-0FFhx32 -AENTRY=00h-0FFhx32 \
  -ACOMMON=070h-07Fh -ABANK0=020h-06Fh -ABANK1=0A0h-0EFh \
  -ABANK2=0110h-016Fh -ABANK3=0190h-01EFh \
  -ARAM=020h-06Fh,0A0h-0EFh,0110h-016Fh,0190h-01EFh \
  -AABS1=020h-07Fh,0A0h-0EFh,0110h-016Fh,0190h-01EFh -ASFR0=00h-01Fh \
  -ASFR1=080h-09Fh -ASFR2=0100h-010Fh -ASFR3=0180h-018Fh \
  -ACONFIG=02007h-02007h -DCONFIG=2 -AIDLOC=02000h-02003h -DIDLOC=2 \
  -AEEDATA=00h-0FFh/02100h -peeprom_data=EEDATA -DEEDATA=2 -DCODE=2 \
  -DSTRCODE=2 -DSTRING=2 -DCONST=2 -DENTRY=2 \
  -preset_vec=00h,intentry,sivt,init,end_init -ppowerup=CODE -pcinit=CODE \
  -pfunctab=ENTRY -k \
  C:\Users\sagar\AppData\Local\Temp\xcAs6ss.\driver_tmp_12.o \
  dist/default/production\Class_8_Task_pro_ADC.X.production.o 

Object code version is 3.11

Machine type is 16F877A



                Name                               Link     Load   Length Selector   Space Scale
C:\Users\sagar\AppData\Local\Temp\xcAs6ss.\driver_tmp_12.o
                end_init                              0        0        3        0       0
                config                             2007     2007        1        0       4
dist/default/production\Class_8_Task_pro_ADC.X.production.o
                cinit                               7E6      7E6       1A      FCC       0
                config                             2007     2007        1        0       4
                text12                              2F6      2F6        A      5EC       0
                text11                              300      300        A      600       0
                text10                              332      332       16      664       0
                text9                               41F      41F       63      83E       0
                text8                               31D      31D       15      63A       0
                text7                               397      397       42      72E       0
                text6                               35F      35F       38      6BE       0
                text5                               5A8      5A8      113      B50       0
                text4                               348      348       17      690       0
                text3                               50F      50F       99      A1E       0
                text2                               3D9      3D9       46      7B2       0
                text1                               482      482       8D      904       0
                maintext                            6BB      6BB      12B      D76       0
                cstackBANK0                          20       20       34       20       1
                cstackCOMMON                         70       70        E       70       1
                inittext                            30A      30A       13      614       0
                dataBANK0                            5C       5C        8       20       1
                bssBANK0                             54       54        8       20       1
                idataBANK0                          2EE      2EE        8      5DC       0

TOTAL           Name                               Link     Load   Length     Space
        CLASS   CODE           
                end_init                              0        0        3         0
                cinit                               7E6      7E6       1A         0
                text12                              2F6      2F6        A         0
                text11                              300      300        A         0
                text10                              332      332       16         0
                text9                               41F      41F       63         0
                text8                               31D      31D       15         0
                text7                               397      397       42         0
                text6                               35F      35F       38         0
                text5                               5A8      5A8      113         0
                text4                               348      348       17         0
                text3                               50F      50F       99         0
                text2                               3D9      3D9       46         0
                text1                               482      482       8D         0
                maintext                            6BB      6BB      12B         0
                inittext                            30A      30A       13         0
                idataBANK0                          2EE      2EE        8         0

        CLASS   STRCODE        

        CLASS   STRING         

        CLASS   CONST          

        CLASS   ENTRY          

        CLASS   COMMON         
                cstackCOMMON                         70       70        E         1

        CLASS   BANK0          
                cstackBANK0                          20       20       34         1
                dataBANK0                            5C       5C        8         1
                bssBANK0                             54       54        8         1

        CLASS   BANK1          

        CLASS   BANK2          

        CLASS   BANK3          

        CLASS   RAM            

        CLASS   ABS1           
                abs_s1                               7E       7E        2         1

        CLASS   SFR0           

        CLASS   SFR1           

        CLASS   SFR2           

        CLASS   SFR3           

        CLASS   CONFIG         
                config                             2007     2007        1         4

        CLASS   IDLOC          

        CLASS   EEDATA         

        CLASS   HEAP           

        CLASS   STACK          



SEGMENTS        Name                           Load    Length   Top    Selector   Space  Class     Delta

                reset_vec                      000000  000003  000003         0       0  CODE        2
                cstackBANK0                    000020  000044  000064        20       1  BANK0       1
                cstackCOMMON                   000070  00000E  00007E        70       1  COMMON      1
                idataBANK0                     0002EE  000008  0002F6       5DC       0  CODE        2
                text12                         0002F6  00000A  000300       5EC       0  CODE        2
                text11                         000300  00000A  00030A       600       0  CODE        2
                inittext                       00030A  000013  00031D       614       0  CODE        2
                text8                          00031D  000015  000332       63A       0  CODE        2
                text10                         000332  000016  000348       664       0  CODE        2
                text4                          000348  000017  00035F       690       0  CODE        2
                text6                          00035F  000038  000397       6BE       0  CODE        2
                text7                          000397  000042  0003D9       72E       0  CODE        2
                text2                          0003D9  000046  00041F       7B2       0  CODE        2
                text9                          00041F  000063  000482       83E       0  CODE        2
                text1                          000482  00008D  00050F       904       0  CODE        2
                text3                          00050F  000099  0005A8       A1E       0  CODE        2
                text5                          0005A8  000113  0006BB       B50       0  CODE        2
                maintext                       0006BB  00012B  0007E6       D76       0  CODE        2
                cinit                          0007E6  00001A  000800       FCC       0  CODE        2


UNUSED ADDRESS RANGES

        Name                Unused          Largest block    Delta
        BANK0            0064-006F              C           1
        BANK1            00A0-00EF             50           1
        BANK2            0110-016F             60           1
        BANK3            0190-01EF             60           1
        CODE             0003-02ED            2EB           2
                         0800-1FFF            800
        CONST            0003-02ED            100           2
                         0800-1FFF            100
        EEDATA           2100-21FF            100           2
        ENTRY            0003-02ED            100           2
                         0800-1FFF            100
        IDLOC            2000-2003              4           2
        RAM              0064-006F              C           1
                         00A0-00EF             50
                         0110-016F             60
                         0190-01EF             60
        SFR0             0000-001F             20           1
        SFR1             0080-009F             20           1
        SFR2             0100-010F             10           1
        SFR3             0180-018F             10           1
        STRCODE          0003-02ED            2EB           2
                         0800-1FFF           1800
        STRING           0003-02ED            100           2
                         0800-1FFF            100

                                  Symbol Table

?___aldiv                cstackBANK0  0020
?___lmul                 cstackCOMMON 0070
?___lwdiv                cstackCOMMON 0070
?___lwmod                cstackCOMMON 0077
?_map                    cstackBANK0  002E
LcdCommand@i             cstackCOMMON 0072
LcdData@i                cstackCOMMON 0072
LcdOutput@d_0            cstackBANK0  0023
LcdOutput@d_1            cstackBANK0  0022
LcdOutput@d_2            cstackBANK0  0021
LcdOutput@d_3            cstackBANK0  0020
LcdOutput@i              cstackCOMMON 007C
_ADCON0                  (abs)        001F
_ADCON1                  (abs)        009F
_ADRESH                  (abs)        001E
_ADRESL                  (abs)        009E
_AN1_init                text12       02F6
_AN4_init                text11       0300
_CH1                     dataBANK0    0060
_CH4                     dataBANK0    005C
_LcdCommand              text10       0332
_LcdData                 text8        031D
_LcdInit                 text9        041F
_LcdOutput               text5        05A8
_PORTC                   (abs)        0007
_PORTD                   (abs)        0008
_TRISA                   (abs)        0085
_TRISC                   (abs)        0087
_TRISD                   (abs)        0088
__H__absolute__          __absolute__ 0000
__Habs1                  abs1         0000
__Hbank0                 bank0        0000
__Hbank1                 bank1        0000
__Hbank2                 bank2        0000
__Hbank3                 bank3        0000
__HbssBANK0              bssBANK0     0000
__Hcinit                 cinit        0800
__Hclrtext               clrtext      0000
__Hcode                  code         0000
__Hcommon                common       0000
__Hconfig                config       2008
__HcstackBANK0           cstackBANK0  0000
__HcstackCOMMON          cstackCOMMON 0000
__HdataBANK0             dataBANK0    0000
__Heeprom_data           eeprom_data  0000
__Hend_init              end_init     0003
__Hfunctab               functab      0000
__Hheap                  heap         0000
__HidataBANK0            idataBANK0   0000
__Hinit                  init         0000
__Hinittext              inittext     0000
__Hintentry              intentry     0000
__Hmaintext              maintext     0000
__Hpowerup               powerup      0000
__Hram                   ram          0000
__Hreset_vec             reset_vec    0000
__Hsfr0                  sfr0         0000
__Hsfr1                  sfr1         0000
__Hsfr2                  sfr2         0000
__Hsfr3                  sfr3         0000
__Hsivt                  sivt         0000
__Hspace_0               (abs)        0800
__Hspace_1               (abs)        007E
__Hspace_2               (abs)        0000
__Hspace_3               (abs)        0000
__Hspace_4               (abs)        400F
__Hstack                 stack        0000
__Hstrings               strings      0000
__Htext                  text         0000
__L__absolute__          __absolute__ 0000
__Labs1                  abs1         0000
__Lbank0                 bank0        0000
__Lbank1                 bank1        0000
__Lbank2                 bank2        0000
__Lbank3                 bank3        0000
__LbssBANK0              bssBANK0     0000
__Lcinit                 cinit        07E6
__Lclrtext               clrtext      0000
__Lcode                  code         0000
__Lcommon                common       0000
__Lconfig                config       0000
__LcstackBANK0           cstackBANK0  0000
__LcstackCOMMON          cstackCOMMON 0000
__LdataBANK0             dataBANK0    0000
__Leeprom_data           eeprom_data  0000
__Lend_init              end_init     0000
__Lfunctab               functab      0000
__Lheap                  heap         0000
__LidataBANK0            idataBANK0   0000
__Linit                  init         0000
__Linittext              inittext     0000
__Lintentry              intentry     0000
__Lmaintext              maintext     0000
__Lpowerup               powerup      0000
__Lram                   ram          0000
__Lreset_vec             reset_vec    0000
__Lsfr0                  sfr0         0000
__Lsfr1                  sfr1         0000
__Lsfr2                  sfr2         0000
__Lsfr3                  sfr3         0000
__Lsivt                  sivt         0000
__Lspace_0               (abs)        0000
__Lspace_1               (abs)        0000
__Lspace_2               (abs)        0000
__Lspace_3               (abs)        0000
__Lspace_4               (abs)        0000
__Lstack                 stack        0000
__Lstrings               strings      0000
__Ltext                  text         0000
__S0                     (abs)        0800
__S1                     (abs)        007E
__S3                     (abs)        0000
___aldiv                 text3        050F
___aldiv@counter         cstackBANK0  0028
___aldiv@dividend        cstackBANK0  0024
___aldiv@divisor         cstackBANK0  0020
___aldiv@quotient        cstackBANK0  002A
___aldiv@sign            cstackBANK0  0029
___heap_hi               (abs)        0000
___heap_lo               (abs)        0000
___int_sp                stack        0000
___int_stack_hi          stack        0000
___int_stack_lo          stack        0000
___latbits               (abs)        0002
___lmul                  text2        03D9
___lmul@multiplicand     cstackCOMMON 0074
___lmul@multiplier       cstackCOMMON 0070
___lmul@product          cstackCOMMON 0079
___lwdiv                 text7        0397
___lwdiv@counter         cstackCOMMON 0076
___lwdiv@dividend        cstackCOMMON 0072
___lwdiv@divisor         cstackCOMMON 0070
___lwdiv@quotient        cstackCOMMON 0074
___lwmod                 text6        035F
___lwmod@counter         cstackCOMMON 007B
___lwmod@dividend        cstackCOMMON 0079
___lwmod@divisor         cstackCOMMON 0077
___sp                    stack        0000
___stack_hi              stack        0000
___stack_lo              stack        0000
___stackhi               (abs)        0000
___stacklo               (abs)        0000
__end_of_AN1_init        text12       0300
__end_of_AN4_init        text11       030A
__end_of_LcdCommand      text10       0348
__end_of_LcdData         text8        0332
__end_of_LcdInit         text9        0482
__end_of_LcdOutput       text5        06BB
__end_of___aldiv         text3        05A8
__end_of___lmul          text2        041F
__end_of___lwdiv         text7        03D9
__end_of___lwmod         text6        0397
__end_of__initialization cinit        07FC
__end_of_adcInit         text4        035F
__end_of_main            maintext     07E6
__end_of_map             text1        050F
__initialization         cinit        07E6
__pbssBANK0              bssBANK0     0054
__pcstackBANK0           cstackBANK0  0020
__pcstackCOMMON          cstackCOMMON 0070
__pdataBANK0             dataBANK0    005C
__pidataBANK0            idataBANK0   02EE
__pmaintext              maintext     06BB
__ptext1                 text1        0482
__ptext10                text10       0332
__ptext11                text11       0300
__ptext12                text12       02F6
__ptext2                 text2        03D9
__ptext3                 text3        050F
__ptext4                 text4        0348
__ptext5                 text5        05A8
__ptext6                 text6        035F
__ptext7                 text7        0397
__ptext8                 text8        031D
__ptext9                 text9        041F
_adcHigh                 bssBANK0     005A
_adcInit                 text4        0348
_adcLow                  bssBANK0     0058
_adcVolt                 bssBANK0     0054
_calibratedValue         bssBANK0     0056
_main                    maintext     06BB
_map                     text1        0482
btemp                    (abs)        007E
end_of_initialization    cinit        07FC
init_fetch0              inittext     030A
init_ram0                inittext     030E
intlevel0                functab      0000
intlevel1                functab      0000
intlevel2                functab      0000
intlevel3                functab      0000
intlevel4                functab      0000
intlevel5                functab      0000
main@i                   cstackBANK0  0050
main@i_89                cstackBANK0  0052
map@in_max               cstackBANK0  0036
map@in_min               cstackBANK0  0032
map@out_max              cstackBANK0  003E
map@out_min              cstackBANK0  003A
map@x                    cstackBANK0  002E
reset_vec                reset_vec    0000
start                    init         0000
start_initialization     cinit        07E6
wtemp0                   (abs)        007E


MODULE INFORMATION

Module		Function		Class		Link	Load	Size
D:\Program Files\Microchip\xc8\v3.00\pic\sources\c99\common\lwdiv.c
		___lwdiv       		CODE           	0397	0000	66

D:\Program Files\Microchip\xc8\v3.00\pic\sources\c99\common\lwdiv.c estimated size: 66

D:\Program Files\Microchip\xc8\v3.00\pic\sources\c99\common\aldiv.c
		___aldiv       		CODE           	050F	0000	153

D:\Program Files\Microchip\xc8\v3.00\pic\sources\c99\common\aldiv.c estimated size: 153

D:\Program Files\Microchip\xc8\v3.00\pic\sources\c99\common\Umul32.c
		___lmul        		CODE           	03D9	0000	70

D:\Program Files\Microchip\xc8\v3.00\pic\sources\c99\common\Umul32.c estimated size: 70

shared
		__initialization		CODE           	07E6	0000	22

shared estimated size: 22

D:\Program Files\Microchip\xc8\v3.00\pic\sources\c99\common\lwmod.c
		___lwmod       		CODE           	035F	0000	56

D:\Program Files\Microchip\xc8\v3.00\pic\sources\c99\common\lwmod.c estimated size: 56

main.c
		_map           		CODE           	0482	0000	141
		_LcdOutput     		CODE           	05A8	0000	275
		_main          		CODE           	06BB	0000	299
		_LcdInit       		CODE           	041F	0000	99
		_LcdData       		CODE           	031D	0000	21
		_adcInit       		CODE           	0348	0000	23
		_LcdCommand    		CODE           	0332	0000	22
		_AN1_init      		CODE           	02F6	0000	10
		_AN4_init      		CODE           	0300	0000	10

main.c estimated size: 900

