Microchip MPLAB XC8 Compiler V2.00 ()

Linker command line:

-W-3 --edf=C:\Program Files (x86)\Microchip\xc8\v2.00\pic\dat\en_msgs.txt \
  -cs -h+dist/default/production\I2C_EEPROM.X.production.sym \
  --cmf=dist/default/production\I2C_EEPROM.X.production.cmf -z -Q16F877A \
  -oC:\Users\KHALED~1\AppData\Local\Temp\s6d0.2 --defsym=__MPLAB_BUILD=1 \
  -Mdist/default/production/I2C_EEPROM.X.production.map -E1 -ver=XC8 \
  --acfsm=1493 -ASTACK=0110h-016fh -pstack=STACK -ACODE=00h-07FFhx4 \
  -ASTRCODE=00h-01FFFh -ASTRING=00h-0FFhx32 -ACONST=00h-0FFhx32 \
  -AENTRY=00h-0FFhx32 -ACOMMON=070h-07Fh -ABANK0=020h-06Fh \
  -ABANK1=0A0h-0EFh -ABANK2=0110h-016Fh -ABANK3=0190h-01EFh \
  -ARAM=020h-06Fh,0A0h-0EFh,0110h-016Fh,0190h-01EFh \
  -AABS1=020h-07Fh,0A0h-0EFh,0110h-016Fh,0190h-01EFh -ASFR0=00h-01Fh \
  -ASFR1=080h-09Fh -ASFR2=0100h-010Fh -ASFR3=0180h-018Fh \
  -preset_vec=00h,intentry,init,end_init -ppowerup=CODE -pcinit=CODE \
  -pfunctab=ENTRY -ACONFIG=02007h-02007h -pconfig=CONFIG -DCONFIG=2 \
  -AIDLOC=02000h-02003h -pidloc=IDLOC -DIDLOC=2 -AEEDATA=00h-0FFh/02100h \
  -peeprom_data=EEDATA -DEEDATA=2 -DCODE=2 -DSTRCODE=2 -DSTRING=2 -DCONST=2 \
  -DENTRY=2 -k C:\Users\KHALED~1\AppData\Local\Temp\s6d0.o \
  dist/default/production\I2C_EEPROM.X.production.o 

Object code version is 3.11

Machine type is 16F877A



                Name                               Link     Load   Length Selector   Space Scale
C:\Users\KHALED~1\AppData\Local\Temp\s6d0.o
                end_init                              0        0        3        0       0
                config                             2007     2007        1     400E       0
dist/default/production\I2C_EEPROM.X.production.o
                cinit                               7DE      7DE       22      FBC       0
                text11                              5B6      5B6        F      B6C       0
                text10                              5AA      5AA        C      B54       0
                text9                               58F      58F        9      B1E       0
                text8                               598      598        9      B30       0
                text7                               5A1      5A1        9      B42       0
                text6                               5C5      5C5       17      B8A       0
                text5                               5DC      5DC       19      BB8       0
                text4                               67A      67A       5C      CF4       0
                text3                               62D      62D       4D      C5A       0
                text2                               6D6      6D6       6D      DAC       0
                text1                               5F5      5F5       38      BEA       0
                maintext                            743      743       9B      E86       0
                cstackBANK0                          20       20       19       20       1
                cstackCOMMON                         70       70        E       70       1
                dataBANK0                            39       39        5       20       1
                idataBANK0                          58A      58A        5      B14       0

TOTAL           Name                               Link     Load   Length     Space
        CLASS   STACK          

        CLASS   CODE           
                end_init                              0        0        3         0
                cinit                               7DE      7DE       22         0
                text11                              5B6      5B6        F         0
                text10                              5AA      5AA        C         0
                text9                               58F      58F        9         0
                text8                               598      598        9         0
                text7                               5A1      5A1        9         0
                text6                               5C5      5C5       17         0
                text5                               5DC      5DC       19         0
                text4                               67A      67A       5C         0
                text3                               62D      62D       4D         0
                text2                               6D6      6D6       6D         0
                text1                               5F5      5F5       38         0
                maintext                            743      743       9B         0
                idataBANK0                          58A      58A        5         0

        CLASS   STRCODE        

        CLASS   STRING         

        CLASS   CONST          

        CLASS   ENTRY          

        CLASS   COMMON         
                cstackCOMMON                         70       70        E         1

        CLASS   BANK0          
                cstackBANK0                          20       20       19         1
                dataBANK0                            39       39        5         1

        CLASS   BANK1          

        CLASS   BANK2          

        CLASS   BANK3          

        CLASS   RAM            

        CLASS   ABS1           
                abs_s1                               7E       7E        2         1

        CLASS   SFR0           

        CLASS   SFR1           

        CLASS   SFR2           

        CLASS   SFR3           

        CLASS   CONFIG         
                config                             2007     2007        1         0

        CLASS   IDLOC          

        CLASS   EEDATA         



SEGMENTS        Name                           Load    Length   Top    Selector   Space  Class     Delta

                reset_vec                      000000  000003  000003         0       0  CODE        2
                cstackBANK0                    000020  00001E  00003E        20       1  BANK0       1
                cstackCOMMON                   000070  00000E  00007E        70       1  COMMON      1
                idataBANK0                     00058A  000005  00058F       B14       0  CODE        2
                text9                          00058F  000009  000598       B1E       0  CODE        2
                text8                          000598  000009  0005A1       B30       0  CODE        2
                text7                          0005A1  000009  0005AA       B42       0  CODE        2
                text10                         0005AA  00000C  0005B6       B54       0  CODE        2
                text11                         0005B6  00000F  0005C5       B6C       0  CODE        2
                text6                          0005C5  000017  0005DC       B8A       0  CODE        2
                text5                          0005DC  000019  0005F5       BB8       0  CODE        2
                text1                          0005F5  000038  00062D       BEA       0  CODE        2
                text3                          00062D  00004D  00067A       C5A       0  CODE        2
                text4                          00067A  00005C  0006D6       CF4       0  CODE        2
                text2                          0006D6  00006D  000743       DAC       0  CODE        2
                maintext                       000743  00009B  0007DE       E86       0  CODE        2
                cinit                          0007DE  000022  000800       FBC       0  CODE        2
                config                         002007  000001  002008      400E       0  CONFIG      2


UNUSED ADDRESS RANGES

        Name                Unused          Largest block    Delta
        BANK0            003E-006F             32           1
        BANK1            00A0-00EF             50           1
        BANK2            0110-016F             60           1
        BANK3            0190-01EF             60           1
        CODE             0003-0589            587           2
                         0800-1FFF            800
        CONST            0003-0589            100           2
                         0800-1FFF            100
        EEDATA           2100-21FF            100           2
        ENTRY            0003-0589            100           2
                         0800-1FFF            100
        IDLOC            2000-2003              4           2
        RAM              003E-006F             32           1
                         00A0-00EF             50
                         0110-016F             60
                         0190-01EF             60
        SFR0             0000-001F             20           1
        SFR1             0080-009F             20           1
        SFR2             0100-010F             10           1
        SFR3             0180-018F             10           1
        STACK            0110-016F             60           1
        STRCODE          0003-0589            587           2
                         0800-1FFF           1800
        STRING           0003-0589            100           2
                         0800-1FFF            100

                                  Symbol Table

?___lldiv                          cstackCOMMON 0070
EEPROM_Read_Page@add               cstackCOMMON 0071
EEPROM_Read_Page@data              cstackCOMMON 0073
EEPROM_Read_Page@i                 cstackCOMMON 0078
EEPROM_Read_Page@len               cstackCOMMON 0074
EEPROM_Write_Page@add              cstackCOMMON 0071
EEPROM_Write_Page@data             cstackCOMMON 0073
EEPROM_Write_Page@i                cstackCOMMON 0077
EEPROM_Write_Page@len              cstackCOMMON 0074
I2C_Master_Init@baud               cstackBANK0  0020
I2C_Master_Write@data              cstackCOMMON 0070
_ACKDT                             (abs)        048D
_ACKEN                             (abs)        048C
_ACKSTAT                           (abs)        048E
_EEPROM_Read_Page                  text4        067A
_EEPROM_Write_Page                 text3        062D
_I2C_ACK                           text10       05AA
_I2C_Master_Init                   text1        05F5
_I2C_Master_RepeatedStart          text9        058F
_I2C_Master_Start                  text8        0598
_I2C_Master_Stop                   text7        05A1
_I2C_Master_Wait                   text11       05B6
_I2C_Master_Write                  text6        05C5
_I2C_Read_Byte                     text5        05DC
_PEN                               (abs)        048A
_PORTD                             (abs)        0008
_RCEN                              (abs)        048B
_RSEN                              (abs)        0489
_SEN                               (abs)        0488
_SSPADD                            (abs)        0093
_SSPBUF                            (abs)        0013
_SSPCON                            (abs)        0014
_SSPCON2                           (abs)        0091
_SSPIF                             (abs)        0063
_SSPSTAT                           (abs)        0094
_TRISC3                            (abs)        043B
_TRISC4                            (abs)        043C
_TRISD                             (abs)        0088
__CFG_BOREN$OFF                    (abs)        0000
__CFG_CP$OFF                       (abs)        0000
__CFG_CPD$OFF                      (abs)        0000
__CFG_FOSC$HS                      (abs)        0000
__CFG_LVP$OFF                      (abs)        0000
__CFG_PWRTE$OFF                    (abs)        0000
__CFG_WDTE$OFF                     (abs)        0000
__CFG_WRT$OFF                      (abs)        0000
__Habs1                            abs1         0000
__Hbank0                           bank0        0000
__Hbank1                           bank1        0000
__Hbank2                           bank2        0000
__Hbank3                           bank3        0000
__Hcinit                           cinit        0800
__Hclrtext                         clrtext      0000
__Hcode                            code         0000
__Hcommon                          common       0000
__Hconfig                          config       2008
__HcstackBANK0                     cstackBANK0  0000
__HcstackCOMMON                    cstackCOMMON 0000
__HdataBANK0                       dataBANK0    0000
__Heeprom_data                     eeprom_data  0000
__Hend_init                        end_init     0003
__Hfunctab                         functab      0000
__HidataBANK0                      idataBANK0   0000
__Hidloc                           idloc        0000
__Hinit                            init         0000
__Hintentry                        intentry     0000
__Hmaintext                        maintext     0000
__Hpowerup                         powerup      0000
__Hram                             ram          0000
__Hreset_vec                       reset_vec    0000
__Hsfr0                            sfr0         0000
__Hsfr1                            sfr1         0000
__Hsfr2                            sfr2         0000
__Hsfr3                            sfr3         0000
__Hspace_0                         (abs)        2008
__Hspace_1                         (abs)        007E
__Hspace_2                         (abs)        0000
__Hspace_3                         (abs)        0000
__Hstack                           stack        0000
__Hstrings                         strings      0000
__Htext                            text         0000
__Labs1                            abs1         0000
__Lbank0                           bank0        0000
__Lbank1                           bank1        0000
__Lbank2                           bank2        0000
__Lbank3                           bank3        0000
__Lcinit                           cinit        07DE
__Lclrtext                         clrtext      0000
__Lcode                            code         0000
__Lcommon                          common       0000
__Lconfig                          config       2007
__LcstackBANK0                     cstackBANK0  0000
__LcstackCOMMON                    cstackCOMMON 0000
__LdataBANK0                       dataBANK0    0000
__Leeprom_data                     eeprom_data  0000
__Lend_init                        end_init     0000
__Lfunctab                         functab      0000
__LidataBANK0                      idataBANK0   0000
__Lidloc                           idloc        0000
__Linit                            init         0000
__Lintentry                        intentry     0000
__Lmaintext                        maintext     0000
__Lpowerup                         powerup      0000
__Lram                             ram          0000
__Lreset_vec                       reset_vec    0000
__Lsfr0                            sfr0         0000
__Lsfr1                            sfr1         0000
__Lsfr2                            sfr2         0000
__Lsfr3                            sfr3         0000
__Lspace_0                         (abs)        0000
__Lspace_1                         (abs)        0000
__Lspace_2                         (abs)        0000
__Lspace_3                         (abs)        0000
__Lstack                           stack        0000
__Lstrings                         strings      0000
__Ltext                            text         0000
__S0                               (abs)        2008
__S1                               (abs)        007E
__S2                               (abs)        0000
__S3                               (abs)        0000
___int_sp                          stack        0000
___latbits                         (abs)        0002
___lldiv                           text2        06D6
___lldiv@counter                   cstackCOMMON 007D
___lldiv@dividend                  cstackCOMMON 0074
___lldiv@divisor                   cstackCOMMON 0070
___lldiv@quotient                  cstackCOMMON 0079
___sp                              stack        0000
__end_of_EEPROM_Read_Page          text4        06D6
__end_of_EEPROM_Write_Page         text3        067A
__end_of_I2C_ACK                   text10       05B6
__end_of_I2C_Master_Init           text1        062D
__end_of_I2C_Master_RepeatedStart  text9        0598
__end_of_I2C_Master_Start          text8        05A1
__end_of_I2C_Master_Stop           text7        05AA
__end_of_I2C_Master_Wait           text11       05C5
__end_of_I2C_Master_Write          text6        05DC
__end_of_I2C_Read_Byte             text5        05F5
__end_of___lldiv                   text2        0743
__end_of__initialization           cinit        07FC
__end_of_main                      maintext     07DE
__initialization                   cinit        07DE
__pcstackBANK0                     cstackBANK0  0020
__pcstackCOMMON                    cstackCOMMON 0070
__pdataBANK0                       dataBANK0    0039
__pidataBANK0                      idataBANK0   058A
__pmaintext                        maintext     0743
__ptext1                           text1        05F5
__ptext10                          text10       05AA
__ptext11                          text11       05B6
__ptext2                           text2        06D6
__ptext3                           text3        062D
__ptext4                           text4        067A
__ptext5                           text5        05DC
__ptext6                           text6        05C5
__ptext7                           text7        05A1
__ptext8                           text8        0598
__ptext9                           text9        058F
__size_of_EEPROM_Read_Page         (abs)        0000
__size_of_EEPROM_Write_Page        (abs)        0000
__size_of_I2C_ACK                  (abs)        0000
__size_of_I2C_Master_Init          (abs)        0000
__size_of_I2C_Master_RepeatedStart (abs)        0000
__size_of_I2C_Master_Start         (abs)        0000
__size_of_I2C_Master_Stop          (abs)        0000
__size_of_I2C_Master_Wait          (abs)        0000
__size_of_I2C_Master_Write         (abs)        0000
__size_of_I2C_Read_Byte            (abs)        0000
__size_of___lldiv                  (abs)        0000
__size_of_main                     (abs)        0000
_main                              maintext     0743
btemp                              (abs)        007E
end_of_initialization              cinit        07FC
intlevel0                          functab      0000
intlevel1                          functab      0000
intlevel2                          functab      0000
intlevel3                          functab      0000
intlevel4                          functab      0000
intlevel5                          functab      0000
main@Address                       cstackBANK0  0035
main@Buffer                        cstackBANK0  002B
main@F876                          dataBANK0    0039
main@ReadBuffer                    cstackBANK0  0030
main@i                             cstackBANK0  0037
reset_vec                          reset_vec    0000
stackhi                            (abs)        0000
stacklo                            (abs)        0000
start                              init         0000
start_initialization               cinit        07DE
wtemp0                             (abs)        007E


FUNCTION INFORMATION:

 *************** function _main *****************
 Defined at:
		line 12 in file "main.c"
 Parameters:    Size  Location     Type
		None
 Auto vars:     Size  Location     Type
  i               2   23[BANK0 ] int 
  ReadBuffer      5   16[BANK0 ] unsigned char [5]
  Buffer          5   11[BANK0 ] unsigned char [5]
  Address         2   21[BANK0 ] unsigned int 
 Return value:  Size  Location     Type
                  1    wreg      void 
 Registers used:
		wreg, fsr0l, fsr0h, status,2, status,0, btemp+1, pclath, cstack
 Tracked objects:
		On entry : 
		On exit  : 
		Unchanged: 
 Data sizes:     COMMON   BANK0   BANK1   BANK3   BANK2
      Params:         0       0       0       0       0
      Locals:         0      14       0       0       0
      Temps:          0       3       0       0       0
      Totals:         0      17       0       0       0
Total ram usage:       17 bytes
 Hardware stack levels required when called:    3
 This function calls:
		_EEPROM_Read_Page
		_EEPROM_Write_Page
		_I2C_Master_Init
 This function is called by:
		Startup code after reset
 This function uses a non-reentrant model


 *************** function _I2C_Master_Init *****************
 Defined at:
		line 9 in file "I2C_EEPROM.c"
 Parameters:    Size  Location     Type
  baud            4    0[BANK0 ] const unsigned long 
 Auto vars:     Size  Location     Type
		None
 Return value:  Size  Location     Type
                  1    wreg      void 
 Registers used:
		wreg, status,2, status,0, pclath, cstack
 Tracked objects:
		On entry : 
		On exit  : 
		Unchanged: 
 Data sizes:     COMMON   BANK0   BANK1   BANK3   BANK2
      Params:         0       4       0       0       0
      Locals:         0       0       0       0       0
      Temps:          0       4       0       0       0
      Totals:         0       8       0       0       0
Total ram usage:        8 bytes
 Hardware stack levels used:    1
 Hardware stack levels required when called:    1
 This function calls:
		___lldiv
 This function is called by:
		_main
 This function uses a non-reentrant model


 *************** function ___lldiv *****************
 Defined at:
		line 5 in file "C:\Program Files (x86)\Microchip\xc8\v2.00\pic\sources\c90\common\__lldiv.c"
 Parameters:    Size  Location     Type
  divisor         4    0[COMMON] unsigned long 
  dividend        4    4[COMMON] unsigned long 
 Auto vars:     Size  Location     Type
  quotient        4    9[COMMON] unsigned long 
  counter         1   13[COMMON] unsigned char 
 Return value:  Size  Location     Type
                  4    0[COMMON] unsigned long 
 Registers used:
		wreg, status,2, status,0
 Tracked objects:
		On entry : 
		On exit  : 
		Unchanged: 
 Data sizes:     COMMON   BANK0   BANK1   BANK3   BANK2
      Params:         8       0       0       0       0
      Locals:         5       0       0       0       0
      Temps:          1       0       0       0       0
      Totals:        14       0       0       0       0
Total ram usage:       14 bytes
 Hardware stack levels used:    1
 This function calls:
		Nothing
 This function is called by:
		_I2C_Master_Init
 This function uses a non-reentrant model


 *************** function _EEPROM_Write_Page *****************
 Defined at:
		line 87 in file "I2C_EEPROM.c"
 Parameters:    Size  Location     Type
  add             2    1[COMMON] unsigned int 
  data            1    3[COMMON] PTR unsigned char 
		 -> main@Buffer(5), 
  len             1    4[COMMON] unsigned char 
 Auto vars:     Size  Location     Type
  i               2    7[COMMON] unsigned int 
 Return value:  Size  Location     Type
                  1    wreg      void 
 Registers used:
		wreg, fsr0l, fsr0h, status,2, status,0, pclath, cstack
 Tracked objects:
		On entry : 
		On exit  : 
		Unchanged: 
 Data sizes:     COMMON   BANK0   BANK1   BANK3   BANK2
      Params:         4       0       0       0       0
      Locals:         2       0       0       0       0
      Temps:          2       0       0       0       0
      Totals:         8       0       0       0       0
Total ram usage:        8 bytes
 Hardware stack levels used:    1
 Hardware stack levels required when called:    2
 This function calls:
		_I2C_Master_RepeatedStart
		_I2C_Master_Start
		_I2C_Master_Stop
		_I2C_Master_Write
 This function is called by:
		_main
 This function uses a non-reentrant model


 *************** function _EEPROM_Read_Page *****************
 Defined at:
		line 125 in file "I2C_EEPROM.c"
 Parameters:    Size  Location     Type
  add             2    1[COMMON] unsigned int 
  data            1    3[COMMON] PTR unsigned char 
		 -> main@ReadBuffer(5), 
  len             2    4[COMMON] unsigned int 
 Auto vars:     Size  Location     Type
  i               2    8[COMMON] unsigned int 
 Return value:  Size  Location     Type
                  1    wreg      void 
 Registers used:
		wreg, fsr0l, fsr0h, status,2, status,0, pclath, cstack
 Tracked objects:
		On entry : 
		On exit  : 
		Unchanged: 
 Data sizes:     COMMON   BANK0   BANK1   BANK3   BANK2
      Params:         5       0       0       0       0
      Locals:         2       0       0       0       0
      Temps:          2       0       0       0       0
      Totals:         9       0       0       0       0
Total ram usage:        9 bytes
 Hardware stack levels used:    1
 Hardware stack levels required when called:    2
 This function calls:
		_I2C_ACK
		_I2C_Master_RepeatedStart
		_I2C_Master_Start
		_I2C_Master_Stop
		_I2C_Master_Write
		_I2C_Read_Byte
 This function is called by:
		_main
 This function uses a non-reentrant model


 *************** function _I2C_Read_Byte *****************
 Defined at:
		line 45 in file "I2C_EEPROM.c"
 Parameters:    Size  Location     Type
		None
 Auto vars:     Size  Location     Type
		None
 Return value:  Size  Location     Type
                  1    wreg      unsigned char 
 Registers used:
		wreg, status,2, status,0, pclath, cstack
 Tracked objects:
		On entry : 
		On exit  : 
		Unchanged: 
 Data sizes:     COMMON   BANK0   BANK1   BANK3   BANK2
      Params:         0       0       0       0       0
      Locals:         0       0       0       0       0
      Temps:          0       0       0       0       0
      Totals:         0       0       0       0       0
Total ram usage:        0 bytes
 Hardware stack levels used:    1
 Hardware stack levels required when called:    1
 This function calls:
		_I2C_Master_Wait
 This function is called by:
		_EEPROM_Read_Page
		_EEPROM_Read
 This function uses a non-reentrant model


 *************** function _I2C_Master_Write *****************
 Defined at:
		line 37 in file "I2C_EEPROM.c"
 Parameters:    Size  Location     Type
  data            1    wreg     unsigned char 
 Auto vars:     Size  Location     Type
  data            1    0[COMMON] unsigned char 
 Return value:  Size  Location     Type
                  1    wreg      unsigned char 
 Registers used:
		wreg, status,2, status,0, pclath, cstack
 Tracked objects:
		On entry : 
		On exit  : 
		Unchanged: 
 Data sizes:     COMMON   BANK0   BANK1   BANK3   BANK2
      Params:         0       0       0       0       0
      Locals:         1       0       0       0       0
      Temps:          0       0       0       0       0
      Totals:         1       0       0       0       0
Total ram usage:        1 bytes
 Hardware stack levels used:    1
 Hardware stack levels required when called:    1
 This function calls:
		_I2C_Master_Wait
 This function is called by:
		_EEPROM_Write_Page
		_EEPROM_Read_Page
		_EEPROM_Write
		_EEPROM_Read
 This function uses a non-reentrant model


 *************** function _I2C_Master_Stop *****************
 Defined at:
		line 32 in file "I2C_EEPROM.c"
 Parameters:    Size  Location     Type
		None
 Auto vars:     Size  Location     Type
		None
 Return value:  Size  Location     Type
                  1    wreg      void 
 Registers used:
		wreg, status,2, status,0, pclath, cstack
 Tracked objects:
		On entry : 
		On exit  : 
		Unchanged: 
 Data sizes:     COMMON   BANK0   BANK1   BANK3   BANK2
      Params:         0       0       0       0       0
      Locals:         0       0       0       0       0
      Temps:          0       0       0       0       0
      Totals:         0       0       0       0       0
Total ram usage:        0 bytes
 Hardware stack levels used:    1
 Hardware stack levels required when called:    1
 This function calls:
		_I2C_Master_Wait
 This function is called by:
		_EEPROM_Write_Page
		_EEPROM_Read_Page
		_EEPROM_Write
		_EEPROM_Read
 This function uses a non-reentrant model


 *************** function _I2C_Master_Start *****************
 Defined at:
		line 22 in file "I2C_EEPROM.c"
 Parameters:    Size  Location     Type
		None
 Auto vars:     Size  Location     Type
		None
 Return value:  Size  Location     Type
                  1    wreg      void 
 Registers used:
		wreg, status,2, status,0, pclath, cstack
 Tracked objects:
		On entry : 
		On exit  : 
		Unchanged: 
 Data sizes:     COMMON   BANK0   BANK1   BANK3   BANK2
      Params:         0       0       0       0       0
      Locals:         0       0       0       0       0
      Temps:          0       0       0       0       0
      Totals:         0       0       0       0       0
Total ram usage:        0 bytes
 Hardware stack levels used:    1
 Hardware stack levels required when called:    1
 This function calls:
		_I2C_Master_Wait
 This function is called by:
		_EEPROM_Write_Page
		_EEPROM_Read_Page
		_EEPROM_Write
		_EEPROM_Read
 This function uses a non-reentrant model


 *************** function _I2C_Master_RepeatedStart *****************
 Defined at:
		line 27 in file "I2C_EEPROM.c"
 Parameters:    Size  Location     Type
		None
 Auto vars:     Size  Location     Type
		None
 Return value:  Size  Location     Type
                  1    wreg      void 
 Registers used:
		wreg, status,2, status,0, pclath, cstack
 Tracked objects:
		On entry : 
		On exit  : 
		Unchanged: 
 Data sizes:     COMMON   BANK0   BANK1   BANK3   BANK2
      Params:         0       0       0       0       0
      Locals:         0       0       0       0       0
      Temps:          0       0       0       0       0
      Totals:         0       0       0       0       0
Total ram usage:        0 bytes
 Hardware stack levels used:    1
 Hardware stack levels required when called:    1
 This function calls:
		_I2C_Master_Wait
 This function is called by:
		_EEPROM_Write_Page
		_EEPROM_Read_Page
		_EEPROM_Write
		_EEPROM_Read
 This function uses a non-reentrant model


 *************** function _I2C_ACK *****************
 Defined at:
		line 55 in file "I2C_EEPROM.c"
 Parameters:    Size  Location     Type
		None
 Auto vars:     Size  Location     Type
		None
 Return value:  Size  Location     Type
                  1    wreg      void 
 Registers used:
		wreg, status,2, status,0, pclath, cstack
 Tracked objects:
		On entry : 
		On exit  : 
		Unchanged: 
 Data sizes:     COMMON   BANK0   BANK1   BANK3   BANK2
      Params:         0       0       0       0       0
      Locals:         0       0       0       0       0
      Temps:          0       0       0       0       0
      Totals:         0       0       0       0       0
Total ram usage:        0 bytes
 Hardware stack levels used:    1
 Hardware stack levels required when called:    1
 This function calls:
		_I2C_Master_Wait
 This function is called by:
		_EEPROM_Read_Page
 This function uses a non-reentrant model


 *************** function _I2C_Master_Wait *****************
 Defined at:
		line 18 in file "I2C_EEPROM.c"
 Parameters:    Size  Location     Type
		None
 Auto vars:     Size  Location     Type
		None
 Return value:  Size  Location     Type
                  1    wreg      void 
 Registers used:
		wreg, status,2
 Tracked objects:
		On entry : 
		On exit  : 
		Unchanged: 
 Data sizes:     COMMON   BANK0   BANK1   BANK3   BANK2
      Params:         0       0       0       0       0
      Locals:         0       0       0       0       0
      Temps:          0       0       0       0       0
      Totals:         0       0       0       0       0
Total ram usage:        0 bytes
 Hardware stack levels used:    1
 This function calls:
		Nothing
 This function is called by:
		_I2C_Master_Start
		_I2C_Master_RepeatedStart
		_I2C_Master_Stop
		_I2C_Master_Write
		_I2C_Read_Byte
		_I2C_ACK
		_I2C_NACK
 This function uses a non-reentrant model



MODULE INFORMATION

Module		Function		Class		Link	Load	Size
C:\Program Files (x86)\Microchip\xc8\v2.00\pic\sources\c90\common\__lldiv.c
		___lldiv       		CODE           	06D6	0000	110

C:\Program Files (x86)\Microchip\xc8\v2.00\pic\sources\c90\common\__lldiv.c estimated size: 110

shared
		__initialization		CODE           	07DE	0000	31

shared estimated size: 31

I2C_EEPROM.c
		_EEPROM_Read_Page		CODE           	067A	0000	93
		_I2C_Master_Wait		CODE           	05B6	0000	16
		_I2C_Master_Init		CODE           	05F5	0000	57
		_I2C_Master_Stop		CODE           	05A1	0000	10
		_EEPROM_Write_Page		CODE           	062D	0000	78
		_I2C_Master_RepeatedStart		CODE           	058F	0000	10
		_I2C_Read_Byte 		CODE           	05DC	0000	26
		_I2C_ACK       		CODE           	05AA	0000	13
		_I2C_Master_Write		CODE           	05C5	0000	24
		_I2C_Master_Start		CODE           	0598	0000	10

I2C_EEPROM.c estimated size: 337

main.c
		_main          		CODE           	0743	0000	156

main.c estimated size: 156

