Microchip MPLAB XC8 Compiler V3.00

Linker command line:

-W-3 \
  --edf=C:\Program Files\Microchip\xc8\v3.00\pic\dat\20241204225717_en.msgs \
  -cn -h+dist/default/production\I2C_EEPROM.X.production.sym \
  --cmf=dist/default/production\I2C_EEPROM.X.production.cmf -z -Q16F877A \
  -oC:\Users\Lenovo\AppData\Local\Temp\xcAs964.\driver_tmp_3.o \
  --defsym=__MPLAB_BUILD=1 --fixupoverflow=error \
  -Mdist/default/production/I2C_EEPROM.X.production.map \
  --md=C:\Users\Lenovo\AppData\Local\Temp\xcAs964.\driver_tmp_0.dat -E1 \
  -ver=XC8 Compiler -ACODE=00h-07FFhx4 -ASTRCODE=00h-01FFFh \
  -ASTRING=00h-0FFhx32 -ACONST=00h-0FFhx32 -AENTRY=00h-0FFhx32 \
  -ACOMMON=070h-07Fh -ABANK0=020h-06Fh -ABANK1=0A0h-0EFh \
  -ABANK2=0110h-016Fh -ABANK3=0190h-01EFh \
  -ARAM=020h-06Fh,0A0h-0EFh,0110h-016Fh,0190h-01EFh \
  -AABS1=020h-07Fh,0A0h-0EFh,0110h-016Fh,0190h-01EFh -ASFR0=00h-01Fh \
  -ASFR1=080h-09Fh -ASFR2=0100h-010Fh -ASFR3=0180h-018Fh \
  -ACONFIG=02007h-02007h -DCONFIG=2 -AIDLOC=02000h-02003h -DIDLOC=2 \
  -AEEDATA=00h-0FFh/02100h -peeprom_data=EEDATA -DEEDATA=2 -DCODE=2 \
  -DSTRCODE=2 -DSTRING=2 -DCONST=2 -DENTRY=2 \
  -preset_vec=00h,intentry,sivt,init,end_init -ppowerup=CODE -pcinit=CODE \
  -pfunctab=ENTRY -k \
  C:\Users\Lenovo\AppData\Local\Temp\xcAs964.\driver_tmp_12.o \
  dist/default/production\I2C_EEPROM.X.production.o 

Object code version is 3.11

Machine type is 16F877A



                Name                               Link     Load   Length Selector   Space Scale
C:\Users\Lenovo\AppData\Local\Temp\xcAs964.\driver_tmp_12.o
                end_init                              0        0        3        0       0
                config                             2007     2007        1        0       4
                idloc                              2000     2000        4        0       5
dist/default/production\I2C_EEPROM.X.production.o
                cinit                               7FC      7FC        4      FF8       0
                config                             2007     2007        1        0       4
                idloc                              2000     2000        4        0       5
                text11                              605      605        D      C0A       0
                text10                              5DE      5DE        9      BBC       0
                text9                               5E7      5E7        9      BCE       0
                text8                               5F0      5F0        9      BE0       0
                text7                               612      612       15      C24       0
                text6                               5F9      5F9        C      BF2       0
                text5                               627      627       17      C4E       0
                text4                               6A4      6A4       3F      D48       0
                text3                               63E      63E       2E      C7C       0
                text2                               6E3      6E3       64      DC6       0
                text1                               66C      66C       38      CD8       0
                maintext                            747      747       B5      E8E       0
                cstackBANK0                          20       20        E       20       1
                cstackCOMMON                         70       70        E       70       1

TOTAL           Name                               Link     Load   Length     Space
        CLASS   CODE           
                end_init                              0        0        3         0
                cinit                               7FC      7FC        4         0
                text11                              605      605        D         0
                text10                              5DE      5DE        9         0
                text9                               5E7      5E7        9         0
                text8                               5F0      5F0        9         0
                text7                               612      612       15         0
                text6                               5F9      5F9        C         0
                text5                               627      627       17         0
                text4                               6A4      6A4       3F         0
                text3                               63E      63E       2E         0
                text2                               6E3      6E3       64         0
                text1                               66C      66C       38         0
                maintext                            747      747       B5         0

        CLASS   STRCODE        

        CLASS   STRING         

        CLASS   CONST          

        CLASS   ENTRY          

        CLASS   COMMON         
                cstackCOMMON                         70       70        E         1

        CLASS   BANK0          
                cstackBANK0                          20       20        E         1

        CLASS   BANK1          

        CLASS   BANK2          

        CLASS   BANK3          

        CLASS   RAM            

        CLASS   ABS1           
                abs_s1                               7E       7E        2         1

        CLASS   SFR0           

        CLASS   SFR1           

        CLASS   SFR2           

        CLASS   SFR3           

        CLASS   CONFIG         
                config                             2007     2007        1         4

        CLASS   IDLOC          
                idloc                              2000     2000        4         5

        CLASS   EEDATA         

        CLASS   HEAP           

        CLASS   STACK          



SEGMENTS        Name                           Load    Length   Top    Selector   Space  Class     Delta

                reset_vec                      000000  000003  000003         0       0  CODE        2
                cstackBANK0                    000020  00000E  00002E        20       1  BANK0       1
                cstackCOMMON                   000070  00000E  00007E        70       1  COMMON      1
                text10                         0005DE  000009  0005E7       BBC       0  CODE        2
                text9                          0005E7  000009  0005F0       BCE       0  CODE        2
                text8                          0005F0  000009  0005F9       BE0       0  CODE        2
                text6                          0005F9  00000C  000605       BF2       0  CODE        2
                text11                         000605  00000D  000612       C0A       0  CODE        2
                text7                          000612  000015  000627       C24       0  CODE        2
                text5                          000627  000017  00063E       C4E       0  CODE        2
                text3                          00063E  00002E  00066C       C7C       0  CODE        2
                text1                          00066C  000038  0006A4       CD8       0  CODE        2
                text4                          0006A4  00003F  0006E3       D48       0  CODE        2
                text2                          0006E3  000064  000747       DC6       0  CODE        2
                maintext                       000747  0000B5  0007FC       E8E       0  CODE        2
                cinit                          0007FC  000004  000800       FF8       0  CODE        2


UNUSED ADDRESS RANGES

        Name                Unused          Largest block    Delta
        BANK0            002E-006F             42           1
        BANK1            00A0-00EF             50           1
        BANK2            0110-016F             60           1
        BANK3            0190-01EF             60           1
        CODE             0003-05DD            5DB           2
                         0800-1FFF            800
        CONST            0003-05DD            100           2
                         0800-1FFF            100
        EEDATA           2100-21FF            100           2
        ENTRY            0003-05DD            100           2
                         0800-1FFF            100
        RAM              002E-006F             42           1
                         00A0-00EF             50
                         0110-016F             60
                         0190-01EF             60
        SFR0             0000-001F             20           1
        SFR1             0080-009F             20           1
        SFR2             0100-010F             10           1
        SFR3             0180-018F             10           1
        STRCODE          0003-05DD            5DB           2
                         0800-1FFF           1800
        STRING           0003-05DD            100           2
                         0800-1FFF            100

                                  Symbol Table

?___lldiv                         cstackCOMMON 0070
EEPROM_Read@Data                  cstackCOMMON 0073
EEPROM_Read@add                   cstackCOMMON 0071
EEPROM_Write@add                  cstackCOMMON 0071
EEPROM_Write@data                 cstackCOMMON 0073
I2C_Master_Init@baud              cstackBANK0  0020
I2C_Master_Write@data             cstackCOMMON 0070
_ACKDT                            (abs)        048D
_ACKEN                            (abs)        048C
_ACKSTAT                          (abs)        048E
_EEPROM_Read                      text4        06A4
_EEPROM_Write                     text3        063E
_I2C_Master_Init                  text1        066C
_I2C_Master_RepeatedStart         text10       05DE
_I2C_Master_Start                 text9        05E7
_I2C_Master_Stop                  text8        05F0
_I2C_Master_Wait                  text11       0605
_I2C_Master_Write                 text7        0612
_I2C_NACK                         text6        05F9
_I2C_Read_Byte                    text5        0627
_PEN                              (abs)        048A
_PORTD                            (abs)        0008
_RCEN                             (abs)        048B
_RSEN                             (abs)        0489
_SEN                              (abs)        0488
_SSPADD                           (abs)        0093
_SSPBUF                           (abs)        0013
_SSPCON                           (abs)        0014
_SSPCON2                          (abs)        0091
_SSPIF                            (abs)        0063
_SSPSTAT                          (abs)        0094
_TRISC3                           (abs)        043B
_TRISC4                           (abs)        043C
_TRISD                            (abs)        0088
__H__absolute__                   __absolute__ 0000
__Habs1                           abs1         0000
__Hbank0                          bank0        0000
__Hbank1                          bank1        0000
__Hbank2                          bank2        0000
__Hbank3                          bank3        0000
__Hcinit                          cinit        0800
__Hclrtext                        clrtext      0000
__Hcode                           code         0000
__Hcommon                         common       0000
__Hconfig                         config       2008
__HcstackBANK0                    cstackBANK0  0000
__HcstackCOMMON                   cstackCOMMON 0000
__Heeprom_data                    eeprom_data  0000
__Hend_init                       end_init     0003
__Hfunctab                        functab      0000
__Hheap                           heap         0000
__Hidloc                          idloc        2004
__Hinit                           init         0000
__Hintentry                       intentry     0000
__Hmaintext                       maintext     0000
__Hpowerup                        powerup      0000
__Hram                            ram          0000
__Hreset_vec                      reset_vec    0000
__Hsfr0                           sfr0         0000
__Hsfr1                           sfr1         0000
__Hsfr2                           sfr2         0000
__Hsfr3                           sfr3         0000
__Hsivt                           sivt         0000
__Hspace_0                        (abs)        0800
__Hspace_1                        (abs)        007E
__Hspace_2                        (abs)        0000
__Hspace_3                        (abs)        0000
__Hspace_4                        (abs)        400F
__Hstack                          stack        0000
__Hstrings                        strings      0000
__Htext                           text         0000
__L__absolute__                   __absolute__ 0000
__Labs1                           abs1         0000
__Lbank0                          bank0        0000
__Lbank1                          bank1        0000
__Lbank2                          bank2        0000
__Lbank3                          bank3        0000
__Lcinit                          cinit        07FC
__Lclrtext                        clrtext      0000
__Lcode                           code         0000
__Lcommon                         common       0000
__Lconfig                         config       0000
__LcstackBANK0                    cstackBANK0  0000
__LcstackCOMMON                   cstackCOMMON 0000
__Leeprom_data                    eeprom_data  0000
__Lend_init                       end_init     0000
__Lfunctab                        functab      0000
__Lheap                           heap         0000
__Lidloc                          idloc        0000
__Linit                           init         0000
__Lintentry                       intentry     0000
__Lmaintext                       maintext     0000
__Lpowerup                        powerup      0000
__Lram                            ram          0000
__Lreset_vec                      reset_vec    0000
__Lsfr0                           sfr0         0000
__Lsfr1                           sfr1         0000
__Lsfr2                           sfr2         0000
__Lsfr3                           sfr3         0000
__Lsivt                           sivt         0000
__Lspace_0                        (abs)        0000
__Lspace_1                        (abs)        0000
__Lspace_2                        (abs)        0000
__Lspace_3                        (abs)        0000
__Lspace_4                        (abs)        0000
__Lstack                          stack        0000
__Lstrings                        strings      0000
__Ltext                           text         0000
__S0                              (abs)        0800
__S1                              (abs)        007E
__S3                              (abs)        0000
___heap_hi                        (abs)        0000
___heap_lo                        (abs)        0000
___int_sp                         stack        0000
___int_stack_hi                   stack        0000
___int_stack_lo                   stack        0000
___latbits                        (abs)        0002
___lldiv                          text2        06E3
___lldiv@counter                  cstackCOMMON 007D
___lldiv@dividend                 cstackCOMMON 0074
___lldiv@divisor                  cstackCOMMON 0070
___lldiv@quotient                 cstackCOMMON 0079
___sp                             stack        0000
___stack_hi                       stack        0000
___stack_lo                       stack        0000
___stackhi                        (abs)        0000
___stacklo                        (abs)        0000
__end_of_EEPROM_Read              text4        06E3
__end_of_EEPROM_Write             text3        066C
__end_of_I2C_Master_Init          text1        06A4
__end_of_I2C_Master_RepeatedStart text10       05E7
__end_of_I2C_Master_Start         text9        05F0
__end_of_I2C_Master_Stop          text8        05F9
__end_of_I2C_Master_Wait          text11       0612
__end_of_I2C_Master_Write         text7        0627
__end_of_I2C_NACK                 text6        0605
__end_of_I2C_Read_Byte            text5        063E
__end_of___lldiv                  text2        0747
__end_of__initialization          cinit        07FC
__end_of_main                     maintext     07FC
__initialization                  cinit        07FC
__pcstackBANK0                    cstackBANK0  0020
__pcstackCOMMON                   cstackCOMMON 0070
__pmaintext                       maintext     0747
__ptext1                          text1        066C
__ptext10                         text10       05DE
__ptext11                         text11       0605
__ptext2                          text2        06E3
__ptext3                          text3        063E
__ptext4                          text4        06A4
__ptext5                          text5        0627
__ptext6                          text6        05F9
__ptext7                          text7        0612
__ptext8                          text8        05F0
__ptext9                          text9        05E7
_main                             maintext     0747
btemp                             (abs)        007E
end_of_initialization             cinit        07FC
intlevel0                         functab      0000
intlevel1                         functab      0000
intlevel2                         functab      0000
intlevel3                         functab      0000
intlevel4                         functab      0000
intlevel5                         functab      0000
main@Address                      cstackBANK0  002C
main@Data                         cstackBANK0  002B
reset_vec                         reset_vec    0000
start                             init         0000
start_initialization              cinit        07FC
wtemp0                            (abs)        007E


MODULE INFORMATION

Module		Function		Class		Link	Load	Size
C:\Program Files\Microchip\xc8\v3.00\pic\sources\c99\common\__lldiv.c
		___lldiv       		CODE           	06E3	0000	100

C:\Program Files\Microchip\xc8\v3.00\pic\sources\c99\common\__lldiv.c estimated size: 100

shared
		__initialization		CODE           	07FC	0000	1

shared estimated size: 1

I2C_EEPROM.c
		_EEPROM_Read   		CODE           	06A4	0000	63
		_I2C_Master_Wait		CODE           	0605	0000	13
		_EEPROM_Write  		CODE           	063E	0000	46
		_I2C_Master_Init		CODE           	066C	0000	56
		_I2C_Master_Stop		CODE           	05F0	0000	9
		_I2C_Master_RepeatedStart		CODE           	05DE	0000	9
		_I2C_Read_Byte 		CODE           	0627	0000	23
		_I2C_Master_Write		CODE           	0612	0000	21
		_I2C_NACK      		CODE           	05F9	0000	12
		_I2C_Master_Start		CODE           	05E7	0000	9

I2C_EEPROM.c estimated size: 261

main.c
		_main          		CODE           	0747	0000	181

main.c estimated size: 181

