Microchip MPLAB XC8 Compiler V3.00

Linker command line:

-W-3 \
  --edf=D:\Program Files\Microchip\xc8\v3.00\pic\dat\20241204225717_en.msgs \
  -cn \
  -h+dist/default/production\Class_4_Task_2_pro_Bat_Status.X.production.sym \
  --cmf=dist/default/production\Class_4_Task_2_pro_Bat_Status.X.production.cmf \
  -z -Q16F877A -oC:\Users\sagar\AppData\Local\Temp\xcBsknc.1\driver_tmp_3.o \
  --defsym=__MPLAB_BUILD=1 --fixupoverflow=error \
  -Mdist/default/production/Class_4_Task_2_pro_Bat_Status.X.production.map \
  --md=C:\Users\sagar\AppData\Local\Temp\xcBsknc.1\driver_tmp_0.dat -E1 \
  -ver=XC8 Compiler -ACODE=00h-07FFhx4 -ASTRCODE=00h-01FFFh \
  -ASTRING=00h-0FFhx32 -ACONST=00h-0FFhx32 -AENTRY=00h-0FFhx32 \
  -ACOMMON=070h-07Fh -ABANK0=020h-06Fh -ABANK1=0A0h-0EFh \
  -ABANK2=0110h-016Fh -ABANK3=0190h-01EFh \
  -ARAM=020h-06Fh,0A0h-0EFh,0110h-016Fh,0190h-01EFh \
  -AABS1=020h-07Fh,0A0h-0EFh,0110h-016Fh,0190h-01EFh -ASFR0=00h-01Fh \
  -ASFR1=080h-09Fh -ASFR2=0100h-010Fh -ASFR3=0180h-018Fh \
  -ACONFIG=02007h-02007h -DCONFIG=2 -AIDLOC=02000h-02003h -DIDLOC=2 \
  -AEEDATA=00h-0FFh/02100h -peeprom_data=EEDATA -DEEDATA=2 -DCODE=2 \
  -DSTRCODE=2 -DSTRING=2 -DCONST=2 -DENTRY=2 \
  -preset_vec=00h,intentry,sivt,init,end_init -ppowerup=CODE -pcinit=CODE \
  -pfunctab=ENTRY -k \
  C:\Users\sagar\AppData\Local\Temp\xcBsknc.1\driver_tmp_17.o \
  dist/default/production\Class_4_Task_2_pro_Bat_Status.X.production.o 

Object code version is 3.11

Machine type is 16F877A



                Name                               Link     Load   Length Selector   Space Scale
C:\Users\sagar\AppData\Local\Temp\xcBsknc.1\driver_tmp_17.o
                end_init                              0        0        3        0       0
                config                             2007     2007        1        0       4
dist/default/production\Class_4_Task_2_pro_Bat_Status.X.production.o
                cinit                               7C3      7C3       3D      F86       0
                text8_split_1                        B0       B0      713      160       0
                config                             2007     2007        1        0       4
                text28                              800      800       1A      F86       0
                text27                             1B18     1B18       19     3630       0
                text26                             12EE     12EE      1D0     25DC       0
                text25                             1CC9     1CC9       4E     3992       0
                text24                                C        C       A4       18       0
                text23                             1BD0     1BD0       27     37A0       0
                text22                             14BE     14BE      342     297C       0
                text21                             1AE5     1AE5        B     35CA       0
                text20                              81A      81A      25C     1034       0
                text19                             1B87     1B87       24     370E       0
                text18                             1D6A     1D6A       74     3AD4       0
                text17                             1DDE     1DDE       7F     3BBC       0
                text16                             10CC     10CC      10F     2198       0
                text15                             1B03     1B03       15     3606       0
                text14                             1B66     1B66       21     36CC       0
                text13                                3        3        1        0       0
                text12                             1E5D     1E5D       9A     3CBA       0
                text11                             1C20     1C20       2B     3840       0
                text10                             1C4B     1C4B       3E     3896       0
                text9                              1B31     1B31       19     3662       0
                text8                              11DB     11DB      113     23B6       0
                text7                              1BAB     1BAB       25     3756       0
                text6                              1D17     1D17       53     3A2E       0
                text5                              1EF7     1EF7      109     3DEE       0
                text4                              1BF7     1BF7       29     37EE       0
                text3                              1004     1004       2D     2008       0
                text2                               A76      A76      58A     14EC       0
                text1                              1031     1031       9B     2062       0
                maintext                           1B4A     1B4A       1C     3694       0
                cstackBANK0                          20       20       42       20       1
                cstackCOMMON                         70       70        E       70       1
                cstackBANK1                          A0       A0       3D       A0       1
                cstackBANK3                         1D0      1D0       1A      190       1
                clrtext                               4        4        8        8       0
                inittext                           1AF0     1AF0       13     35E0       0
                bssBANK2                            110      110       50      110       1
                dataBANK3                           190      190       40      190       1
                bssBANK3                            1EA      1EA        1      190       1
                dataBANK1                            EB       EB        4       A0       1
                bssBANK1                             DD       DD        E       A0       1
                bssBANK0                             62       62        C       20       1
                strings                            1800     1800       13     3000       0
                idataBANK3                         1C89     1C89       40     3912       0
                idataBANK1                         1000     1000        4     14EC       0

TOTAL           Name                               Link     Load   Length     Space
        CLASS   CODE           
                end_init                              0        0        3         0
                cinit                               7C3      7C3       3D         0
                text8_split_1                        B0       B0      713         0
                text28                              800      800       1A         0
                text27                             1B18     1B18       19         0
                text26                             12EE     12EE      1D0         0
                text25                             1CC9     1CC9       4E         0
                text24                                C        C       A4         0
                text23                             1BD0     1BD0       27         0
                text22                             14BE     14BE      342         0
                text21                             1AE5     1AE5        B         0
                text20                              81A      81A      25C         0
                text19                             1B87     1B87       24         0
                text18                             1D6A     1D6A       74         0
                text17                             1DDE     1DDE       7F         0
                text16                             10CC     10CC      10F         0
                text15                             1B03     1B03       15         0
                text14                             1B66     1B66       21         0
                text13                                3        3        1         0
                text12                             1E5D     1E5D       9A         0
                text11                             1C20     1C20       2B         0
                text10                             1C4B     1C4B       3E         0
                text9                              1B31     1B31       19         0
                text8                              11DB     11DB      113         0
                text7                              1BAB     1BAB       25         0
                text6                              1D17     1D17       53         0
                text5                              1EF7     1EF7      109         0
                text4                              1BF7     1BF7       29         0
                text3                              1004     1004       2D         0
                text2                               A76      A76      58A         0
                text1                              1031     1031       9B         0
                maintext                           1B4A     1B4A       1C         0
                clrtext                               4        4        8         0
                inittext                           1AF0     1AF0       13         0
                idataBANK3                         1C89     1C89       40         0
                idataBANK1                         1000     1000        4         0

        CLASS   STRCODE        

        CLASS   STRING         
                strings                            1800     1800       13         0

        CLASS   CONST          

        CLASS   ENTRY          

        CLASS   COMMON         
                cstackCOMMON                         70       70        E         1

        CLASS   BANK0          
                cstackBANK0                          20       20       42         1
                bssBANK0                             62       62        C         1

        CLASS   BANK1          
                cstackBANK1                          A0       A0       3D         1
                dataBANK1                            EB       EB        4         1
                bssBANK1                             DD       DD        E         1

        CLASS   BANK2          
                bssBANK2                            110      110       50         1

        CLASS   BANK3          
                cstackBANK3                         1D0      1D0       1A         1
                dataBANK3                           190      190       40         1
                bssBANK3                            1EA      1EA        1         1

        CLASS   RAM            

        CLASS   ABS1           
                abs_s1                               7E       7E        2         1

        CLASS   SFR0           

        CLASS   SFR1           

        CLASS   SFR2           

        CLASS   SFR3           

        CLASS   CONFIG         
                config                             2007     2007        1         4

        CLASS   IDLOC          

        CLASS   EEDATA         

        CLASS   HEAP           

        CLASS   STACK          



SEGMENTS        Name                           Load    Length   Top    Selector   Space  Class     Delta

                reset_vec                      000000  000004  000004         0       0  CODE        2
                clrtext                        000004  000008  00000C         8       0  CODE        2
                text24                         00000C  0000A4  0000B0        18       0  CODE        2
                cstackBANK0                    000020  00004E  00006E        20       1  BANK0       1
                cstackCOMMON                   000070  00000E  00007E        70       1  COMMON      1
                cstackBANK1                    0000A0  00004F  0000EF        A0       1  BANK1       1
                bssBANK2                       000110  000050  000160       110       1  BANK2       1
                text8_split_1                  0000B0  000713  0007C3       160       0  CODE        2
                dataBANK3                      000190  00005B  0001EB       190       1  BANK3       1
                cinit                          0007C3  000057  00081A       F86       0  CODE        2
                text20                         00081A  00025C  000A76      1034       0  CODE        2
                text2                          000A76  00058E  001004      14EC       0  CODE        2
                text3                          001004  00002D  001031      2008       0  CODE        2
                text1                          001031  00009B  0010CC      2062       0  CODE        2
                text16                         0010CC  00010F  0011DB      2198       0  CODE        2
                text8                          0011DB  000113  0012EE      23B6       0  CODE        2
                text26                         0012EE  0001D0  0014BE      25DC       0  CODE        2
                text22                         0014BE  000342  001800      297C       0  CODE        2
                strings                        001800  000013  001813      3000       0  STRING      2
                text21                         001AE5  00000B  001AF0      35CA       0  CODE        2
                inittext                       001AF0  000013  001B03      35E0       0  CODE        2
                text15                         001B03  000015  001B18      3606       0  CODE        2
                text27                         001B18  000019  001B31      3630       0  CODE        2
                text9                          001B31  000019  001B4A      3662       0  CODE        2
                maintext                       001B4A  00001C  001B66      3694       0  CODE        2
                text14                         001B66  000021  001B87      36CC       0  CODE        2
                text19                         001B87  000024  001BAB      370E       0  CODE        2
                text7                          001BAB  000025  001BD0      3756       0  CODE        2
                text23                         001BD0  000027  001BF7      37A0       0  CODE        2
                text4                          001BF7  000029  001C20      37EE       0  CODE        2
                text11                         001C20  00002B  001C4B      3840       0  CODE        2
                text10                         001C4B  00003E  001C89      3896       0  CODE        2
                idataBANK3                     001C89  000040  001CC9      3912       0  CODE        2
                text25                         001CC9  00004E  001D17      3992       0  CODE        2
                text6                          001D17  000053  001D6A      3A2E       0  CODE        2
                text18                         001D6A  000074  001DDE      3AD4       0  CODE        2
                text17                         001DDE  00007F  001E5D      3BBC       0  CODE        2
                text12                         001E5D  00009A  001EF7      3CBA       0  CODE        2
                text5                          001EF7  000109  002000      3DEE       0  CODE        2


UNUSED ADDRESS RANGES

        Name                Unused          Largest block    Delta
        BANK0            00006E-00006F                2           1
        BANK1            0000EF-0000EF                1           1
        BANK2            000160-00016F               10           1
        BANK3            0001EB-0001EF                5           1
        CODE             001813-001AE4              2D2           2
        CONST            001813-001AE4              100           2
        EEDATA           002100-0021FF              100           2
        ENTRY            001813-001AE4              100           2
        IDLOC            002000-002003                4           2
        RAM              00006E-00006F                2           1
                         0000EF-0000EF                1
                         000160-00016F               10
                         0001EB-0001EF                5
        SFR0             000000-00001F               20           1
        SFR1             000080-00009F               20           1
        SFR2             000100-00010F               10           1
        SFR3             000180-00018F               10           1
        STRCODE          001813-001AE4              2D2           2
        STRING           001813-001AE4              100           2

                                  Symbol Table

?__Umul8_16                 cstackCOMMON 000070
?___fladd                   cstackCOMMON 000070
?___fldiv                   cstackCOMMON 000070
?___flmul                   cstackBANK0  000020
?___flneg                   cstackCOMMON 000070
?___flsub                   cstackBANK0  000035
?___fltol                   cstackCOMMON 000070
?___fpclassifyf             cstackCOMMON 000070
?___wmul                    cstackCOMMON 000070
?_floorf                    cstackBANK0  00002D
?_labs                      cstackCOMMON 000070
?_read_prec_or_width        cstackCOMMON 000076
?_sprintf                   cstackBANK1  0000D4
?_vfprintf                  cstackBANK1  0000D0
BatStatus@i                 cstackBANK3  0001D8
BatStatus@i_79              cstackBANK3  0001D0
BatStatus@i_80              cstackBANK3  0001DA
BatStatus@i_82              cstackBANK3  0001D2
BatStatus@i_83              cstackBANK3  0001DC
BatStatus@i_84              cstackBANK3  0001DE
BatStatus@i_85              cstackBANK3  0001E0
BatStatus@i_87              cstackBANK3  0001D4
BatStatus@i_88              cstackBANK3  0001E2
BatStatus@i_89              cstackBANK3  0001E4
BatStatus@i_90              cstackBANK3  0001E6
BatStatus@i_92              cstackBANK3  0001D6
BatStatus@i_93              cstackBANK3  0001E8
LcdCommand@i                cstackCOMMON 000073
LcdData@i                   cstackCOMMON 000073
_Array                      dataBANK3    0001BD
_BatHighArray               dataBANK3    000190
_BatLowArray                dataBANK3    0001AE
_BatMediumArray             dataBANK3    00019F
_BatStatus                  text2        000A76
_LcdCommand                 text28       000800
_LcdData                    text27       001B18
_Lcdinit                    text1        001031
_OPTION_REG                 (abs)        000081
_PORTB                      (abs)        000006
_PORTC                      (abs)        000007
_PORTD                      (abs)        000008
_TRISB                      (abs)        000086
_TRISC                      (abs)        000087
_TRISD                      (abs)        000088
__H__absolute__             __absolute__ 000000
__Habs1                     abs1         000000
__Hbank0                    bank0        000000
__Hbank1                    bank1        000000
__Hbank2                    bank2        000000
__Hbank3                    bank3        000000
__HbssBANK0                 bssBANK0     000000
__HbssBANK1                 bssBANK1     000000
__HbssBANK2                 bssBANK2     000000
__HbssBANK3                 bssBANK3     000000
__Hcinit                    cinit        000800
__Hclrtext                  clrtext      000000
__Hcode                     code         000000
__Hcommon                   common       000000
__Hconfig                   config       002008
__HcstackBANK0              cstackBANK0  000000
__HcstackBANK1              cstackBANK1  000000
__HcstackBANK3              cstackBANK3  000000
__HcstackCOMMON             cstackCOMMON 000000
__HdataBANK1                dataBANK1    000000
__HdataBANK3                dataBANK3    000000
__Heeprom_data              eeprom_data  000000
__Hend_init                 end_init     000003
__Hfunctab                  functab      000000
__Hheap                     heap         000000
__HidataBANK1               idataBANK1   000000
__HidataBANK3               idataBANK3   000000
__Hinit                     init         000000
__Hinittext                 inittext     000000
__Hintentry                 intentry     000000
__Hmaintext                 maintext     000000
__Hpowerup                  powerup      000000
__Hram                      ram          000000
__Hreset_vec                reset_vec    000000
__Hsfr0                     sfr0         000000
__Hsfr1                     sfr1         000000
__Hsfr2                     sfr2         000000
__Hsfr3                     sfr3         000000
__Hsivt                     sivt         000000
__Hspace_0                  (abs)        002000
__Hspace_1                  (abs)        0001EB
__Hspace_2                  (abs)        000000
__Hspace_3                  (abs)        000000
__Hspace_4                  (abs)        00400F
__Hstack                    stack        000000
__Hstrings                  strings      000000
__Htext                     text         000000
__L__absolute__             __absolute__ 000000
__Labs1                     abs1         000000
__Lbank0                    bank0        000000
__Lbank1                    bank1        000000
__Lbank2                    bank2        000000
__Lbank3                    bank3        000000
__LbssBANK0                 bssBANK0     000000
__LbssBANK1                 bssBANK1     000000
__LbssBANK2                 bssBANK2     000000
__LbssBANK3                 bssBANK3     000000
__Lcinit                    cinit        0007C3
__Lclrtext                  clrtext      000000
__Lcode                     code         000000
__Lcommon                   common       000000
__Lconfig                   config       000000
__LcstackBANK0              cstackBANK0  000000
__LcstackBANK1              cstackBANK1  000000
__LcstackBANK3              cstackBANK3  000000
__LcstackCOMMON             cstackCOMMON 000000
__LdataBANK1                dataBANK1    000000
__LdataBANK3                dataBANK3    000000
__Leeprom_data              eeprom_data  000000
__Lend_init                 end_init     000000
__Lfunctab                  functab      000000
__Lheap                     heap         000000
__LidataBANK1               idataBANK1   000000
__LidataBANK3               idataBANK3   000000
__Linit                     init         000000
__Linittext                 inittext     000000
__Lintentry                 intentry     000000
__Lmaintext                 maintext     000000
__Lpowerup                  powerup      000000
__Lram                      ram          000000
__Lreset_vec                reset_vec    000000
__Lsfr0                     sfr0         000000
__Lsfr1                     sfr1         000000
__Lsfr2                     sfr2         000000
__Lsfr3                     sfr3         000000
__Lsivt                     sivt         000000
__Lspace_0                  (abs)        000000
__Lspace_1                  (abs)        000000
__Lspace_2                  (abs)        000000
__Lspace_3                  (abs)        000000
__Lspace_4                  (abs)        000000
__Lstack                    stack        000000
__Lstrings                  strings      000000
__Ltext                     text         000000
__S0                        (abs)        002000
__S1                        (abs)        0001EB
__S3                        (abs)        000000
__Umul8_16                  text23       001BD0
__Umul8_16@multiplicand     cstackCOMMON 000070
__Umul8_16@multiplier       cstackCOMMON 000078
__Umul8_16@product          cstackCOMMON 000074
__Umul8_16@word_mpld        cstackCOMMON 000076
___fladd                    text20       00081A
___fladd@a                  cstackCOMMON 000074
___fladd@aexp               cstackCOMMON 000079
___fladd@b                  cstackCOMMON 000070
___fladd@bexp               cstackCOMMON 00007A
___fladd@grs                cstackCOMMON 00007B
___fladd@signs              cstackCOMMON 000078
___fldiv                    text26       0012EE
___fldiv@a                  cstackCOMMON 000070
___fldiv@aexp               cstackBANK0  00002C
___fldiv@b                  cstackCOMMON 000074
___fldiv@bexp               cstackBANK0  00002B
___fldiv@grs                cstackBANK0  000027
___fldiv@new_exp            cstackBANK0  000025
___fldiv@rem                cstackBANK0  000020
___fldiv@sign               cstackBANK0  000024
___fleq                     text25       001CC9
___fleq@ff1                 cstackCOMMON 000070
___fleq@ff2                 cstackCOMMON 000074
___flge                     text24       00000C
___flge@ff1                 cstackBANK0  000035
___flge@ff2                 cstackBANK0  000039
___flmul                    text22       0014BE
___flmul@a                  cstackBANK0  000024
___flmul@aexp               cstackBANK0  00002D
___flmul@b                  cstackBANK0  000020
___flmul@bexp               cstackBANK0  00002E
___flmul@grs                cstackBANK0  000029
___flmul@prod               cstackBANK0  00002F
___flmul@sign               cstackBANK0  000028
___flmul@temp               cstackBANK0  000033
___flneg                    text21       001AE5
___flneg@f1                 cstackCOMMON 000070
___flsub                    text19       001B87
___flsub@a                  cstackBANK0  000035
___flsub@b                  cstackBANK0  000039
___fltol                    text18       001D6A
___fltol@exp1               cstackCOMMON 000079
___fltol@f1                 cstackCOMMON 000070
___fltol@sign1              cstackCOMMON 000078
___fpclassifyf              text17       001DDE
___fpclassifyf@F465         bssBANK0     000062
___fpclassifyf@e            cstackBANK0  000020
___fpclassifyf@u            cstackBANK0  000022
___fpclassifyf@x            cstackCOMMON 000070
___heap_hi                  (abs)        000000
___heap_lo                  (abs)        000000
___int_sp                   stack        000000
___int_stack_hi             stack        000000
___int_stack_lo             stack        000000
___latbits                  (abs)        000002
___sp                       stack        000000
___stack_hi                 stack        000000
___stack_lo                 stack        000000
___stackhi                  (abs)        000000
___stacklo                  (abs)        000000
___wmul                     text7        001BAB
___wmul@multiplicand        cstackCOMMON 000072
___wmul@multiplier          cstackCOMMON 000070
___wmul@product             cstackCOMMON 000074
__end_of_BatStatus          text2        001000
__end_of_LcdCommand         text28       00081A
__end_of_LcdData            text27       001B31
__end_of_Lcdinit            text1        0010CC
__end_of__Umul8_16          text23       001BF7
__end_of___fladd            text20       000A76
__end_of___fldiv            text26       0014BE
__end_of___fleq             text25       001D17
__end_of___flge             text24       0000B0
__end_of___flmul            text22       001800
__end_of___flneg            text21       001AF0
__end_of___flsub            text19       001BAB
__end_of___fltol            text18       001DDE
__end_of___fpclassifyf      text17       001E5D
__end_of___wmul             text7        001BD0
__end_of__initialization    cinit        0007FC
__end_of__stringtab         strings      001806
__end_of_efgtoa             text8_split_1 0007C3
__end_of_floorf             text16       0011DB
__end_of_fputc              text12       001EF7
__end_of_fputs              text11       001C4B
__end_of_labs               text15       001B18
__end_of_main               maintext     001B66
__end_of_memcpy             text14       001B87
__end_of_pad                text10       001C89
__end_of_putch              text13       000004
__end_of_read_prec_or_width text6        001D6A
__end_of_sprintf            text3        001031
__end_of_strcpy             text9        001B4A
__end_of_vfpfcnvrt          text5        002000
__end_of_vfprintf           text4        001C20
__initialization            cinit        0007C3
__pbssBANK0                 bssBANK0     000062
__pbssBANK1                 bssBANK1     0000DD
__pbssBANK2                 bssBANK2     000110
__pbssBANK3                 bssBANK3     0001EA
__pcstackBANK0              cstackBANK0  000020
__pcstackBANK1              cstackBANK1  0000A0
__pcstackBANK3              cstackBANK3  0001D0
__pcstackCOMMON             cstackCOMMON 000070
__pdataBANK1                dataBANK1    0000EB
__pdataBANK3                dataBANK3    000190
__pidataBANK1               idataBANK1   001000
__pidataBANK3               idataBANK3   001C89
__pmaintext                 maintext     001B4A
__pstrings                  strings      001800
__ptext1                    text1        001031
__ptext10                   text10       001C4B
__ptext11                   text11       001C20
__ptext12                   text12       001E5D
__ptext13                   text13       000003
__ptext14                   text14       001B66
__ptext15                   text15       001B03
__ptext16                   text16       0010CC
__ptext17                   text17       001DDE
__ptext18                   text18       001D6A
__ptext19                   text19       001B87
__ptext2                    text2        000A76
__ptext20                   text20       00081A
__ptext21                   text21       001AE5
__ptext22                   text22       0014BE
__ptext23                   text23       001BD0
__ptext24                   text24       00000C
__ptext25                   text25       001CC9
__ptext26                   text26       0012EE
__ptext27                   text27       001B18
__ptext28                   text28       000800
__ptext3                    text3        001004
__ptext4                    text4        001BF7
__ptext5                    text5        001EF7
__ptext6                    text6        001D17
__ptext7                    text7        001BAB
__ptext8                    text8        0011DB
__ptext9                    text9        001B31
__stringbase                strings      001805
__stringtab                 strings      001800
_buffer                     bssBANK1     0000E1
_dbuf                       bssBANK2     000110
_efgtoa                     text8        0011DB
_efgtoa$670                 cstackBANK1  0000A6
_flags                      bssBANK0     00006A
_floorf                     text16       0010CC
_fputc                      text12       001E5D
_fputs                      text11       001C20
_j                          dataBANK3    0001CC
_labs                       text15       001B03
_main                       maintext     001B4A
_memcpy                     text14       001B66
_pad                        text10       001C4B
_prec                       bssBANK0     000068
_putch                      text13       000003
_read_prec_or_width         text6        001D17
_sprintf                    text3        001004
_strcpy                     text9        001B31
_value                      bssBANK3     0001EA
_vfpfcnvrt                  text5        001EF7
_vfprintf                   text4        001BF7
_width                      bssBANK0     000066
btemp                       (abs)        00007E
clear_ram0                  clrtext      000004
efgtoa@c                    cstackBANK0  000047
efgtoa@d                    cstackBANK1  0000AB
efgtoa@e                    cstackBANK1  0000AF
efgtoa@f                    cstackBANK0  000043
efgtoa@fp                   cstackBANK0  000041
efgtoa@g                    cstackBANK1  0000C4
efgtoa@h                    cstackBANK1  0000B9
efgtoa@i                    cstackBANK1  0000B7
efgtoa@l                    cstackBANK1  0000BD
efgtoa@m                    cstackBANK1  0000AD
efgtoa@mode                 cstackBANK1  0000A9
efgtoa@n                    cstackBANK1  0000C2
efgtoa@ne                   cstackBANK1  0000A0
efgtoa@nmode                cstackBANK1  0000AA
efgtoa@ou                   cstackBANK1  0000B3
efgtoa@p                    cstackBANK1  0000A2
efgtoa@pp                   cstackBANK1  0000A8
efgtoa@sign                 cstackBANK1  0000C1
efgtoa@t                    cstackBANK1  0000A4
efgtoa@u                    cstackBANK1  0000C8
efgtoa@w                    cstackBANK1  0000B1
end_of_initialization       cinit        0007FC
floorf@F521                 bssBANK1     0000DD
floorf@e                    cstackBANK0  00003B
floorf@m                    cstackBANK0  000037
floorf@u                    cstackBANK0  00003D
floorf@x                    cstackBANK0  00002D
fputc@c                     cstackCOMMON 000070
fputc@fp                    cstackCOMMON 000072
fputs@c                     cstackBANK0  000025
fputs@fp                    cstackBANK0  000021
fputs@i                     cstackBANK0  000026
fputs@s                     cstackBANK0  000020
init_fetch0                 inittext     001AF0
init_ram0                   inittext     001AF4
intlevel0                   functab      000000
intlevel1                   functab      000000
intlevel2                   functab      000000
intlevel3                   functab      000000
intlevel4                   functab      000000
intlevel5                   functab      000000
labs@a                      cstackCOMMON 000070
memcpy@d                    cstackCOMMON 000075
memcpy@d1                   cstackCOMMON 000070
memcpy@n                    cstackCOMMON 000072
memcpy@s                    cstackCOMMON 000076
memcpy@s1                   cstackCOMMON 000071
memcpy@tmp                  cstackCOMMON 000074
pad@buf                     cstackBANK0  00002A
pad@fp                      cstackBANK0  000028
pad@i                       cstackBANK0  00002D
pad@p                       cstackBANK0  00002B
pnum$text8                  (abs)        00001A
pnum$text8_split_1          (abs)        000030
psplit$0                    (abs)        1A0030
read_prec_or_width@ap       cstackCOMMON 000077
read_prec_or_width@c        cstackCOMMON 000078
read_prec_or_width@fmt      cstackCOMMON 000076
read_prec_or_width@n        cstackCOMMON 000079
reset_vec                   reset_vec    000000
sprintf@ap                  cstackBANK0  000056
sprintf@f                   cstackBANK0  000057
sprintf@fmt                 cstackBANK1  0000D5
sprintf@s                   cstackBANK1  0000D4
start                       init         000000
start_initialization        cinit        0007C3
strcpy@d                    cstackCOMMON 000072
strcpy@dest                 cstackCOMMON 000070
strcpy@src                  cstackCOMMON 000071
vfpfcnvrt@ap                cstackBANK1  0000CF
vfpfcnvrt@c                 cstackBANK0  000052
vfpfcnvrt@convarg           cstackBANK0  00004E
vfpfcnvrt@cp                cstackBANK0  000053
vfpfcnvrt@fmt               cstackBANK1  0000CE
vfpfcnvrt@fp                cstackBANK1  0000CC
vfprintf@ap                 cstackBANK1  0000D3
vfprintf@cfmt               cstackBANK0  000054
vfprintf@fmt                cstackBANK1  0000D2
vfprintf@fp                 cstackBANK1  0000D0
wtemp0                      (abs)        00007E


MODULE INFORMATION

Module		Function		Class		Link	Load	Size
D:\Program Files\Microchip\xc8\v3.00\pic\sources\c99\common\nf_sprintf.c
		_sprintf       		CODE           	1004	0000	45

D:\Program Files\Microchip\xc8\v3.00\pic\sources\c99\common\nf_sprintf.c estimated size: 45

D:\Program Files\Microchip\xc8\v3.00\pic\sources\c99\common\__fpclassifyf.c
		___fpclassifyf 		CODE           	1DDE	0000	127

D:\Program Files\Microchip\xc8\v3.00\pic\sources\c99\common\__fpclassifyf.c estimated size: 127

D:\Program Files\Microchip\xc8\v3.00\pic\sources\c99\common\fltol.c
		___fltol       		CODE           	1D6A	0000	116

D:\Program Files\Microchip\xc8\v3.00\pic\sources\c99\common\fltol.c estimated size: 116

D:\Program Files\Microchip\xc8\v3.00\pic\sources\c99\common\floorf.c
		_floorf        		CODE           	10CC	0000	271

D:\Program Files\Microchip\xc8\v3.00\pic\sources\c99\common\floorf.c estimated size: 271

D:\Program Files\Microchip\xc8\v3.00\pic\sources\c99\common\fleq.c
		___fleq        		CODE           	1CC9	0000	78

D:\Program Files\Microchip\xc8\v3.00\pic\sources\c99\common\fleq.c estimated size: 78

D:\Program Files\Microchip\xc8\v3.00\pic\sources\c99\common\nf_fputs.c
		_fputs         		CODE           	1C20	0000	43

D:\Program Files\Microchip\xc8\v3.00\pic\sources\c99\common\nf_fputs.c estimated size: 43

D:\Program Files\Microchip\xc8\v3.00\pic\sources\c99\common\Umul8_16.c
		__Umul8_16     		CODE           	1BD0	0000	39

D:\Program Files\Microchip\xc8\v3.00\pic\sources\c99\common\Umul8_16.c estimated size: 39

D:\Program Files\Microchip\xc8\v3.00\pic\sources\c99\common\flneg.c
		___flneg       		CODE           	1AE5	0000	11

D:\Program Files\Microchip\xc8\v3.00\pic\sources\c99\common\flneg.c estimated size: 11

D:\Program Files\Microchip\xc8\v3.00\pic\sources\c99\common\strcpy.c
		_strcpy        		CODE           	1B31	0000	25

D:\Program Files\Microchip\xc8\v3.00\pic\sources\c99\common\strcpy.c estimated size: 25

D:\Program Files\Microchip\xc8\v3.00\pic\sources\c99\common\sprcmul.c
		___flmul       		CODE           	14BE	0000	834

D:\Program Files\Microchip\xc8\v3.00\pic\sources\c99\common\sprcmul.c estimated size: 834

D:\Program Files\Microchip\xc8\v3.00\pic\sources\c99\common\sprcdiv.c
		___fldiv       		CODE           	12EE	0000	464

D:\Program Files\Microchip\xc8\v3.00\pic\sources\c99\common\sprcdiv.c estimated size: 464

D:\Program Files\Microchip\xc8\v3.00\pic\sources\c99\common\labs.c
		_labs          		CODE           	1B03	0000	21

D:\Program Files\Microchip\xc8\v3.00\pic\sources\c99\common\labs.c estimated size: 21

D:\Program Files\Microchip\xc8\v3.00\pic\sources\c99\common\doprnt.c
		_read_prec_or_width		CODE           	1D17	0000	83
		_vfpfcnvrt     		CODE           	1EF7	0000	265
		_efgtoa        		CODE           	11DB	0000	2086
		_pad           		CODE           	1C4B	0000	62
		_vfprintf      		CODE           	1BF7	0000	41

D:\Program Files\Microchip\xc8\v3.00\pic\sources\c99\common\doprnt.c estimated size: 2537

shared
		__stringtab    		STRING         	1800	0000	6
		__initialization		CODE           	07C3	0000	57

shared estimated size: 63

D:\Program Files\Microchip\xc8\v3.00\pic\sources\c99\common\putch.c
		_putch         		CODE           	0003	0000	1

D:\Program Files\Microchip\xc8\v3.00\pic\sources\c99\common\putch.c estimated size: 1

D:\Program Files\Microchip\xc8\v3.00\pic\sources\c99\common\flge.c
		___flge        		CODE           	000C	0000	164

D:\Program Files\Microchip\xc8\v3.00\pic\sources\c99\common\flge.c estimated size: 164

D:\Program Files\Microchip\xc8\v3.00\pic\sources\c99\common\nf_fputc.c
		_fputc         		CODE           	1E5D	0000	154

D:\Program Files\Microchip\xc8\v3.00\pic\sources\c99\common\nf_fputc.c estimated size: 154

D:\Program Files\Microchip\xc8\v3.00\pic\sources\c99\common\memcpy.c
		_memcpy        		CODE           	1B66	0000	33

D:\Program Files\Microchip\xc8\v3.00\pic\sources\c99\common\memcpy.c estimated size: 33

main.c
		_BatStatus     		CODE           	0A76	0000	1418
		_Lcdinit       		CODE           	1031	0000	155
		_main          		CODE           	1B4A	0000	28
		_LcdData       		CODE           	1B18	0000	25
		_LcdCommand    		CODE           	0800	0000	26

main.c estimated size: 1652

D:\Program Files\Microchip\xc8\v3.00\pic\sources\c99\common\sprcadd.c
		___flsub       		CODE           	1B87	0000	36
		___fladd       		CODE           	081A	0000	604

D:\Program Files\Microchip\xc8\v3.00\pic\sources\c99\common\sprcadd.c estimated size: 640

D:\Program Files\Microchip\xc8\v3.00\pic\sources\c99\common\Umul16.c
		___wmul        		CODE           	1BAB	0000	37

D:\Program Files\Microchip\xc8\v3.00\pic\sources\c99\common\Umul16.c estimated size: 37

