

Microchip MPLAB XC8 Assembler V3.00 build 20241204225717 
                                                                                               Sat Jul 12 12:51:40 2025

Microchip MPLAB XC8 C Compiler v3.00 (Free license) build 20241204225717 Og1 
     1                           	processor	16F877A
     2                           	pagewidth 120
     3                           	opt	flic
     4                           	psect	cinit,global,class=CODE,space=0,merge=1,delta=2
     5                           	psect	cstackCOMMON,global,class=COMMON,space=1,delta=1,noexec
     6                           	psect	cstackBANK0,global,class=BANK0,space=1,delta=1,noexec
     7                           	psect	maintext,global,class=CODE,space=0,split=1,delta=2
     8                           	psect	text1,local,class=CODE,space=0,merge=1,delta=2
     9                           	psect	text2,local,class=CODE,space=0,merge=1,delta=2,group=1
    10                           	psect	text3,local,class=CODE,space=0,merge=1,delta=2
    11                           	psect	text4,local,class=CODE,space=0,merge=1,delta=2
    12                           	psect	text5,local,class=CODE,space=0,merge=1,delta=2
    13                           	psect	text6,local,class=CODE,space=0,merge=1,delta=2
    14                           	psect	text7,local,class=CODE,space=0,merge=1,delta=2
    15                           	psect	text8,local,class=CODE,space=0,merge=1,delta=2
    16                           	psect	text9,local,class=CODE,space=0,merge=1,delta=2
    17                           	psect	text10,local,class=CODE,space=0,merge=1,delta=2
    18                           	psect	text11,local,class=CODE,space=0,merge=1,delta=2
    19                           	psect	idloc,global,abs,ovrld,class=IDLOC,space=5,delta=2,noexec
    20                           	psect	config,global,abs,ovrld,class=CONFIG,space=4,delta=2,noexec
    21                           	dabs	1,0x7E,2
    22     0000                     
    23                           ; Generated 05/12/2024 GMT
    24                           ; 
    25                           ; Copyright © 2024, Microchip Technology Inc. and its subsidiaries ("Microchip")
    26                           ; All rights reserved.
    27                           ; 
    28                           ; This software is developed by Microchip Technology Inc. and its subsidiaries ("Microch
      +                          ip").
    29                           ; 
    30                           ; Redistribution and use in source and binary forms, with or without modification, are
    31                           ; permitted provided that the following conditions are met:
    32                           ; 
    33                           ;     1. Redistributions of source code must retain the above copyright notice, this lis
      +                          t of
    34                           ;        conditions and the following disclaimer.
    35                           ; 
    36                           ;     2. Redistributions in binary form must reproduce the above copyright notice, this 
      +                          list
    37                           ;        of conditions and the following disclaimer in the documentation and/or other
    38                           ;        materials provided with the distribution. Publication is not required when
    39                           ;        this file is used in an embedded application.
    40                           ; 
    41                           ;     3. Microchip's name may not be used to endorse or promote products derived from th
      +                          is
    42                           ;        software without specific prior written permission.
    43                           ; 
    44                           ; THIS SOFTWARE IS PROVIDED BY MICROCHIP "AS IS" AND ANY EXPRESS OR IMPLIED WARRANTIES,
    45                           ; INCLUDING, BUT NOT LIMITED TO, THE IMPLIED WARRANTIES OF MERCHANTABILITY AND FITNESS F
      +                          OR
    46                           ; PURPOSE ARE DISCLAIMED.  IN NO EVENT SHALL MICROCHIP BE LIABLE FOR ANY DIRECT, INDIREC
      +                          T,
    47                           ; INCIDENTAL, SPECIAL, EXEMPLARY, OR CONSEQUENTIAL DAMAGES (INCLUDING BUT NOT LIMITED TO
    48                           ; PROCUREMENT OF SUBSTITUTE GOODS OR SERVICES; LOSS OF USE, DATA OR PROFITS; OR BUSINESS
    49                           ; INTERRUPTION) HOWSOEVER CAUSED AND ON ANY THEORY OF LIABILITY, WHETHER IN CONTRACT, ST
      +                          RICT
    50                           ; LIABILITY, OR TORT (INCLUDING NEGLIGENCE OR OTHERWISE) ARISING IN ANY WAY OUT OF THE U
      +                          SE OF
    51                           ; THIS SOFTWARE, EVEN IF ADVISED OF THE POSSIBILITY OF SUCH DAMAGE.
    52                           ; 
    53                           ; 
    54                           ; Code-generator required, PIC16F877A Definitions
    55                           ; 
    56                           ; SFR Addresses
    57     0004                     fsr             equ	4
    58     0004                     fsr0            equ	4
    59     0000                     indf            equ	0
    60     0000                     indf0           equ	0
    61     0002                     pc              equ	2
    62     0002                     pcl             equ	2
    63     000A                     pclath          equ	10
    64     0003                     status          equ	3
    65     0000                     INDF            equ	0	;# 
    66     0001                     TMR0            equ	1	;# 
    67     0002                     PCL             equ	2	;# 
    68     0003                     STATUS          equ	3	;# 
    69     0004                     FSR             equ	4	;# 
    70     0005                     PORTA           equ	5	;# 
    71     0006                     PORTB           equ	6	;# 
    72     0007                     PORTC           equ	7	;# 
    73     0008                     PORTD           equ	8	;# 
    74     0009                     PORTE           equ	9	;# 
    75     000A                     PCLATH          equ	10	;# 
    76     000B                     INTCON          equ	11	;# 
    77     000C                     PIR1            equ	12	;# 
    78     000D                     PIR2            equ	13	;# 
    79     000E                     TMR1            equ	14	;# 
    80     000E                     TMR1L           equ	14	;# 
    81     000F                     TMR1H           equ	15	;# 
    82     0010                     T1CON           equ	16	;# 
    83     0011                     TMR2            equ	17	;# 
    84     0012                     T2CON           equ	18	;# 
    85     0013                     SSPBUF          equ	19	;# 
    86     0014                     SSPCON          equ	20	;# 
    87     0015                     CCPR1           equ	21	;# 
    88     0015                     CCPR1L          equ	21	;# 
    89     0016                     CCPR1H          equ	22	;# 
    90     0017                     CCP1CON         equ	23	;# 
    91     0018                     RCSTA           equ	24	;# 
    92     0019                     TXREG           equ	25	;# 
    93     001A                     RCREG           equ	26	;# 
    94     001B                     CCPR2           equ	27	;# 
    95     001B                     CCPR2L          equ	27	;# 
    96     001C                     CCPR2H          equ	28	;# 
    97     001D                     CCP2CON         equ	29	;# 
    98     001E                     ADRESH          equ	30	;# 
    99     001F                     ADCON0          equ	31	;# 
   100     0081                     OPTION_REG      equ	129	;# 
   101     0085                     TRISA           equ	133	;# 
   102     0086                     TRISB           equ	134	;# 
   103     0087                     TRISC           equ	135	;# 
   104     0088                     TRISD           equ	136	;# 
   105     0089                     TRISE           equ	137	;# 
   106     008C                     PIE1            equ	140	;# 
   107     008D                     PIE2            equ	141	;# 
   108     008E                     PCON            equ	142	;# 
   109     0091                     SSPCON2         equ	145	;# 
   110     0092                     PR2             equ	146	;# 
   111     0093                     SSPADD          equ	147	;# 
   112     0094                     SSPSTAT         equ	148	;# 
   113     0098                     TXSTA           equ	152	;# 
   114     0099                     SPBRG           equ	153	;# 
   115     009C                     CMCON           equ	156	;# 
   116     009D                     CVRCON          equ	157	;# 
   117     009E                     ADRESL          equ	158	;# 
   118     009F                     ADCON1          equ	159	;# 
   119     010C                     EEDATA          equ	268	;# 
   120     010D                     EEADR           equ	269	;# 
   121     010E                     EEDATH          equ	270	;# 
   122     010F                     EEADRH          equ	271	;# 
   123     018C                     EECON1          equ	396	;# 
   124     018D                     EECON2          equ	397	;# 
   125     0000                     INDF            equ	0	;# 
   126     0001                     TMR0            equ	1	;# 
   127     0002                     PCL             equ	2	;# 
   128     0003                     STATUS          equ	3	;# 
   129     0004                     FSR             equ	4	;# 
   130     0005                     PORTA           equ	5	;# 
   131     0006                     PORTB           equ	6	;# 
   132     0007                     PORTC           equ	7	;# 
   133     0008                     PORTD           equ	8	;# 
   134     0009                     PORTE           equ	9	;# 
   135     000A                     PCLATH          equ	10	;# 
   136     000B                     INTCON          equ	11	;# 
   137     000C                     PIR1            equ	12	;# 
   138     000D                     PIR2            equ	13	;# 
   139     000E                     TMR1            equ	14	;# 
   140     000E                     TMR1L           equ	14	;# 
   141     000F                     TMR1H           equ	15	;# 
   142     0010                     T1CON           equ	16	;# 
   143     0011                     TMR2            equ	17	;# 
   144     0012                     T2CON           equ	18	;# 
   145     0013                     SSPBUF          equ	19	;# 
   146     0014                     SSPCON          equ	20	;# 
   147     0015                     CCPR1           equ	21	;# 
   148     0015                     CCPR1L          equ	21	;# 
   149     0016                     CCPR1H          equ	22	;# 
   150     0017                     CCP1CON         equ	23	;# 
   151     0018                     RCSTA           equ	24	;# 
   152     0019                     TXREG           equ	25	;# 
   153     001A                     RCREG           equ	26	;# 
   154     001B                     CCPR2           equ	27	;# 
   155     001B                     CCPR2L          equ	27	;# 
   156     001C                     CCPR2H          equ	28	;# 
   157     001D                     CCP2CON         equ	29	;# 
   158     001E                     ADRESH          equ	30	;# 
   159     001F                     ADCON0          equ	31	;# 
   160     0081                     OPTION_REG      equ	129	;# 
   161     0085                     TRISA           equ	133	;# 
   162     0086                     TRISB           equ	134	;# 
   163     0087                     TRISC           equ	135	;# 
   164     0088                     TRISD           equ	136	;# 
   165     0089                     TRISE           equ	137	;# 
   166     008C                     PIE1            equ	140	;# 
   167     008D                     PIE2            equ	141	;# 
   168     008E                     PCON            equ	142	;# 
   169     0091                     SSPCON2         equ	145	;# 
   170     0092                     PR2             equ	146	;# 
   171     0093                     SSPADD          equ	147	;# 
   172     0094                     SSPSTAT         equ	148	;# 
   173     0098                     TXSTA           equ	152	;# 
   174     0099                     SPBRG           equ	153	;# 
   175     009C                     CMCON           equ	156	;# 
   176     009D                     CVRCON          equ	157	;# 
   177     009E                     ADRESL          equ	158	;# 
   178     009F                     ADCON1          equ	159	;# 
   179     010C                     EEDATA          equ	268	;# 
   180     010D                     EEADR           equ	269	;# 
   181     010E                     EEDATH          equ	270	;# 
   182     010F                     EEADRH          equ	271	;# 
   183     018C                     EECON1          equ	396	;# 
   184     018D                     EECON2          equ	397	;# 
   185     0000                     INDF            equ	0	;# 
   186     0001                     TMR0            equ	1	;# 
   187     0002                     PCL             equ	2	;# 
   188     0003                     STATUS          equ	3	;# 
   189     0004                     FSR             equ	4	;# 
   190     0005                     PORTA           equ	5	;# 
   191     0006                     PORTB           equ	6	;# 
   192     0007                     PORTC           equ	7	;# 
   193     0008                     PORTD           equ	8	;# 
   194     0009                     PORTE           equ	9	;# 
   195     000A                     PCLATH          equ	10	;# 
   196     000B                     INTCON          equ	11	;# 
   197     000C                     PIR1            equ	12	;# 
   198     000D                     PIR2            equ	13	;# 
   199     000E                     TMR1            equ	14	;# 
   200     000E                     TMR1L           equ	14	;# 
   201     000F                     TMR1H           equ	15	;# 
   202     0010                     T1CON           equ	16	;# 
   203     0011                     TMR2            equ	17	;# 
   204     0012                     T2CON           equ	18	;# 
   205     0013                     SSPBUF          equ	19	;# 
   206     0014                     SSPCON          equ	20	;# 
   207     0015                     CCPR1           equ	21	;# 
   208     0015                     CCPR1L          equ	21	;# 
   209     0016                     CCPR1H          equ	22	;# 
   210     0017                     CCP1CON         equ	23	;# 
   211     0018                     RCSTA           equ	24	;# 
   212     0019                     TXREG           equ	25	;# 
   213     001A                     RCREG           equ	26	;# 
   214     001B                     CCPR2           equ	27	;# 
   215     001B                     CCPR2L          equ	27	;# 
   216     001C                     CCPR2H          equ	28	;# 
   217     001D                     CCP2CON         equ	29	;# 
   218     001E                     ADRESH          equ	30	;# 
   219     001F                     ADCON0          equ	31	;# 
   220     0081                     OPTION_REG      equ	129	;# 
   221     0085                     TRISA           equ	133	;# 
   222     0086                     TRISB           equ	134	;# 
   223     0087                     TRISC           equ	135	;# 
   224     0088                     TRISD           equ	136	;# 
   225     0089                     TRISE           equ	137	;# 
   226     008C                     PIE1            equ	140	;# 
   227     008D                     PIE2            equ	141	;# 
   228     008E                     PCON            equ	142	;# 
   229     0091                     SSPCON2         equ	145	;# 
   230     0092                     PR2             equ	146	;# 
   231     0093                     SSPADD          equ	147	;# 
   232     0094                     SSPSTAT         equ	148	;# 
   233     0098                     TXSTA           equ	152	;# 
   234     0099                     SPBRG           equ	153	;# 
   235     009C                     CMCON           equ	156	;# 
   236     009D                     CVRCON          equ	157	;# 
   237     009E                     ADRESL          equ	158	;# 
   238     009F                     ADCON1          equ	159	;# 
   239     010C                     EEDATA          equ	268	;# 
   240     010D                     EEADR           equ	269	;# 
   241     010E                     EEDATH          equ	270	;# 
   242     010F                     EEADRH          equ	271	;# 
   243     018C                     EECON1          equ	396	;# 
   244     018D                     EECON2          equ	397	;# 
   245     0013                     _SSPBUF         set	19
   246     0014                     _SSPCON         set	20
   247     0008                     _PORTD          set	8
   248     0063                     _SSPIF          set	99
   249     0094                     _SSPSTAT        set	148
   250     0093                     _SSPADD         set	147
   251     0091                     _SSPCON2        set	145
   252     0088                     _TRISD          set	136
   253     048C                     _ACKEN          set	1164
   254     048D                     _ACKDT          set	1165
   255     048B                     _RCEN           set	1163
   256     048E                     _ACKSTAT        set	1166
   257     048A                     _PEN            set	1162
   258     0489                     _RSEN           set	1161
   259     0488                     _SEN            set	1160
   260     043C                     _TRISC4         set	1084
   261     043B                     _TRISC3         set	1083
   262                           
   263                           	psect	cinit
   264     07FC                     start_initialization:	
   265                           ; #config settings
   266                           
   267     07FC                     __initialization:
   268     07FC                     end_of_initialization:	
   269                           ;End of C runtime variable initialization code
   270                           
   271     07FC                     __end_of__initialization:
   272     07FC  0183               	clrf	3
   273     07FD  120A  118A  2F6A   	ljmp	_main	;jump to C main() function
   274                           
   275                           	psect	cstackCOMMON
   276     0070                     __pcstackCOMMON:
   277     0070                     ?_main:
   278     0070                     ?_I2C_Master_Wait:	
   279                           ; 1 bytes @ 0x0
   280                           
   281     0070                     ?_I2C_Master_Start:	
   282                           ; 1 bytes @ 0x0
   283                           
   284     0070                     ?_I2C_Master_RepeatedStart:	
   285                           ; 1 bytes @ 0x0
   286                           
   287     0070                     ?_I2C_Master_Stop:	
   288                           ; 1 bytes @ 0x0
   289                           
   290     0070                     ?_I2C_Master_Write:	
   291                           ; 1 bytes @ 0x0
   292                           
   293     0070                     ?_I2C_Read_Byte:	
   294                           ; 1 bytes @ 0x0
   295                           
   296     0070                     ?_I2C_NACK:	
   297                           ; 1 bytes @ 0x0
   298                           
   299     0070                     ?___lldiv:	
   300                           ; 1 bytes @ 0x0
   301                           
   302     0070                     I2C_Master_Write@data:	
   303                           ; 4 bytes @ 0x0
   304                           
   305     0070                     ___lldiv@divisor:	
   306                           ; 1 bytes @ 0x0
   307                           
   308     0070                     ??_I2C_Master_Wait:	
   309                           ; 4 bytes @ 0x0
   310                           
   311     0070                     ??_I2C_Master_Start:	
   312                           ; 1 bytes @ 0x0
   313                           
   314     0070                     ??_I2C_Master_RepeatedStart:	
   315                           ; 1 bytes @ 0x0
   316                           
   317     0070                     ??_I2C_Master_Stop:	
   318                           ; 1 bytes @ 0x0
   319                           
   320     0070                     ??_I2C_Master_Write:	
   321                           ; 1 bytes @ 0x0
   322                           
   323     0070                     ??_I2C_Read_Byte:	
   324                           ; 1 bytes @ 0x0
   325                           
   326     0070                     ??_I2C_NACK:	
   327                           ; 1 bytes @ 0x0
   328                           
   329                           
   330                           ; 1 bytes @ 0x0
   331     0070                     	ds	1
   332     0071                     ?_EEPROM_Write:
   333     0071                     ?_EEPROM_Read:	
   334                           ; 1 bytes @ 0x1
   335                           
   336     0071                     EEPROM_Write@add:	
   337                           ; 1 bytes @ 0x1
   338                           
   339     0071                     EEPROM_Read@add:	
   340                           ; 2 bytes @ 0x1
   341                           
   342                           
   343                           ; 2 bytes @ 0x1
   344     0071                     	ds	2
   345     0073                     EEPROM_Write@data:
   346     0073                     EEPROM_Read@Data:	
   347                           ; 1 bytes @ 0x3
   348                           
   349     0073                     ??_EEPROM_Read:	
   350                           ; 1 bytes @ 0x3
   351                           
   352                           
   353                           ; 1 bytes @ 0x3
   354     0073                     	ds	1
   355     0074                     ___lldiv@dividend:
   356     0074                     ??_EEPROM_Write:	
   357                           ; 4 bytes @ 0x4
   358                           
   359                           
   360                           ; 1 bytes @ 0x4
   361     0074                     	ds	4
   362     0078                     ??___lldiv:
   363                           
   364                           ; 1 bytes @ 0x8
   365     0078                     	ds	1
   366     0079                     ___lldiv@quotient:
   367                           
   368                           ; 4 bytes @ 0x9
   369     0079                     	ds	4
   370     007D                     ___lldiv@counter:
   371                           
   372                           ; 1 bytes @ 0xD
   373     007D                     	ds	1
   374                           
   375                           	psect	cstackBANK0
   376     0020                     __pcstackBANK0:
   377     0020                     ?_I2C_Master_Init:
   378     0020                     I2C_Master_Init@baud:	
   379                           ; 1 bytes @ 0x0
   380                           
   381                           
   382                           ; 4 bytes @ 0x0
   383     0020                     	ds	4
   384     0024                     ??_I2C_Master_Init:
   385                           
   386                           ; 1 bytes @ 0x4
   387     0024                     	ds	4
   388     0028                     ??_main:
   389                           
   390                           ; 1 bytes @ 0x8
   391     0028                     	ds	3
   392                           
   393                           	psect	maintext
   394     076A                     __pmaintext:	
   395 ;;
   396 ;;Main: autosize = 0, tempsize = 3, incstack = 0, save=0
   397 ;;
   398 ;; *************** function _main *****************
   399 ;; Defined at:
   400 ;;		line 12 in file "main.c"
   401 ;; Parameters:    Size  Location     Type
   402 ;;		None
   403 ;; Auto vars:     Size  Location     Type
   404 ;;		None
   405 ;; Return value:  Size  Location     Type
   406 ;;                  1    wreg      void 
   407 ;; Registers used:
   408 ;;		wreg, status,2, status,0, pclath, cstack
   409 ;; Tracked objects:
   410 ;;		On entry : B00/0
   411 ;;		On exit  : 0/0
   412 ;;		Unchanged: 0/0
   413 ;; Data sizes:     COMMON   BANK0   BANK1   BANK3   BANK2
   414 ;;      Params:         0       0       0       0       0
   415 ;;      Locals:         0       0       0       0       0
   416 ;;      Temps:          0       3       0       0       0
   417 ;;      Totals:         0       3       0       0       0
   418 ;;Total ram usage:        3 bytes
   419 ;; Hardware stack levels required when called: 3
   420 ;; This function calls:
   421 ;;		_EEPROM_Read
   422 ;;		_EEPROM_Write
   423 ;;		_I2C_Master_Init
   424 ;; This function is called by:
   425 ;;		Startup code after reset
   426 ;; This function uses a non-reentrant model
   427 ;;
   428                           
   429     076A                     _main:	
   430                           ;psect for function _main
   431                           
   432     076A                     l866:	
   433                           ;incstack = 0
   434                           ; Regs used in _main: [wreg+status,2+status,0+pclath+cstack]
   435                           
   436                           
   437                           ;main.c: 14:     I2C_Master_Init(100000);
   438     076A  3000               	movlw	0
   439     076B  1283               	bcf	3,5	;RP0=0, select bank0
   440     076C  1303               	bcf	3,6	;RP1=0, select bank0
   441     076D  00A3               	movwf	I2C_Master_Init@baud+3
   442     076E  3001               	movlw	1
   443     076F  00A2               	movwf	I2C_Master_Init@baud+2
   444     0770  3086               	movlw	134
   445     0771  00A1               	movwf	I2C_Master_Init@baud+1
   446     0772  30A0               	movlw	160
   447     0773  00A0               	movwf	I2C_Master_Init@baud
   448     0774  120A  118A  268F  120A  118A  	fcall	_I2C_Master_Init
   449     0779                     l868:
   450                           
   451                           ;main.c: 15:     TRISD = 0x00;
   452     0779  1683               	bsf	3,5	;RP0=1, select bank1
   453     077A  1303               	bcf	3,6	;RP1=0, select bank1
   454     077B  0188               	clrf	8	;volatile
   455     077C                     l870:
   456                           
   457                           ;main.c: 18:     EEPROM_Write(0x23, 'A');
   458     077C  3023               	movlw	35
   459     077D  00F1               	movwf	EEPROM_Write@add
   460     077E  3000               	movlw	0
   461     077F  00F2               	movwf	EEPROM_Write@add+1
   462     0780  3041               	movlw	65
   463     0781  00F3               	movwf	EEPROM_Write@data
   464     0782  120A  118A  2661  120A  118A  	fcall	_EEPROM_Write
   465     0787                     l872:
   466                           
   467                           ;main.c: 19:     EEPROM_Write(0x28, 'B');
   468     0787  3028               	movlw	40
   469     0788  00F1               	movwf	EEPROM_Write@add
   470     0789  3000               	movlw	0
   471     078A  00F2               	movwf	EEPROM_Write@add+1
   472     078B  3042               	movlw	66
   473     078C  00F3               	movwf	EEPROM_Write@data
   474     078D  120A  118A  2661  120A  118A  	fcall	_EEPROM_Write
   475     0792                     l874:
   476                           
   477                           ;main.c: 20:     EEPROM_Write(0x36, 'C');
   478     0792  3036               	movlw	54
   479     0793  00F1               	movwf	EEPROM_Write@add
   480     0794  3000               	movlw	0
   481     0795  00F2               	movwf	EEPROM_Write@add+1
   482     0796  3043               	movlw	67
   483     0797  00F3               	movwf	EEPROM_Write@data
   484     0798  120A  118A  2661  120A  118A  	fcall	_EEPROM_Write
   485     079D                     l876:
   486                           
   487                           ;main.c: 21:     _delay((unsigned long)((10)*(16000000/4000.0)));
   488     079D  3034               	movlw	52
   489     079E  1283               	bcf	3,5	;RP0=0, select bank0
   490     079F  1303               	bcf	3,6	;RP1=0, select bank0
   491     07A0  00A9               	movwf	??_main+1
   492     07A1  30F1               	movlw	241
   493     07A2  00A8               	movwf	??_main
   494     07A3                     u297:
   495     07A3  0BA8               	decfsz	??_main,f
   496     07A4  2FA3               	goto	u297
   497     07A5  0BA9               	decfsz	??_main+1,f
   498     07A6  2FA3               	goto	u297
   499     07A7                     l878:
   500                           
   501                           ;main.c: 23:     PORTD = 0x00;
   502     07A7  1283               	bcf	3,5	;RP0=0, select bank0
   503     07A8  1303               	bcf	3,6	;RP1=0, select bank0
   504     07A9  0188               	clrf	8	;volatile
   505     07AA                     l880:
   506                           
   507                           ;main.c: 25:         PORTD = EEPROM_Read(0x23);
   508     07AA  3023               	movlw	35
   509     07AB  00F1               	movwf	EEPROM_Read@add
   510     07AC  3000               	movlw	0
   511     07AD  00F2               	movwf	EEPROM_Read@add+1
   512     07AE  120A  118A  26C7  120A  118A  	fcall	_EEPROM_Read
   513     07B3  1283               	bcf	3,5	;RP0=0, select bank0
   514     07B4  1303               	bcf	3,6	;RP1=0, select bank0
   515     07B5  0088               	movwf	8	;volatile
   516     07B6                     l882:
   517                           
   518                           ;main.c: 26:         _delay((unsigned long)((3000)*(16000000/4000.0)));
   519     07B6  303D               	movlw	61
   520     07B7  1283               	bcf	3,5	;RP0=0, select bank0
   521     07B8  1303               	bcf	3,6	;RP1=0, select bank0
   522     07B9  00AA               	movwf	??_main+2
   523     07BA  30E1               	movlw	225
   524     07BB  00A9               	movwf	??_main+1
   525     07BC  303F               	movlw	63
   526     07BD  00A8               	movwf	??_main
   527     07BE                     u307:
   528     07BE  0BA8               	decfsz	??_main,f
   529     07BF  2FBE               	goto	u307
   530     07C0  0BA9               	decfsz	??_main+1,f
   531     07C1  2FBE               	goto	u307
   532     07C2  0BAA               	decfsz	??_main+2,f
   533     07C3  2FBE               	goto	u307
   534                           
   535                           ;main.c: 28:         PORTD = EEPROM_Read(0x28);
   536     07C4  3028               	movlw	40
   537     07C5  00F1               	movwf	EEPROM_Read@add
   538     07C6  3000               	movlw	0
   539     07C7  00F2               	movwf	EEPROM_Read@add+1
   540     07C8  120A  118A  26C7  120A  118A  	fcall	_EEPROM_Read
   541     07CD  1283               	bcf	3,5	;RP0=0, select bank0
   542     07CE  1303               	bcf	3,6	;RP1=0, select bank0
   543     07CF  0088               	movwf	8	;volatile
   544     07D0                     l884:
   545                           
   546                           ;main.c: 29:         _delay((unsigned long)((3000)*(16000000/4000.0)));
   547     07D0  303D               	movlw	61
   548     07D1  1283               	bcf	3,5	;RP0=0, select bank0
   549     07D2  1303               	bcf	3,6	;RP1=0, select bank0
   550     07D3  00AA               	movwf	??_main+2
   551     07D4  30E1               	movlw	225
   552     07D5  00A9               	movwf	??_main+1
   553     07D6  303F               	movlw	63
   554     07D7  00A8               	movwf	??_main
   555     07D8                     u317:
   556     07D8  0BA8               	decfsz	??_main,f
   557     07D9  2FD8               	goto	u317
   558     07DA  0BA9               	decfsz	??_main+1,f
   559     07DB  2FD8               	goto	u317
   560     07DC  0BAA               	decfsz	??_main+2,f
   561     07DD  2FD8               	goto	u317
   562     07DE                     l886:
   563                           
   564                           ;main.c: 31:         PORTD = EEPROM_Read(0x36);
   565     07DE  3036               	movlw	54
   566     07DF  00F1               	movwf	EEPROM_Read@add
   567     07E0  3000               	movlw	0
   568     07E1  00F2               	movwf	EEPROM_Read@add+1
   569     07E2  120A  118A  26C7  120A  118A  	fcall	_EEPROM_Read
   570     07E7  1283               	bcf	3,5	;RP0=0, select bank0
   571     07E8  1303               	bcf	3,6	;RP1=0, select bank0
   572     07E9  0088               	movwf	8	;volatile
   573                           
   574                           ;main.c: 32:         _delay((unsigned long)((3000)*(16000000/4000.0)));
   575     07EA  303D               	movlw	61
   576     07EB  1283               	bcf	3,5	;RP0=0, select bank0
   577     07EC  1303               	bcf	3,6	;RP1=0, select bank0
   578     07ED  00AA               	movwf	??_main+2
   579     07EE  30E1               	movlw	225
   580     07EF  00A9               	movwf	??_main+1
   581     07F0  303F               	movlw	63
   582     07F1  00A8               	movwf	??_main
   583     07F2                     u327:
   584     07F2  0BA8               	decfsz	??_main,f
   585     07F3  2FF2               	goto	u327
   586     07F4  0BA9               	decfsz	??_main+1,f
   587     07F5  2FF2               	goto	u327
   588     07F6  0BAA               	decfsz	??_main+2,f
   589     07F7  2FF2               	goto	u327
   590     07F8                     l17:	
   591                           ;main.c: 33:     while(1) {
   592                           
   593     07F8                     l18:	
   594                           ;main.c: 47:     }
   595                           
   596     07F8  2FF8               	goto	l17
   597     07F9  120A  118A  2800   	ljmp	start
   598     07FC                     __end_of_main:
   599                           
   600                           	psect	text1
   601     068F                     __ptext1:	
   602 ;; *************** function _I2C_Master_Init *****************
   603 ;; Defined at:
   604 ;;		line 9 in file "I2C_EEPROM.c"
   605 ;; Parameters:    Size  Location     Type
   606 ;;  baud            4    0[BANK0 ] const unsigned long 
   607 ;; Auto vars:     Size  Location     Type
   608 ;;		None
   609 ;; Return value:  Size  Location     Type
   610 ;;                  1    wreg      void 
   611 ;; Registers used:
   612 ;;		wreg, status,2, status,0, pclath, cstack
   613 ;; Tracked objects:
   614 ;;		On entry : 0/0
   615 ;;		On exit  : 0/0
   616 ;;		Unchanged: 0/0
   617 ;; Data sizes:     COMMON   BANK0   BANK1   BANK3   BANK2
   618 ;;      Params:         0       4       0       0       0
   619 ;;      Locals:         0       0       0       0       0
   620 ;;      Temps:          0       4       0       0       0
   621 ;;      Totals:         0       8       0       0       0
   622 ;;Total ram usage:        8 bytes
   623 ;; Hardware stack levels used: 1
   624 ;; Hardware stack levels required when called: 1
   625 ;; This function calls:
   626 ;;		___lldiv
   627 ;; This function is called by:
   628 ;;		_main
   629 ;; This function uses a non-reentrant model
   630 ;;
   631                           
   632     068F                     _I2C_Master_Init:	
   633                           ;psect for function _I2C_Master_Init
   634                           
   635     068F                     l838:	
   636                           ;incstack = 0
   637                           ; Regs used in _I2C_Master_Init: [wreg+status,2+status,0+pclath+cstack]
   638                           
   639                           
   640                           ;I2C_EEPROM.c: 9: void I2C_Master_Init(const unsigned long baud);I2C_EEPROM.c: 10: {;I2C
      +                          _EEPROM.c: 11:     SSPCON = 0b00101000;
   641     068F  3028               	movlw	40
   642     0690  1283               	bcf	3,5	;RP0=0, select bank0
   643     0691  1303               	bcf	3,6	;RP1=0, select bank0
   644     0692  0094               	movwf	20	;volatile
   645     0693                     l840:
   646                           
   647                           ;I2C_EEPROM.c: 12:     SSPCON2 = 0;
   648     0693  1683               	bsf	3,5	;RP0=1, select bank1
   649     0694  1303               	bcf	3,6	;RP1=0, select bank1
   650     0695  0191               	clrf	17	;volatile
   651     0696                     l842:
   652                           
   653                           ;I2C_EEPROM.c: 13:     SSPADD = (16000000/(4*baud))-1;
   654     0696  1283               	bcf	3,5	;RP0=0, select bank0
   655     0697  1303               	bcf	3,6	;RP1=0, select bank0
   656     0698  0820               	movf	I2C_Master_Init@baud,w
   657     0699  00A4               	movwf	??_I2C_Master_Init
   658     069A  0821               	movf	I2C_Master_Init@baud+1,w
   659     069B  00A5               	movwf	??_I2C_Master_Init+1
   660     069C  0822               	movf	I2C_Master_Init@baud+2,w
   661     069D  00A6               	movwf	??_I2C_Master_Init+2
   662     069E  0823               	movf	I2C_Master_Init@baud+3,w
   663     069F  00A7               	movwf	??_I2C_Master_Init+3
   664     06A0  3002               	movlw	2
   665     06A1                     u265:
   666     06A1  1003               	clrc
   667     06A2  0DA4               	rlf	??_I2C_Master_Init,f
   668     06A3  0DA5               	rlf	??_I2C_Master_Init+1,f
   669     06A4  0DA6               	rlf	??_I2C_Master_Init+2,f
   670     06A5  0DA7               	rlf	??_I2C_Master_Init+3,f
   671     06A6                     u260:
   672     06A6  3EFF               	addlw	-1
   673     06A7  1D03               	skipz
   674     06A8  2EA1               	goto	u265
   675     06A9  0827               	movf	??_I2C_Master_Init+3,w
   676     06AA  00F3               	movwf	___lldiv@divisor+3
   677     06AB  0826               	movf	??_I2C_Master_Init+2,w
   678     06AC  00F2               	movwf	___lldiv@divisor+2
   679     06AD  0825               	movf	??_I2C_Master_Init+1,w
   680     06AE  00F1               	movwf	___lldiv@divisor+1
   681     06AF  0824               	movf	??_I2C_Master_Init,w
   682     06B0  00F0               	movwf	___lldiv@divisor
   683     06B1  3000               	movlw	0
   684     06B2  00F7               	movwf	___lldiv@dividend+3
   685     06B3  30F4               	movlw	244
   686     06B4  00F6               	movwf	___lldiv@dividend+2
   687     06B5  3024               	movlw	36
   688     06B6  00F5               	movwf	___lldiv@dividend+1
   689     06B7  3000               	movlw	0
   690     06B8  00F4               	movwf	___lldiv@dividend
   691     06B9  120A  118A  2706  120A  118A  	fcall	___lldiv
   692     06BE  0870               	movf	?___lldiv,w
   693     06BF  3EFF               	addlw	255
   694     06C0  1683               	bsf	3,5	;RP0=1, select bank1
   695     06C1  1303               	bcf	3,6	;RP1=0, select bank1
   696     06C2  0093               	movwf	19	;volatile
   697     06C3                     l844:
   698                           
   699                           ;I2C_EEPROM.c: 14:     SSPSTAT = 0;
   700     06C3  0194               	clrf	20	;volatile
   701     06C4                     l846:
   702                           
   703                           ;I2C_EEPROM.c: 15:     TRISC3 = 1;
   704     06C4  1587               	bsf	7,3	;volatile
   705     06C5                     l848:
   706                           
   707                           ;I2C_EEPROM.c: 16:     TRISC4 = 1;
   708     06C5  1607               	bsf	7,4	;volatile
   709     06C6                     l53:
   710     06C6  0008               	return
   711     06C7                     __end_of_I2C_Master_Init:
   712                           
   713                           	psect	text2
   714     0706                     __ptext2:	
   715 ;; *************** function ___lldiv *****************
   716 ;; Defined at:
   717 ;;		line 5 in file "C:\Program Files\Microchip\xc8\v3.00\pic\sources\c99\common\__lldiv.c"
   718 ;; Parameters:    Size  Location     Type
   719 ;;  divisor         4    0[COMMON] unsigned long 
   720 ;;  dividend        4    4[COMMON] unsigned long 
   721 ;; Auto vars:     Size  Location     Type
   722 ;;  quotient        4    9[COMMON] unsigned long 
   723 ;;  counter         1   13[COMMON] unsigned char 
   724 ;; Return value:  Size  Location     Type
   725 ;;                  4    0[COMMON] unsigned long 
   726 ;; Registers used:
   727 ;;		wreg, status,2, status,0
   728 ;; Tracked objects:
   729 ;;		On entry : 0/0
   730 ;;		On exit  : 0/0
   731 ;;		Unchanged: 0/0
   732 ;; Data sizes:     COMMON   BANK0   BANK1   BANK3   BANK2
   733 ;;      Params:         8       0       0       0       0
   734 ;;      Locals:         5       0       0       0       0
   735 ;;      Temps:          1       0       0       0       0
   736 ;;      Totals:        14       0       0       0       0
   737 ;;Total ram usage:       14 bytes
   738 ;; Hardware stack levels used: 1
   739 ;; This function calls:
   740 ;;		Nothing
   741 ;; This function is called by:
   742 ;;		_I2C_Master_Init
   743 ;; This function uses a non-reentrant model
   744 ;;
   745                           
   746     0706                     ___lldiv:	
   747                           ;psect for function ___lldiv
   748                           
   749     0706                     l814:	
   750                           ;incstack = 0
   751                           ; Regs used in ___lldiv: [wreg+status,2+status,0]
   752                           
   753     0706  3000               	movlw	0
   754     0707  00FC               	movwf	___lldiv@quotient+3
   755     0708  3000               	movlw	0
   756     0709  00FB               	movwf	___lldiv@quotient+2
   757     070A  3000               	movlw	0
   758     070B  00FA               	movwf	___lldiv@quotient+1
   759     070C  3000               	movlw	0
   760     070D  00F9               	movwf	___lldiv@quotient
   761     070E  0873               	movf	___lldiv@divisor+3,w
   762     070F  0472               	iorwf	___lldiv@divisor+2,w
   763     0710  0471               	iorwf	___lldiv@divisor+1,w
   764     0711  0470               	iorwf	___lldiv@divisor,w
   765     0712  1903               	skipnz
   766     0713  2F15               	goto	u191
   767     0714  2F16               	goto	u190
   768     0715                     u191:
   769     0715  2F61               	goto	l834
   770     0716                     u190:
   771     0716                     l816:
   772     0716  3001               	movlw	1
   773     0717  00FD               	movwf	___lldiv@counter
   774     0718  2F24               	goto	l820
   775     0719                     l818:
   776     0719  3001               	movlw	1
   777     071A  00F8               	movwf	??___lldiv
   778     071B                     u205:
   779     071B  1003               	clrc
   780     071C  0DF0               	rlf	___lldiv@divisor,f
   781     071D  0DF1               	rlf	___lldiv@divisor+1,f
   782     071E  0DF2               	rlf	___lldiv@divisor+2,f
   783     071F  0DF3               	rlf	___lldiv@divisor+3,f
   784     0720  0BF8               	decfsz	??___lldiv,f
   785     0721  2F1B               	goto	u205
   786     0722  3001               	movlw	1
   787     0723  07FD               	addwf	___lldiv@counter,f
   788     0724                     l820:
   789     0724  1FF3               	btfss	___lldiv@divisor+3,7
   790     0725  2F27               	goto	u211
   791     0726  2F28               	goto	u210
   792     0727                     u211:
   793     0727  2F19               	goto	l818
   794     0728                     u210:
   795     0728                     l822:
   796     0728  3001               	movlw	1
   797     0729  00F8               	movwf	??___lldiv
   798     072A                     u225:
   799     072A  1003               	clrc
   800     072B  0DF9               	rlf	___lldiv@quotient,f
   801     072C  0DFA               	rlf	___lldiv@quotient+1,f
   802     072D  0DFB               	rlf	___lldiv@quotient+2,f
   803     072E  0DFC               	rlf	___lldiv@quotient+3,f
   804     072F  0BF8               	decfsz	??___lldiv,f
   805     0730  2F2A               	goto	u225
   806     0731                     l824:
   807     0731  0873               	movf	___lldiv@divisor+3,w
   808     0732  0277               	subwf	___lldiv@dividend+3,w
   809     0733  1D03               	skipz
   810     0734  2F3F               	goto	u235
   811     0735  0872               	movf	___lldiv@divisor+2,w
   812     0736  0276               	subwf	___lldiv@dividend+2,w
   813     0737  1D03               	skipz
   814     0738  2F3F               	goto	u235
   815     0739  0871               	movf	___lldiv@divisor+1,w
   816     073A  0275               	subwf	___lldiv@dividend+1,w
   817     073B  1D03               	skipz
   818     073C  2F3F               	goto	u235
   819     073D  0870               	movf	___lldiv@divisor,w
   820     073E  0274               	subwf	___lldiv@dividend,w
   821     073F                     u235:
   822     073F  1C03               	skipc
   823     0740  2F42               	goto	u231
   824     0741  2F43               	goto	u230
   825     0742                     u231:
   826     0742  2F52               	goto	l830
   827     0743                     u230:
   828     0743                     l826:
   829     0743  0870               	movf	___lldiv@divisor,w
   830     0744  02F4               	subwf	___lldiv@dividend,f
   831     0745  0871               	movf	___lldiv@divisor+1,w
   832     0746  1C03               	skipc
   833     0747  0F71               	incfsz	___lldiv@divisor+1,w
   834     0748  02F5               	subwf	___lldiv@dividend+1,f
   835     0749  0872               	movf	___lldiv@divisor+2,w
   836     074A  1C03               	skipc
   837     074B  0F72               	incfsz	___lldiv@divisor+2,w
   838     074C  02F6               	subwf	___lldiv@dividend+2,f
   839     074D  0873               	movf	___lldiv@divisor+3,w
   840     074E  1C03               	skipc
   841     074F  0F73               	incfsz	___lldiv@divisor+3,w
   842     0750  02F7               	subwf	___lldiv@dividend+3,f
   843     0751                     l828:
   844     0751  1479               	bsf	___lldiv@quotient,0
   845     0752                     l830:
   846     0752  3001               	movlw	1
   847     0753                     u245:
   848     0753  1003               	clrc
   849     0754  0CF3               	rrf	___lldiv@divisor+3,f
   850     0755  0CF2               	rrf	___lldiv@divisor+2,f
   851     0756  0CF1               	rrf	___lldiv@divisor+1,f
   852     0757  0CF0               	rrf	___lldiv@divisor,f
   853     0758  3EFF               	addlw	-1
   854     0759  1D03               	skipz
   855     075A  2F53               	goto	u245
   856     075B                     l832:
   857     075B  3001               	movlw	1
   858     075C  02FD               	subwf	___lldiv@counter,f
   859     075D  1D03               	btfss	3,2
   860     075E  2F60               	goto	u251
   861     075F  2F61               	goto	u250
   862     0760                     u251:
   863     0760  2F28               	goto	l822
   864     0761                     u250:
   865     0761                     l834:
   866     0761  087C               	movf	___lldiv@quotient+3,w
   867     0762  00F3               	movwf	?___lldiv+3
   868     0763  087B               	movf	___lldiv@quotient+2,w
   869     0764  00F2               	movwf	?___lldiv+2
   870     0765  087A               	movf	___lldiv@quotient+1,w
   871     0766  00F1               	movwf	?___lldiv+1
   872     0767  0879               	movf	___lldiv@quotient,w
   873     0768  00F0               	movwf	?___lldiv
   874     0769                     l238:
   875     0769  0008               	return
   876     076A                     __end_of___lldiv:
   877                           
   878                           	psect	text3
   879     0661                     __ptext3:	
   880 ;; *************** function _EEPROM_Write *****************
   881 ;; Defined at:
   882 ;;		line 73 in file "I2C_EEPROM.c"
   883 ;; Parameters:    Size  Location     Type
   884 ;;  add             2    1[COMMON] unsigned int 
   885 ;;  data            1    3[COMMON] unsigned char 
   886 ;; Auto vars:     Size  Location     Type
   887 ;;		None
   888 ;; Return value:  Size  Location     Type
   889 ;;                  1    wreg      void 
   890 ;; Registers used:
   891 ;;		wreg, status,2, status,0, pclath, cstack
   892 ;; Tracked objects:
   893 ;;		On entry : 0/0
   894 ;;		On exit  : 0/0
   895 ;;		Unchanged: 0/0
   896 ;; Data sizes:     COMMON   BANK0   BANK1   BANK3   BANK2
   897 ;;      Params:         3       0       0       0       0
   898 ;;      Locals:         0       0       0       0       0
   899 ;;      Temps:          0       0       0       0       0
   900 ;;      Totals:         3       0       0       0       0
   901 ;;Total ram usage:        3 bytes
   902 ;; Hardware stack levels used: 1
   903 ;; Hardware stack levels required when called: 2
   904 ;; This function calls:
   905 ;;		_I2C_Master_RepeatedStart
   906 ;;		_I2C_Master_Start
   907 ;;		_I2C_Master_Stop
   908 ;;		_I2C_Master_Write
   909 ;; This function is called by:
   910 ;;		_main
   911 ;; This function uses a non-reentrant model
   912 ;;
   913                           
   914     0661                     _EEPROM_Write:	
   915                           ;psect for function _EEPROM_Write
   916                           
   917     0661                     l850:	
   918                           ;incstack = 0
   919                           ; Regs used in _EEPROM_Write: [wreg+status,2+status,0+pclath+cstack]
   920                           
   921                           
   922                           ;I2C_EEPROM.c: 73: void EEPROM_Write(unsigned int add, unsigned char data);I2C_EEPROM.c:
      +                           74: {;I2C_EEPROM.c: 75:    I2C_Master_Start();
   923     0661  120A  118A  260A  120A  118A  	fcall	_I2C_Master_Start
   924                           
   925                           ;I2C_EEPROM.c: 78:    while(I2C_Master_Write(0xA0))
   926     0666  2E6C               	goto	l89
   927     0667                     l852:
   928                           
   929                           ;I2C_EEPROM.c: 79:      I2C_Master_RepeatedStart();
   930     0667  120A  118A  2601  120A  118A  	fcall	_I2C_Master_RepeatedStart
   931     066C                     l89:
   932                           
   933                           ;I2C_EEPROM.c: 78:    while(I2C_Master_Write(0xA0))
   934     066C  30A0               	movlw	160
   935     066D  120A  118A  2635  120A  118A  	fcall	_I2C_Master_Write
   936     0672  3A00               	xorlw	0
   937     0673  1D03               	skipz
   938     0674  2E76               	goto	u271
   939     0675  2E77               	goto	u270
   940     0676                     u271:
   941     0676  2E67               	goto	l852
   942     0677                     u270:
   943     0677                     l854:
   944                           
   945                           ;I2C_EEPROM.c: 81:    I2C_Master_Write(add>>8);
   946     0677  0872               	movf	EEPROM_Write@add+1,w
   947     0678  120A  118A  2635  120A  118A  	fcall	_I2C_Master_Write
   948                           
   949                           ;I2C_EEPROM.c: 82:    I2C_Master_Write((unsigned char)add);
   950     067D  0871               	movf	EEPROM_Write@add,w
   951     067E  120A  118A  2635  120A  118A  	fcall	_I2C_Master_Write
   952                           
   953                           ;I2C_EEPROM.c: 83:    I2C_Master_Write(data);
   954     0683  0873               	movf	EEPROM_Write@data,w
   955     0684  120A  118A  2635  120A  118A  	fcall	_I2C_Master_Write
   956                           
   957                           ;I2C_EEPROM.c: 84:    I2C_Master_Stop();
   958     0689  120A  118A  2613  120A  118A  	fcall	_I2C_Master_Stop
   959     068E                     l92:
   960     068E  0008               	return
   961     068F                     __end_of_EEPROM_Write:
   962                           
   963                           	psect	text4
   964     06C7                     __ptext4:	
   965 ;; *************** function _EEPROM_Read *****************
   966 ;; Defined at:
   967 ;;		line 104 in file "I2C_EEPROM.c"
   968 ;; Parameters:    Size  Location     Type
   969 ;;  add             2    1[COMMON] unsigned int 
   970 ;; Auto vars:     Size  Location     Type
   971 ;;  Data            1    3[COMMON] unsigned char 
   972 ;; Return value:  Size  Location     Type
   973 ;;                  1    wreg      unsigned char 
   974 ;; Registers used:
   975 ;;		wreg, status,2, status,0, pclath, cstack
   976 ;; Tracked objects:
   977 ;;		On entry : 0/0
   978 ;;		On exit  : 0/0
   979 ;;		Unchanged: 0/0
   980 ;; Data sizes:     COMMON   BANK0   BANK1   BANK3   BANK2
   981 ;;      Params:         2       0       0       0       0
   982 ;;      Locals:         1       0       0       0       0
   983 ;;      Temps:          0       0       0       0       0
   984 ;;      Totals:         3       0       0       0       0
   985 ;;Total ram usage:        3 bytes
   986 ;; Hardware stack levels used: 1
   987 ;; Hardware stack levels required when called: 2
   988 ;; This function calls:
   989 ;;		_I2C_Master_RepeatedStart
   990 ;;		_I2C_Master_Start
   991 ;;		_I2C_Master_Stop
   992 ;;		_I2C_Master_Write
   993 ;;		_I2C_NACK
   994 ;;		_I2C_Read_Byte
   995 ;; This function is called by:
   996 ;;		_main
   997 ;; This function uses a non-reentrant model
   998 ;;
   999                           
  1000     06C7                     _EEPROM_Read:	
  1001                           ;psect for function _EEPROM_Read
  1002                           
  1003     06C7                     l856:	
  1004                           ;incstack = 0
  1005                           ; Regs used in _EEPROM_Read: [wreg+status,2+status,0+pclath+cstack]
  1006                           
  1007                           
  1008                           ;I2C_EEPROM.c: 104: unsigned char EEPROM_Read(unsigned int add);I2C_EEPROM.c: 105: {;I2C
      +                          _EEPROM.c: 106:    unsigned char Data;;I2C_EEPROM.c: 107:    I2C_Master_Start();
  1009     06C7  120A  118A  260A  120A  118A  	fcall	_I2C_Master_Start
  1010                           
  1011                           ;I2C_EEPROM.c: 110:    while(I2C_Master_Write(0xA0))
  1012     06CC  2ED2               	goto	l104
  1013     06CD                     l858:
  1014                           
  1015                           ;I2C_EEPROM.c: 111:      I2C_Master_RepeatedStart();
  1016     06CD  120A  118A  2601  120A  118A  	fcall	_I2C_Master_RepeatedStart
  1017     06D2                     l104:
  1018                           
  1019                           ;I2C_EEPROM.c: 110:    while(I2C_Master_Write(0xA0))
  1020     06D2  30A0               	movlw	160
  1021     06D3  120A  118A  2635  120A  118A  	fcall	_I2C_Master_Write
  1022     06D8  3A00               	xorlw	0
  1023     06D9  1D03               	skipz
  1024     06DA  2EDC               	goto	u281
  1025     06DB  2EDD               	goto	u280
  1026     06DC                     u281:
  1027     06DC  2ECD               	goto	l858
  1028     06DD                     u280:
  1029     06DD                     l860:
  1030                           
  1031                           ;I2C_EEPROM.c: 113:    I2C_Master_Write(add>>8);
  1032     06DD  0872               	movf	EEPROM_Read@add+1,w
  1033     06DE  120A  118A  2635  120A  118A  	fcall	_I2C_Master_Write
  1034                           
  1035                           ;I2C_EEPROM.c: 114:    I2C_Master_Write((unsigned char)add);
  1036     06E3  0871               	movf	EEPROM_Read@add,w
  1037     06E4  120A  118A  2635  120A  118A  	fcall	_I2C_Master_Write
  1038                           
  1039                           ;I2C_EEPROM.c: 115:    I2C_Master_RepeatedStart();
  1040     06E9  120A  118A  2601  120A  118A  	fcall	_I2C_Master_RepeatedStart
  1041                           
  1042                           ;I2C_EEPROM.c: 117:    I2C_Master_Write(0xA1);
  1043     06EE  30A1               	movlw	161
  1044     06EF  120A  118A  2635  120A  118A  	fcall	_I2C_Master_Write
  1045                           
  1046                           ;I2C_EEPROM.c: 118:    Data = I2C_Read_Byte();
  1047     06F4  120A  118A  264A  120A  118A  	fcall	_I2C_Read_Byte
  1048     06F9  00F3               	movwf	EEPROM_Read@Data
  1049                           
  1050                           ;I2C_EEPROM.c: 119:    I2C_NACK();
  1051     06FA  120A  118A  261C  120A  118A  	fcall	_I2C_NACK
  1052                           
  1053                           ;I2C_EEPROM.c: 120:    I2C_Master_Stop();
  1054     06FF  120A  118A  2613  120A  118A  	fcall	_I2C_Master_Stop
  1055     0704                     l862:
  1056                           
  1057                           ;I2C_EEPROM.c: 122:    return Data;
  1058     0704  0873               	movf	EEPROM_Read@Data,w
  1059     0705                     l107:
  1060     0705  0008               	return
  1061     0706                     __end_of_EEPROM_Read:
  1062                           
  1063                           	psect	text5
  1064     064A                     __ptext5:	
  1065 ;; *************** function _I2C_Read_Byte *****************
  1066 ;; Defined at:
  1067 ;;		line 45 in file "I2C_EEPROM.c"
  1068 ;; Parameters:    Size  Location     Type
  1069 ;;		None
  1070 ;; Auto vars:     Size  Location     Type
  1071 ;;		None
  1072 ;; Return value:  Size  Location     Type
  1073 ;;                  1    wreg      unsigned char 
  1074 ;; Registers used:
  1075 ;;		wreg, status,2, status,0, pclath, cstack
  1076 ;; Tracked objects:
  1077 ;;		On entry : 0/0
  1078 ;;		On exit  : 0/0
  1079 ;;		Unchanged: 0/0
  1080 ;; Data sizes:     COMMON   BANK0   BANK1   BANK3   BANK2
  1081 ;;      Params:         0       0       0       0       0
  1082 ;;      Locals:         0       0       0       0       0
  1083 ;;      Temps:          0       0       0       0       0
  1084 ;;      Totals:         0       0       0       0       0
  1085 ;;Total ram usage:        0 bytes
  1086 ;; Hardware stack levels used: 1
  1087 ;; Hardware stack levels required when called: 1
  1088 ;; This function calls:
  1089 ;;		_I2C_Master_Wait
  1090 ;; This function is called by:
  1091 ;;		_EEPROM_Read
  1092 ;;		_EEPROM_Read_Page
  1093 ;; This function uses a non-reentrant model
  1094 ;;
  1095                           
  1096     064A                     _I2C_Read_Byte:	
  1097                           ;psect for function _I2C_Read_Byte
  1098                           
  1099     064A                     l684:	
  1100                           ;incstack = 0
  1101                           ; Regs used in _I2C_Read_Byte: [wreg+status,2+status,0+pclath+cstack]
  1102                           
  1103                           
  1104                           ;I2C_EEPROM.c: 48:  I2C_Master_Wait();
  1105     064A  120A  118A  2628  120A  118A  	fcall	_I2C_Master_Wait
  1106     064F                     l686:
  1107                           
  1108                           ;I2C_EEPROM.c: 49:     RCEN = 1;
  1109     064F  1683               	bsf	3,5	;RP0=1, select bank1
  1110     0650  1303               	bcf	3,6	;RP1=0, select bank1
  1111     0651  1591               	bsf	17,3	;volatile
  1112     0652                     l77:	
  1113                           ;I2C_EEPROM.c: 50:  while(!SSPIF);
  1114                           
  1115     0652  1283               	bcf	3,5	;RP0=0, select bank0
  1116     0653  1D8C               	btfss	12,3	;volatile
  1117     0654  2E56               	goto	u41
  1118     0655  2E57               	goto	u40
  1119     0656                     u41:
  1120     0656  2E52               	goto	l77
  1121     0657                     u40:
  1122     0657                     l79:
  1123                           
  1124                           ;I2C_EEPROM.c: 51:  SSPIF = 0;
  1125     0657  118C               	bcf	12,3	;volatile
  1126     0658                     l688:
  1127                           
  1128                           ;I2C_EEPROM.c: 52:     I2C_Master_Wait();
  1129     0658  120A  118A  2628  120A  118A  	fcall	_I2C_Master_Wait
  1130     065D                     l690:
  1131                           
  1132                           ;I2C_EEPROM.c: 53:     return SSPBUF;
  1133     065D  1283               	bcf	3,5	;RP0=0, select bank0
  1134     065E  1303               	bcf	3,6	;RP1=0, select bank0
  1135     065F  0813               	movf	19,w	;volatile
  1136     0660                     l80:
  1137     0660  0008               	return
  1138     0661                     __end_of_I2C_Read_Byte:
  1139                           
  1140                           	psect	text6
  1141     061C                     __ptext6:	
  1142 ;; *************** function _I2C_NACK *****************
  1143 ;; Defined at:
  1144 ;;		line 61 in file "I2C_EEPROM.c"
  1145 ;; Parameters:    Size  Location     Type
  1146 ;;		None
  1147 ;; Auto vars:     Size  Location     Type
  1148 ;;		None
  1149 ;; Return value:  Size  Location     Type
  1150 ;;                  1    wreg      void 
  1151 ;; Registers used:
  1152 ;;		wreg, status,2, status,0, pclath, cstack
  1153 ;; Tracked objects:
  1154 ;;		On entry : 0/0
  1155 ;;		On exit  : 0/0
  1156 ;;		Unchanged: 0/0
  1157 ;; Data sizes:     COMMON   BANK0   BANK1   BANK3   BANK2
  1158 ;;      Params:         0       0       0       0       0
  1159 ;;      Locals:         0       0       0       0       0
  1160 ;;      Temps:          0       0       0       0       0
  1161 ;;      Totals:         0       0       0       0       0
  1162 ;;Total ram usage:        0 bytes
  1163 ;; Hardware stack levels used: 1
  1164 ;; Hardware stack levels required when called: 1
  1165 ;; This function calls:
  1166 ;;		_I2C_Master_Wait
  1167 ;; This function is called by:
  1168 ;;		_EEPROM_Read
  1169 ;; This function uses a non-reentrant model
  1170 ;;
  1171                           
  1172     061C                     _I2C_NACK:	
  1173                           ;psect for function _I2C_NACK
  1174                           
  1175     061C                     l694:	
  1176                           ;incstack = 0
  1177                           ; Regs used in _I2C_NACK: [wreg+status,2+status,0+pclath+cstack]
  1178                           
  1179                           
  1180                           ;I2C_EEPROM.c: 63:  ACKDT = 1;
  1181     061C  1683               	bsf	3,5	;RP0=1, select bank1
  1182     061D  1303               	bcf	3,6	;RP1=0, select bank1
  1183     061E  1691               	bsf	17,5	;volatile
  1184     061F                     l696:
  1185                           
  1186                           ;I2C_EEPROM.c: 64:     I2C_Master_Wait();
  1187     061F  120A  118A  2628  120A  118A  	fcall	_I2C_Master_Wait
  1188     0624                     l698:
  1189                           
  1190                           ;I2C_EEPROM.c: 65:  ACKEN = 1;
  1191     0624  1683               	bsf	3,5	;RP0=1, select bank1
  1192     0625  1303               	bcf	3,6	;RP1=0, select bank1
  1193     0626  1611               	bsf	17,4	;volatile
  1194     0627                     l86:
  1195     0627  0008               	return
  1196     0628                     __end_of_I2C_NACK:
  1197                           
  1198                           	psect	text7
  1199     0635                     __ptext7:	
  1200 ;; *************** function _I2C_Master_Write *****************
  1201 ;; Defined at:
  1202 ;;		line 37 in file "I2C_EEPROM.c"
  1203 ;; Parameters:    Size  Location     Type
  1204 ;;  data            1    wreg     unsigned char 
  1205 ;; Auto vars:     Size  Location     Type
  1206 ;;  data            1    0[COMMON] unsigned char 
  1207 ;; Return value:  Size  Location     Type
  1208 ;;                  1    wreg      unsigned char 
  1209 ;; Registers used:
  1210 ;;		wreg, status,2, status,0, pclath, cstack
  1211 ;; Tracked objects:
  1212 ;;		On entry : 0/0
  1213 ;;		On exit  : 0/0
  1214 ;;		Unchanged: 0/0
  1215 ;; Data sizes:     COMMON   BANK0   BANK1   BANK3   BANK2
  1216 ;;      Params:         0       0       0       0       0
  1217 ;;      Locals:         1       0       0       0       0
  1218 ;;      Temps:          0       0       0       0       0
  1219 ;;      Totals:         1       0       0       0       0
  1220 ;;Total ram usage:        1 bytes
  1221 ;; Hardware stack levels used: 1
  1222 ;; Hardware stack levels required when called: 1
  1223 ;; This function calls:
  1224 ;;		_I2C_Master_Wait
  1225 ;; This function is called by:
  1226 ;;		_EEPROM_Write
  1227 ;;		_EEPROM_Read
  1228 ;;		_EEPROM_Write_Page
  1229 ;;		_EEPROM_Read_Page
  1230 ;; This function uses a non-reentrant model
  1231 ;;
  1232                           
  1233     0635                     _I2C_Master_Write:	
  1234                           ;psect for function _I2C_Master_Write
  1235                           
  1236                           
  1237                           ;incstack = 0
  1238                           ; Regs used in _I2C_Master_Write: [wreg+status,2+status,0+pclath+cstack]
  1239                           ;I2C_Master_Write@data stored from wreg
  1240     0635  00F0               	movwf	I2C_Master_Write@data
  1241     0636                     l676:
  1242                           
  1243                           ;I2C_EEPROM.c: 37: unsigned char I2C_Master_Write(unsigned char data);I2C_EEPROM.c: 38: 
      +                          {;I2C_EEPROM.c: 39:     I2C_Master_Wait();
  1244     0636  120A  118A  2628  120A  118A  	fcall	_I2C_Master_Wait
  1245     063B                     l678:
  1246                           
  1247                           ;I2C_EEPROM.c: 40:     SSPBUF = data;
  1248     063B  0870               	movf	I2C_Master_Write@data,w
  1249     063C  1283               	bcf	3,5	;RP0=0, select bank0
  1250     063D  1303               	bcf	3,6	;RP1=0, select bank0
  1251     063E  0093               	movwf	19	;volatile
  1252     063F                     l71:	
  1253                           ;I2C_EEPROM.c: 41:     while(!SSPIF);
  1254                           
  1255     063F  1D8C               	btfss	12,3	;volatile
  1256     0640  2E42               	goto	u31
  1257     0641  2E43               	goto	u30
  1258     0642                     u31:
  1259     0642  2E3F               	goto	l71
  1260     0643                     u30:
  1261     0643                     l73:
  1262                           
  1263                           ;I2C_EEPROM.c: 42:  SSPIF = 0;
  1264     0643  118C               	bcf	12,3	;volatile
  1265     0644                     l680:
  1266                           
  1267                           ;I2C_EEPROM.c: 43:     return ACKSTAT;
  1268     0644  3000               	movlw	0
  1269     0645  1683               	bsf	3,5	;RP0=1, select bank1
  1270     0646  1303               	bcf	3,6	;RP1=0, select bank1
  1271     0647  1B11               	btfsc	17,6	;volatile
  1272     0648  3001               	movlw	1
  1273     0649                     l74:
  1274     0649  0008               	return
  1275     064A                     __end_of_I2C_Master_Write:
  1276                           
  1277                           	psect	text8
  1278     0613                     __ptext8:	
  1279 ;; *************** function _I2C_Master_Stop *****************
  1280 ;; Defined at:
  1281 ;;		line 32 in file "I2C_EEPROM.c"
  1282 ;; Parameters:    Size  Location     Type
  1283 ;;		None
  1284 ;; Auto vars:     Size  Location     Type
  1285 ;;		None
  1286 ;; Return value:  Size  Location     Type
  1287 ;;                  1    wreg      void 
  1288 ;; Registers used:
  1289 ;;		wreg, status,2, status,0, pclath, cstack
  1290 ;; Tracked objects:
  1291 ;;		On entry : 0/0
  1292 ;;		On exit  : 0/0
  1293 ;;		Unchanged: 0/0
  1294 ;; Data sizes:     COMMON   BANK0   BANK1   BANK3   BANK2
  1295 ;;      Params:         0       0       0       0       0
  1296 ;;      Locals:         0       0       0       0       0
  1297 ;;      Temps:          0       0       0       0       0
  1298 ;;      Totals:         0       0       0       0       0
  1299 ;;Total ram usage:        0 bytes
  1300 ;; Hardware stack levels used: 1
  1301 ;; Hardware stack levels required when called: 1
  1302 ;; This function calls:
  1303 ;;		_I2C_Master_Wait
  1304 ;; This function is called by:
  1305 ;;		_EEPROM_Write
  1306 ;;		_EEPROM_Read
  1307 ;;		_EEPROM_Write_Page
  1308 ;;		_EEPROM_Read_Page
  1309 ;; This function uses a non-reentrant model
  1310 ;;
  1311                           
  1312     0613                     _I2C_Master_Stop:	
  1313                           ;psect for function _I2C_Master_Stop
  1314                           
  1315     0613                     l672:	
  1316                           ;incstack = 0
  1317                           ; Regs used in _I2C_Master_Stop: [wreg+status,2+status,0+pclath+cstack]
  1318                           
  1319                           
  1320                           ;I2C_EEPROM.c: 34:     I2C_Master_Wait();
  1321     0613  120A  118A  2628  120A  118A  	fcall	_I2C_Master_Wait
  1322     0618                     l674:
  1323                           
  1324                           ;I2C_EEPROM.c: 35:     PEN = 1;
  1325     0618  1683               	bsf	3,5	;RP0=1, select bank1
  1326     0619  1303               	bcf	3,6	;RP1=0, select bank1
  1327     061A  1511               	bsf	17,2	;volatile
  1328     061B                     l68:
  1329     061B  0008               	return
  1330     061C                     __end_of_I2C_Master_Stop:
  1331                           
  1332                           	psect	text9
  1333     060A                     __ptext9:	
  1334 ;; *************** function _I2C_Master_Start *****************
  1335 ;; Defined at:
  1336 ;;		line 22 in file "I2C_EEPROM.c"
  1337 ;; Parameters:    Size  Location     Type
  1338 ;;		None
  1339 ;; Auto vars:     Size  Location     Type
  1340 ;;		None
  1341 ;; Return value:  Size  Location     Type
  1342 ;;                  1    wreg      void 
  1343 ;; Registers used:
  1344 ;;		wreg, status,2, status,0, pclath, cstack
  1345 ;; Tracked objects:
  1346 ;;		On entry : 0/0
  1347 ;;		On exit  : 0/0
  1348 ;;		Unchanged: 0/0
  1349 ;; Data sizes:     COMMON   BANK0   BANK1   BANK3   BANK2
  1350 ;;      Params:         0       0       0       0       0
  1351 ;;      Locals:         0       0       0       0       0
  1352 ;;      Temps:          0       0       0       0       0
  1353 ;;      Totals:         0       0       0       0       0
  1354 ;;Total ram usage:        0 bytes
  1355 ;; Hardware stack levels used: 1
  1356 ;; Hardware stack levels required when called: 1
  1357 ;; This function calls:
  1358 ;;		_I2C_Master_Wait
  1359 ;; This function is called by:
  1360 ;;		_EEPROM_Write
  1361 ;;		_EEPROM_Read
  1362 ;;		_EEPROM_Write_Page
  1363 ;;		_EEPROM_Read_Page
  1364 ;; This function uses a non-reentrant model
  1365 ;;
  1366                           
  1367     060A                     _I2C_Master_Start:	
  1368                           ;psect for function _I2C_Master_Start
  1369                           
  1370     060A                     l664:	
  1371                           ;incstack = 0
  1372                           ; Regs used in _I2C_Master_Start: [wreg+status,2+status,0+pclath+cstack]
  1373                           
  1374                           
  1375                           ;I2C_EEPROM.c: 24:     I2C_Master_Wait();
  1376     060A  120A  118A  2628  120A  118A  	fcall	_I2C_Master_Wait
  1377     060F                     l666:
  1378                           
  1379                           ;I2C_EEPROM.c: 25:     SEN = 1;
  1380     060F  1683               	bsf	3,5	;RP0=1, select bank1
  1381     0610  1303               	bcf	3,6	;RP1=0, select bank1
  1382     0611  1411               	bsf	17,0	;volatile
  1383     0612                     l62:
  1384     0612  0008               	return
  1385     0613                     __end_of_I2C_Master_Start:
  1386                           
  1387                           	psect	text10
  1388     0601                     __ptext10:	
  1389 ;; *************** function _I2C_Master_RepeatedStart *****************
  1390 ;; Defined at:
  1391 ;;		line 27 in file "I2C_EEPROM.c"
  1392 ;; Parameters:    Size  Location     Type
  1393 ;;		None
  1394 ;; Auto vars:     Size  Location     Type
  1395 ;;		None
  1396 ;; Return value:  Size  Location     Type
  1397 ;;                  1    wreg      void 
  1398 ;; Registers used:
  1399 ;;		wreg, status,2, status,0, pclath, cstack
  1400 ;; Tracked objects:
  1401 ;;		On entry : 0/0
  1402 ;;		On exit  : 0/0
  1403 ;;		Unchanged: 0/0
  1404 ;; Data sizes:     COMMON   BANK0   BANK1   BANK3   BANK2
  1405 ;;      Params:         0       0       0       0       0
  1406 ;;      Locals:         0       0       0       0       0
  1407 ;;      Temps:          0       0       0       0       0
  1408 ;;      Totals:         0       0       0       0       0
  1409 ;;Total ram usage:        0 bytes
  1410 ;; Hardware stack levels used: 1
  1411 ;; Hardware stack levels required when called: 1
  1412 ;; This function calls:
  1413 ;;		_I2C_Master_Wait
  1414 ;; This function is called by:
  1415 ;;		_EEPROM_Write
  1416 ;;		_EEPROM_Read
  1417 ;;		_EEPROM_Write_Page
  1418 ;;		_EEPROM_Read_Page
  1419 ;; This function uses a non-reentrant model
  1420 ;;
  1421                           
  1422     0601                     _I2C_Master_RepeatedStart:	
  1423                           ;psect for function _I2C_Master_RepeatedStart
  1424                           
  1425     0601                     l668:	
  1426                           ;incstack = 0
  1427                           ; Regs used in _I2C_Master_RepeatedStart: [wreg+status,2+status,0+pclath+cstack]
  1428                           
  1429                           
  1430                           ;I2C_EEPROM.c: 29:     I2C_Master_Wait();
  1431     0601  120A  118A  2628  120A  118A  	fcall	_I2C_Master_Wait
  1432     0606                     l670:
  1433                           
  1434                           ;I2C_EEPROM.c: 30:     RSEN = 1;
  1435     0606  1683               	bsf	3,5	;RP0=1, select bank1
  1436     0607  1303               	bcf	3,6	;RP1=0, select bank1
  1437     0608  1491               	bsf	17,1	;volatile
  1438     0609                     l65:
  1439     0609  0008               	return
  1440     060A                     __end_of_I2C_Master_RepeatedStart:
  1441                           
  1442                           	psect	text11
  1443     0628                     __ptext11:	
  1444 ;; *************** function _I2C_Master_Wait *****************
  1445 ;; Defined at:
  1446 ;;		line 18 in file "I2C_EEPROM.c"
  1447 ;; Parameters:    Size  Location     Type
  1448 ;;		None
  1449 ;; Auto vars:     Size  Location     Type
  1450 ;;		None
  1451 ;; Return value:  Size  Location     Type
  1452 ;;                  1    wreg      void 
  1453 ;; Registers used:
  1454 ;;		wreg, status,2
  1455 ;; Tracked objects:
  1456 ;;		On entry : 0/0
  1457 ;;		On exit  : 0/0
  1458 ;;		Unchanged: 0/0
  1459 ;; Data sizes:     COMMON   BANK0   BANK1   BANK3   BANK2
  1460 ;;      Params:         0       0       0       0       0
  1461 ;;      Locals:         0       0       0       0       0
  1462 ;;      Temps:          0       0       0       0       0
  1463 ;;      Totals:         0       0       0       0       0
  1464 ;;Total ram usage:        0 bytes
  1465 ;; Hardware stack levels used: 1
  1466 ;; This function calls:
  1467 ;;		Nothing
  1468 ;; This function is called by:
  1469 ;;		_I2C_Master_Start
  1470 ;;		_I2C_Master_RepeatedStart
  1471 ;;		_I2C_Master_Stop
  1472 ;;		_I2C_Master_Write
  1473 ;;		_I2C_Read_Byte
  1474 ;;		_I2C_NACK
  1475 ;;		_I2C_ACK
  1476 ;; This function uses a non-reentrant model
  1477 ;;
  1478                           
  1479     0628                     _I2C_Master_Wait:	
  1480                           ;psect for function _I2C_Master_Wait
  1481                           
  1482     0628                     l660:	
  1483                           ;incstack = 0
  1484                           ; Regs used in _I2C_Master_Wait: [wreg+status,2]
  1485                           
  1486     0628                     l56:	
  1487                           ;I2C_EEPROM.c: 20:     while ((SSPSTAT & 0x04) || (SSPCON2 & 0x1F));
  1488                           
  1489     0628  1683               	bsf	3,5	;RP0=1, select bank1
  1490     0629  1303               	bcf	3,6	;RP1=0, select bank1
  1491     062A  1914               	btfsc	20,2	;volatile
  1492     062B  2E2D               	goto	u11
  1493     062C  2E2E               	goto	u10
  1494     062D                     u11:
  1495     062D  2E28               	goto	l56
  1496     062E                     u10:
  1497     062E                     l662:
  1498     062E  0811               	movf	17,w	;volatile
  1499     062F  391F               	andlw	31
  1500     0630  1D03               	btfss	3,2
  1501     0631  2E33               	goto	u21
  1502     0632  2E34               	goto	u20
  1503     0633                     u21:
  1504     0633  2E28               	goto	l56
  1505     0634                     u20:
  1506     0634                     l59:
  1507     0634  0008               	return
  1508     0635                     __end_of_I2C_Master_Wait:
  1509     0002                     ___latbits      equ	2
  1510     007E                     btemp           set	126	;btemp
  1511     007E                     wtemp0          set	126
  1512                           
  1513                           	psect	idloc
  1514                           
  1515                           ;Config register IDLOC0 @ 0x2000
  1516                           ;	unspecified, using default values
  1517     2000                     	org	8192
  1518     2000  3FFF               	dw	16383
  1519                           
  1520                           ;Config register IDLOC1 @ 0x2001
  1521                           ;	unspecified, using default values
  1522     2001                     	org	8193
  1523     2001  3FFF               	dw	16383
  1524                           
  1525                           ;Config register IDLOC2 @ 0x2002
  1526                           ;	unspecified, using default values
  1527     2002                     	org	8194
  1528     2002  3FFF               	dw	16383
  1529                           
  1530                           ;Config register IDLOC3 @ 0x2003
  1531                           ;	unspecified, using default values
  1532     2003                     	org	8195
  1533     2003  3FFF               	dw	16383
  1534                           
  1535                           	psect	config
  1536                           
  1537                           ;Config register CONFIG @ 0x2007
  1538                           ;	Oscillator Selection bits
  1539                           ;	FOSC = HS, HS oscillator
  1540                           ;	Watchdog Timer Enable bit
  1541                           ;	WDTE = OFF, WDT disabled
  1542                           ;	Power-up Timer Enable bit
  1543                           ;	PWRTE = OFF, PWRT disabled
  1544                           ;	Brown-out Reset Enable bit
  1545                           ;	BOREN = OFF, BOR disabled
  1546                           ;	Low-Voltage (Single-Supply) In-Circuit Serial Programming Enable bit
  1547                           ;	LVP = OFF, RB3 is digital I/O, HV on MCLR must be used for programming
  1548                           ;	Data EEPROM Memory Code Protection bit
  1549                           ;	CPD = OFF, Data EEPROM code protection off
  1550                           ;	Flash Program Memory Write Enable bits
  1551                           ;	WRT = OFF, Write protection off; all program memory may be written to by EECON control
  1552                           ;	In-Circuit Debugger Mode bit
  1553                           ;	DEBUG = 0x1, unprogrammed default
  1554                           ;	Flash Program Memory Code Protection bit
  1555                           ;	CP = OFF, Code protection off
  1556     2007                     	org	8199
  1557     2007  3F3A               	dw	16186

Data Sizes:
    Strings     0
    Constant    0
    Data        0
    BSS         0
    Persistent  0
    Stack       0

Auto Spaces:
    Space          Size  Autos    Used
    COMMON           14     14      14
    BANK0            80     11      11
    BANK1            80      0       0
    BANK3            96      0       0
    BANK2            96      0       0

Pointer List with Targets:

    None.

Critical Paths under _main in COMMON

    _I2C_Master_Init->___lldiv
    _EEPROM_Write->_I2C_Master_Write
    _EEPROM_Read->_I2C_Master_Write

Critical Paths under _main in BANK0

    _main->_I2C_Master_Init

Critical Paths under _main in BANK1

    None.

Critical Paths under _main in BANK3

    None.

Critical Paths under _main in BANK2

    None.

Call Graph Tables:

 ---------------------------------------------------------------------------------
 (Depth) Function   	        Calls       Base Space   Used Autos Params    Refs
 ---------------------------------------------------------------------------------
 (0) _main                                                 3     3      0     359
                                              8 BANK0      3     3      0
                        _EEPROM_Read
                       _EEPROM_Write
                    _I2C_Master_Init
 ---------------------------------------------------------------------------------
 (1) _I2C_Master_Init                                      8     4      4     187
                                              0 BANK0      8     4      4
                            ___lldiv
 ---------------------------------------------------------------------------------
 (2) ___lldiv                                             14     6      8     164
                                              0 COMMON    14     6      8
 ---------------------------------------------------------------------------------
 (1) _EEPROM_Write                                         3     0      3      87
                                              1 COMMON     3     0      3
           _I2C_Master_RepeatedStart
                   _I2C_Master_Start
                    _I2C_Master_Stop
                   _I2C_Master_Write
 ---------------------------------------------------------------------------------
 (1) _EEPROM_Read                                          3     1      2      85
                                              1 COMMON     3     1      2
           _I2C_Master_RepeatedStart
                   _I2C_Master_Start
                    _I2C_Master_Stop
                   _I2C_Master_Write
                           _I2C_NACK
                      _I2C_Read_Byte
 ---------------------------------------------------------------------------------
 (2) _I2C_Read_Byte                                        0     0      0       0
                    _I2C_Master_Wait
 ---------------------------------------------------------------------------------
 (2) _I2C_NACK                                             0     0      0       0
                    _I2C_Master_Wait
 ---------------------------------------------------------------------------------
 (2) _I2C_Master_Write                                     1     1      0      15
                                              0 COMMON     1     1      0
                    _I2C_Master_Wait
 ---------------------------------------------------------------------------------
 (2) _I2C_Master_Stop                                      0     0      0       0
                    _I2C_Master_Wait
 ---------------------------------------------------------------------------------
 (2) _I2C_Master_Start                                     0     0      0       0
                    _I2C_Master_Wait
 ---------------------------------------------------------------------------------
 (2) _I2C_Master_RepeatedStart                             0     0      0       0
                    _I2C_Master_Wait
 ---------------------------------------------------------------------------------
 (3) _I2C_Master_Wait                                      0     0      0       0
 ---------------------------------------------------------------------------------
 Estimated maximum stack depth 3
 ---------------------------------------------------------------------------------

 Call Graph Graphs:

 _main (ROOT)
   _EEPROM_Read
     _I2C_Master_RepeatedStart
       _I2C_Master_Wait
     _I2C_Master_Start
       _I2C_Master_Wait
     _I2C_Master_Stop
       _I2C_Master_Wait
     _I2C_Master_Write
       _I2C_Master_Wait
     _I2C_NACK
       _I2C_Master_Wait
     _I2C_Read_Byte
       _I2C_Master_Wait
   _EEPROM_Write
     _I2C_Master_RepeatedStart
     _I2C_Master_Start
     _I2C_Master_Stop
     _I2C_Master_Write
   _I2C_Master_Init
     ___lldiv

Address spaces:
Name               Size   Autos  Total    Usage
BITCOMMON           14      0       0      0.0%
BITBANK0            80      0       0      0.0%
BITBANK1            80      0       0      0.0%
BITBANK3            96      0       0      0.0%
BITBANK2            96      0       0      0.0%
COMMON              14     14      14    100.0%
BANK0               80     11      11     13.8%
BANK1               80      0       0      0.0%
BANK3               96      0       0      0.0%
BANK2               96      0       0      0.0%
STACK                0      0       0      0.0%
DATA                 0      0      25      0.0%


Microchip Technology PIC Macro Assembler V3.00 build 20241204225717 
Symbol Table                                                                                   Sat Jul 12 12:51:40 2025

                              l17 07F8                                l18 07F8                                l53 06C6  
                              l62 0612                                l71 063F                                l56 0628  
                              l80 0660                                l65 0609                                l73 0643  
                              l74 0649                                l59 0634                                l68 061B  
                              l92 068E                                l77 0652                                l86 0627  
                              l79 0657                                l89 066C                                u10 062E  
                              u11 062D                                u20 0634                                u21 0633  
                              u30 0643                                u31 0642                                u40 0657  
                              u41 0656                               l104 06D2                               l107 0705  
                             l238 0769                               l660 0628                               l820 0724  
                             l662 062E                               l670 0606                               l830 0752  
                             l822 0728                               l814 0706                               l664 060A  
                             l672 0613                               l680 0644                               l832 075B  
                             l824 0731                               l816 0716                               l840 0693  
                             l666 060F                               l674 0618                               l690 065D  
                             l850 0661                               l826 0743                               l818 0719  
                             l834 0761                               l842 0696                               l668 0601  
                             l676 0636                               l684 064A                               l860 06DD  
                             l852 0667                               l828 0751                               l844 06C3  
                             l678 063B                               l694 061C                               l686 064F  
                             l862 0704                               l854 0677                               l846 06C4  
                             l838 068F                               l870 077C                               l696 061F  
                             l688 0658                               l856 06C7                               l848 06C5  
                             l880 07AA                               l872 0787                               l698 0624  
                             l858 06CD                               l882 07B6                               l874 0792  
                             l866 076A                               l884 07D0                               l876 079D  
                             l868 0779                               l886 07DE                               l878 07A7  
                             u210 0728                               u211 0727                               u205 071B  
                             u230 0743                               u231 0742                               u225 072A  
                             u250 0761                               u251 0760                               u235 073F  
                             u307 07BE                               u260 06A6                               u245 0753  
                             u317 07D8                               u270 0677                               u190 0716  
                             u271 0676                               u191 0715                               u327 07F2  
                             u280 06DD                               _PEN 048A                               u281 06DC  
                             u265 06A1                               u297 07A3                               _SEN 0488  
                            _RCEN 048B                              _RSEN 0489                  __end_of_I2C_NACK 0628  
__end_of_I2C_Master_RepeatedStart 060A                              _main 076A                              btemp 007E  
                            start 0000                   EEPROM_Write@add 0071              __end_of_EEPROM_Write 068F  
                ?_I2C_Master_Init 0020                  ?_I2C_Master_Wait 0070                  ?_I2C_Master_Stop 0070  
                           ?_main 0070                             _ACKEN 048C                             _ACKDT 048D  
                 __end_of___lldiv 076A                             _PORTD 0008                             _TRISD 0088  
                           _SSPIF 0063                             status 0003                             wtemp0 007E  
                EEPROM_Write@data 0073                   __initialization 07FC                      __end_of_main 07FC  
                          ??_main 0028                 ?_I2C_Master_Start 0070                 ?_I2C_Master_Write 0070  
              ??_I2C_Master_Start 0070                ??_I2C_Master_Write 0070                            _SSPADD 0093  
                          _TRISC3 043B                            _TRISC4 043C                            _SSPCON 0014  
                          _SSPBUF 0013          _I2C_Master_RepeatedStart 0601                     _I2C_Read_Byte 064A  
                       ??___lldiv 0078                         ?_I2C_NACK 0070           __end_of__initialization 07FC  
                  ?_I2C_Read_Byte 0070                    __pcstackCOMMON 0070                        ??_I2C_NACK 0070  
                    _EEPROM_Write 0661                        __pmaintext 076A                           _ACKSTAT 048E  
                         _SSPCON2 0091                           _SSPSTAT 0094                   ??_I2C_Read_Byte 0070  
                         ___lldiv 0706                           __ptext1 068F                           __ptext2 0706  
                         __ptext3 0661                           __ptext4 06C7                           __ptext5 064A  
                         __ptext6 061C                           __ptext7 0635                           __ptext8 0613  
                         __ptext9 060A              end_of_initialization 07FC        ??_I2C_Master_RepeatedStart 0070  
                   ??_EEPROM_Read 0073                   ___lldiv@divisor 0070                   ___lldiv@counter 007D  
             __end_of_EEPROM_Read 0706               start_initialization 07FC                 ??_I2C_Master_Init 0024  
               ??_I2C_Master_Wait 0070                 ??_I2C_Master_Stop 0070                         ___latbits 0002  
                   __pcstackBANK0 0020                       _EEPROM_Read 06C7                  _I2C_Master_Start 060A  
                _I2C_Master_Write 0635                          ?___lldiv 0070              I2C_Master_Write@data 0070  
                        _I2C_NACK 061C             __end_of_I2C_Read_Byte 0661               I2C_Master_Init@baud 0020  
       ?_I2C_Master_RepeatedStart 0070                   _I2C_Master_Init 068F                   _I2C_Master_Wait 0628  
                 _I2C_Master_Stop 0613                          __ptext10 0601                          __ptext11 0628  
                   ?_EEPROM_Write 0071          __end_of_I2C_Master_Start 0613          __end_of_I2C_Master_Write 064A  
                  ??_EEPROM_Write 0074                      ?_EEPROM_Read 0071                  ___lldiv@dividend 0074  
         __end_of_I2C_Master_Init 06C7           __end_of_I2C_Master_Wait 0635           __end_of_I2C_Master_Stop 061C  
                ___lldiv@quotient 0079                   EEPROM_Read@Data 0073                    EEPROM_Read@add 0071  
