Microchip MPLAB XC8 Compiler V3.00

Linker command line:

-W-3 \
  --edf=D:\Program Files\Microchip\xc8\v3.00\pic\dat\20241204225717_en.msgs \
  -cn -h+dist/default/production\Class_4_Class_Pro_Set_Spd.X.production.sym \
  --cmf=dist/default/production\Class_4_Class_Pro_Set_Spd.X.production.cmf \
  -z -Q16F877A -oC:\Users\sagar\AppData\Local\Temp\xcAsknc.\driver_tmp_3.o \
  --defsym=__MPLAB_BUILD=1 --fixupoverflow=error \
  -Mdist/default/production/Class_4_Class_Pro_Set_Spd.X.production.map \
  --md=C:\Users\sagar\AppData\Local\Temp\xcAsknc.\driver_tmp_0.dat -E1 \
  -ver=XC8 Compiler -ACODE=00h-07FFhx4 -ASTRCODE=00h-01FFFh \
  -ASTRING=00h-0FFhx32 -ACONST=00h-0FFhx32 -AENTRY=00h-0FFhx32 \
  -ACOMMON=070h-07Fh -ABANK0=020h-06Fh -ABANK1=0A0h-0EFh \
  -ABANK2=0110h-016Fh -ABANK3=0190h-01EFh \
  -ARAM=020h-06Fh,0A0h-0EFh,0110h-016Fh,0190h-01EFh \
  -AABS1=020h-07Fh,0A0h-0EFh,0110h-016Fh,0190h-01EFh -ASFR0=00h-01Fh \
  -ASFR1=080h-09Fh -ASFR2=0100h-010Fh -ASFR3=0180h-018Fh \
  -ACONFIG=02007h-02007h -DCONFIG=2 -AIDLOC=02000h-02003h -DIDLOC=2 \
  -AEEDATA=00h-0FFh/02100h -peeprom_data=EEDATA -DEEDATA=2 -DCODE=2 \
  -DSTRCODE=2 -DSTRING=2 -DCONST=2 -DENTRY=2 \
  -preset_vec=00h,intentry,sivt,init,end_init -ppowerup=CODE -pcinit=CODE \
  -pfunctab=ENTRY -k dist/default/production\startup.o \
  dist/default/production\Class_4_Class_Pro_Set_Spd.X.production.o 

Object code version is 3.11

Machine type is 16F877A



                Name                               Link     Load   Length Selector   Space Scale
dist/default/production\startup.o
                end_init                              0        0        3        0       0
                config                             2007     2007        1        0       4
dist/default/production\Class_4_Class_Pro_Set_Spd.X.production.o
                cinit                               7E8      7E8       18      FD0       0
                config                             2007     2007        1        0       4
                text7                               564      564       1A      AC8       0
                text6                               69D      69D       9B      D3A       0
                text5                               54B      54B       19      A96       0
                text4                               5D2      5D2       42      BA4       0
                text3                               59A      59A       38      B34       0
                text2                               614      614       89      C28       0
                text1                               738      738       B0      E70       0
                maintext                            57E      57E       1C      AFC       0
                cstackBANK0                          2F       2F        B       20       1
                cstackCOMMON                         70       70        E       70       1
                inittext                            538      538       13      A70       0
                dataBANK0                            20       20        F       20       1
                bssBANK0                             3A       3A        6       20       1
                idataBANK0                          529      529        F      A52       0

TOTAL           Name                               Link     Load   Length     Space
        CLASS   CODE           
                end_init                              0        0        3         0
                cinit                               7E8      7E8       18         0
                text7                               564      564       1A         0
                text6                               69D      69D       9B         0
                text5                               54B      54B       19         0
                text4                               5D2      5D2       42         0
                text3                               59A      59A       38         0
                text2                               614      614       89         0
                text1                               738      738       B0         0
                maintext                            57E      57E       1C         0
                inittext                            538      538       13         0
                idataBANK0                          529      529        F         0

        CLASS   STRCODE        

        CLASS   STRING         

        CLASS   CONST          

        CLASS   ENTRY          

        CLASS   COMMON         
                cstackCOMMON                         70       70        E         1

        CLASS   BANK0          
                cstackBANK0                          2F       2F        B         1
                dataBANK0                            20       20        F         1
                bssBANK0                             3A       3A        6         1

        CLASS   BANK1          

        CLASS   BANK2          

        CLASS   BANK3          

        CLASS   RAM            

        CLASS   ABS1           
                abs_s1                               7E       7E        2         1

        CLASS   SFR0           

        CLASS   SFR1           

        CLASS   SFR2           

        CLASS   SFR3           

        CLASS   CONFIG         
                config                             2007     2007        1         4

        CLASS   IDLOC          

        CLASS   EEDATA         

        CLASS   HEAP           

        CLASS   STACK          



SEGMENTS        Name                           Load    Length   Top    Selector   Space  Class     Delta

                reset_vec                      000000  000003  000003         0       0  CODE        2
                dataBANK0                      000020  000020  000040        20       1  BANK0       1
                cstackCOMMON                   000070  00000E  00007E        70       1  COMMON      1
                idataBANK0                     000529  00000F  000538       A52       0  CODE        2
                inittext                       000538  000013  00054B       A70       0  CODE        2
                text5                          00054B  000019  000564       A96       0  CODE        2
                text7                          000564  00001A  00057E       AC8       0  CODE        2
                maintext                       00057E  00001C  00059A       AFC       0  CODE        2
                text3                          00059A  000038  0005D2       B34       0  CODE        2
                text4                          0005D2  000042  000614       BA4       0  CODE        2
                text2                          000614  000089  00069D       C28       0  CODE        2
                text6                          00069D  00009B  000738       D3A       0  CODE        2
                text1                          000738  0000B0  0007E8       E70       0  CODE        2
                cinit                          0007E8  000018  000800       FD0       0  CODE        2


UNUSED ADDRESS RANGES

        Name                Unused          Largest block    Delta
        BANK0            0040-006F             30           1
        BANK1            00A0-00EF             50           1
        BANK2            0110-016F             60           1
        BANK3            0190-01EF             60           1
        CODE             0003-0528            526           2
                         0800-1FFF            800
        CONST            0003-0528            100           2
                         0800-1FFF            100
        EEDATA           2100-21FF            100           2
        ENTRY            0003-0528            100           2
                         0800-1FFF            100
        IDLOC            2000-2003              4           2
        RAM              0040-006F             30           1
                         00A0-00EF             50
                         0110-016F             60
                         0190-01EF             60
        SFR0             0000-001F             20           1
        SFR1             0080-009F             20           1
        SFR2             0100-010F             10           1
        SFR3             0180-018F             10           1
        STRCODE          0003-0528            526           2
                         0800-1FFF           1800
        STRING           0003-0528            100           2
                         0800-1FFF            100

                                  Symbol Table

?___lwdiv                cstackCOMMON 0075
?___lwmod                cstackCOMMON 0070
LcdCommand@i             cstackCOMMON 0073
LcdData@i                cstackCOMMON 0073
LcdOutput@d1             cstackBANK0  002F
LcdOutput@d2             cstackBANK0  0030
LcdOutput@d3             cstackBANK0  0031
LcdOutput@d4             cstackBANK0  0032
LcdOutput@i              cstackCOMMON 007C
_Array                   dataBANK0    0020
_LcdCommand              text7        0564
_LcdData                 text5        054B
_LcdOutput               text2        0614
_Lcdinit                 text6        069D
_OPTION_REG              (abs)        0081
_PORTB                   (abs)        0006
_PORTC                   (abs)        0007
_PORTD                   (abs)        0008
_TRISB                   (abs)        0086
_TRISC                   (abs)        0087
_TRISD                   (abs)        0088
__H__absolute__          __absolute__ 0000
__Habs1                  abs1         0000
__Hbank0                 bank0        0000
__Hbank1                 bank1        0000
__Hbank2                 bank2        0000
__Hbank3                 bank3        0000
__HbssBANK0              bssBANK0     0000
__Hcinit                 cinit        0800
__Hclrtext               clrtext      0000
__Hcode                  code         0000
__Hcommon                common       0000
__Hconfig                config       2008
__HcstackBANK0           cstackBANK0  0000
__HcstackCOMMON          cstackCOMMON 0000
__HdataBANK0             dataBANK0    0000
__Heeprom_data           eeprom_data  0000
__Hend_init              end_init     0003
__Hfunctab               functab      0000
__Hheap                  heap         0000
__HidataBANK0            idataBANK0   0000
__Hinit                  init         0000
__Hinittext              inittext     0000
__Hintentry              intentry     0000
__Hmaintext              maintext     0000
__Hpowerup               powerup      0000
__Hram                   ram          0000
__Hreset_vec             reset_vec    0000
__Hsfr0                  sfr0         0000
__Hsfr1                  sfr1         0000
__Hsfr2                  sfr2         0000
__Hsfr3                  sfr3         0000
__Hsivt                  sivt         0000
__Hspace_0               (abs)        0800
__Hspace_1               (abs)        007E
__Hspace_2               (abs)        0000
__Hspace_3               (abs)        0000
__Hspace_4               (abs)        400F
__Hstack                 stack        0000
__Hstrings               strings      0000
__Htext                  text         0000
__L__absolute__          __absolute__ 0000
__Labs1                  abs1         0000
__Lbank0                 bank0        0000
__Lbank1                 bank1        0000
__Lbank2                 bank2        0000
__Lbank3                 bank3        0000
__LbssBANK0              bssBANK0     0000
__Lcinit                 cinit        07E8
__Lclrtext               clrtext      0000
__Lcode                  code         0000
__Lcommon                common       0000
__Lconfig                config       0000
__LcstackBANK0           cstackBANK0  0000
__LcstackCOMMON          cstackCOMMON 0000
__LdataBANK0             dataBANK0    0000
__Leeprom_data           eeprom_data  0000
__Lend_init              end_init     0000
__Lfunctab               functab      0000
__Lheap                  heap         0000
__LidataBANK0            idataBANK0   0000
__Linit                  init         0000
__Linittext              inittext     0000
__Lintentry              intentry     0000
__Lmaintext              maintext     0000
__Lpowerup               powerup      0000
__Lram                   ram          0000
__Lreset_vec             reset_vec    0000
__Lsfr0                  sfr0         0000
__Lsfr1                  sfr1         0000
__Lsfr2                  sfr2         0000
__Lsfr3                  sfr3         0000
__Lsivt                  sivt         0000
__Lspace_0               (abs)        0000
__Lspace_1               (abs)        0000
__Lspace_2               (abs)        0000
__Lspace_3               (abs)        0000
__Lspace_4               (abs)        0000
__Lstack                 stack        0000
__Lstrings               strings      0000
__Ltext                  text         0000
__S0                     (abs)        0800
__S1                     (abs)        007E
__S3                     (abs)        0000
___heap_hi               (abs)        0000
___heap_lo               (abs)        0000
___int_sp                stack        0000
___int_stack_hi          stack        0000
___int_stack_lo          stack        0000
___latbits               (abs)        0002
___lwdiv                 text4        05D2
___lwdiv@counter         cstackCOMMON 007B
___lwdiv@dividend        cstackCOMMON 0077
___lwdiv@divisor         cstackCOMMON 0075
___lwdiv@quotient        cstackCOMMON 0079
___lwmod                 text3        059A
___lwmod@counter         cstackCOMMON 0074
___lwmod@dividend        cstackCOMMON 0072
___lwmod@divisor         cstackCOMMON 0070
___sp                    stack        0000
___stack_hi              stack        0000
___stack_lo              stack        0000
___stackhi               (abs)        0000
___stacklo               (abs)        0000
__end_of_LcdCommand      text7        057E
__end_of_LcdData         text5        0564
__end_of_LcdOutput       text2        069D
__end_of_Lcdinit         text6        0738
__end_of___lwdiv         text4        0614
__end_of___lwmod         text3        05D2
__end_of__initialization cinit        07FC
__end_of_keyScan         text1        07E8
__end_of_main            maintext     059A
__initialization         cinit        07E8
__pbssBANK0              bssBANK0     003A
__pcstackBANK0           cstackBANK0  002F
__pcstackCOMMON          cstackCOMMON 0070
__pdataBANK0             dataBANK0    0020
__pidataBANK0            idataBANK0   0529
__pmaintext              maintext     057E
__ptext1                 text1        0738
__ptext2                 text2        0614
__ptext3                 text3        059A
__ptext4                 text4        05D2
__ptext5                 text5        054B
__ptext6                 text6        069D
__ptext7                 text7        0564
_j                       bssBANK0     003A
_keyScan                 text1        0738
_main                    maintext     057E
_value                   bssBANK0     003C
btemp                    (abs)        007E
end_of_initialization    cinit        07FC
init_fetch0              inittext     0538
init_ram0                inittext     053C
intlevel0                functab      0000
intlevel1                functab      0000
intlevel2                functab      0000
intlevel3                functab      0000
intlevel4                functab      0000
intlevel5                functab      0000
keyScan@i                cstackBANK0  0033
keyScan@i_72             cstackBANK0  0035
reset_vec                reset_vec    0000
start                    init         0000
start_initialization     cinit        07E8
wtemp0                   (abs)        007E


MODULE INFORMATION

Module		Function		Class		Link	Load	Size
D:\Program Files\Microchip\xc8\v3.00\pic\sources\c99\common\lwdiv.c
		___lwdiv       		CODE           	05D2	0000	66

D:\Program Files\Microchip\xc8\v3.00\pic\sources\c99\common\lwdiv.c estimated size: 66

shared
		__initialization		CODE           	07E8	0000	20

shared estimated size: 20

D:\Program Files\Microchip\xc8\v3.00\pic\sources\c99\common\lwmod.c
		___lwmod       		CODE           	059A	0000	56

D:\Program Files\Microchip\xc8\v3.00\pic\sources\c99\common\lwmod.c estimated size: 56

main.c
		_Lcdinit       		CODE           	069D	0000	155
		_LcdOutput     		CODE           	0614	0000	137
		_main          		CODE           	057E	0000	28
		_LcdData       		CODE           	054B	0000	25
		_LcdCommand    		CODE           	0564	0000	26
		_keyScan       		CODE           	0738	0000	176

main.c estimated size: 547

