Microchip MPLAB XC8 Compiler V3.00

Linker command line:

-W-3 \
  --edf=D:\Program Files\Microchip\xc8\v3.00\pic\dat\20241204225717_en.msgs \
  -cn \
  -h+dist/default/production\Class_9_Task_Pro_UART_Slave.X.production.sym \
  --cmf=dist/default/production\Class_9_Task_Pro_UART_Slave.X.production.cmf \
  -z -Q16F877A -oC:\Users\sagar\AppData\Local\Temp\xcAsans.\driver_tmp_3.o \
  --defsym=__MPLAB_BUILD=1 --fixupoverflow=error \
  -Mdist/default/production/Class_9_Task_Pro_UART_Slave.X.production.map \
  --md=C:\Users\sagar\AppData\Local\Temp\xcAsans.\driver_tmp_0.dat -E1 \
  -ver=XC8 Compiler -ACODE=00h-07FFhx4 -ASTRCODE=00h-01FFFh \
  -ASTRING=00h-0FFhx32 -ACONST=00h-0FFhx32 -AENTRY=00h-0FFhx32 \
  -ACOMMON=070h-07Fh -ABANK0=020h-06Fh -ABANK1=0A0h-0EFh \
  -ABANK2=0110h-016Fh -ABANK3=0190h-01EFh \
  -ARAM=020h-06Fh,0A0h-0EFh,0110h-016Fh,0190h-01EFh \
  -AABS1=020h-07Fh,0A0h-0EFh,0110h-016Fh,0190h-01EFh -ASFR0=00h-01Fh \
  -ASFR1=080h-09Fh -ASFR2=0100h-010Fh -ASFR3=0180h-018Fh \
  -ACONFIG=02007h-02007h -DCONFIG=2 -AIDLOC=02000h-02003h -DIDLOC=2 \
  -AEEDATA=00h-0FFh/02100h -peeprom_data=EEDATA -DEEDATA=2 -DCODE=2 \
  -DSTRCODE=2 -DSTRING=2 -DCONST=2 -DENTRY=2 \
  -preset_vec=00h,intentry,sivt,init,end_init -ppowerup=CODE -pcinit=CODE \
  -pfunctab=ENTRY -k \
  C:\Users\sagar\AppData\Local\Temp\xcAsans.\driver_tmp_12.o \
  dist/default/production\Class_9_Task_Pro_UART_Slave.X.production.o 

Object code version is 3.11

Machine type is 16F877A



                Name                               Link     Load   Length Selector   Space Scale
C:\Users\sagar\AppData\Local\Temp\xcAsans.\driver_tmp_12.o
                end_init                              0        0        3        0       0
dist/default/production\Class_9_Task_Pro_UART_Slave.X.production.o
                cinit                               7ED      7ED       13      FDA       0
                text4                               629      629       19      C52       0
                text3                               642      642       1A      C84       0
                text2                               65C      65C       9C      CB8       0
                text1                               612      612       17      C24       0
                maintext                            6F8      6F8       F5      DF0       0
                cstackCOMMON                         70       70        E       70       1
                inittext                            5FF      5FF       13      BFE       0
                dataBANK0                            20       20       12       20       1
                bssBANK0                             32       32        1       20       1
                idataBANK0                          5ED      5ED       12      BDA       0

TOTAL           Name                               Link     Load   Length     Space
        CLASS   CODE           
                end_init                              0        0        3         0
                cinit                               7ED      7ED       13         0
                text4                               629      629       19         0
                text3                               642      642       1A         0
                text2                               65C      65C       9C         0
                text1                               612      612       17         0
                maintext                            6F8      6F8       F5         0
                inittext                            5FF      5FF       13         0
                idataBANK0                          5ED      5ED       12         0

        CLASS   STRCODE        

        CLASS   STRING         

        CLASS   CONST          

        CLASS   ENTRY          

        CLASS   COMMON         
                cstackCOMMON                         70       70        E         1

        CLASS   BANK0          
                dataBANK0                            20       20       12         1
                bssBANK0                             32       32        1         1

        CLASS   BANK1          

        CLASS   BANK2          

        CLASS   BANK3          

        CLASS   RAM            

        CLASS   ABS1           
                abs_s1                               7E       7E        2         1

        CLASS   SFR0           

        CLASS   SFR1           

        CLASS   SFR2           

        CLASS   SFR3           

        CLASS   CONFIG         

        CLASS   IDLOC          

        CLASS   EEDATA         

        CLASS   HEAP           

        CLASS   STACK          



SEGMENTS        Name                           Load    Length   Top    Selector   Space  Class     Delta

                reset_vec                      000000  000003  000003         0       0  CODE        2
                dataBANK0                      000020  000013  000033        20       1  BANK0       1
                cstackCOMMON                   000070  00000E  00007E        70       1  COMMON      1
                idataBANK0                     0005ED  000012  0005FF       BDA       0  CODE        2
                inittext                       0005FF  000013  000612       BFE       0  CODE        2
                text1                          000612  000017  000629       C24       0  CODE        2
                text4                          000629  000019  000642       C52       0  CODE        2
                text3                          000642  00001A  00065C       C84       0  CODE        2
                text2                          00065C  00009C  0006F8       CB8       0  CODE        2
                maintext                       0006F8  0000F5  0007ED       DF0       0  CODE        2
                cinit                          0007ED  000013  000800       FDA       0  CODE        2


UNUSED ADDRESS RANGES

        Name                Unused          Largest block    Delta
        BANK0            0033-006F             3D           1
        BANK1            00A0-00EF             50           1
        BANK2            0110-016F             60           1
        BANK3            0190-01EF             60           1
        CODE             0003-05EC            5EA           2
                         0800-1FFF            800
        CONFIG           2007-2007              1           2
        CONST            0003-05EC            100           2
                         0800-1FFF            100
        EEDATA           2100-21FF            100           2
        ENTRY            0003-05EC            100           2
                         0800-1FFF            100
        IDLOC            2000-2003              4           2
        RAM              0033-006F             3D           1
                         00A0-00EF             50
                         0110-016F             60
                         0190-01EF             60
        SFR0             0000-001F             20           1
        SFR1             0080-009F             20           1
        SFR2             0100-010F             10           1
        SFR3             0180-018F             10           1
        STRCODE          0003-05EC            5EA           2
                         0800-1FFF           1800
        STRING           0003-05EC            100           2
                         0800-1FFF            100

                                  Symbol Table

LcdCommand@i             cstackCOMMON 0073
LcdData@i                cstackCOMMON 0073
_LcdCommand              text3        0642
_LcdData                 text4        0629
_Lcdinit                 text2        065C
_OPTION_REG              (abs)        0081
_PIR1                    (abs)        000C
_PORTB                   (abs)        0006
_PORTC                   (abs)        0007
_PORTD                   (abs)        0008
_RCREG                   (abs)        001A
_RCSTA                   (abs)        0018
_RXvalue                 bssBANK0     0032
_RxData                  dataBANK0    0029
_SPBRG                   (abs)        0099
_TRISB                   (abs)        0086
_TRISC                   (abs)        0087
_TRISC7                  (abs)        043F
_TRISD                   (abs)        0088
_TXREG                   (abs)        0019
_TXSTA                   (abs)        0098
_TxData                  dataBANK0    0020
__H__absolute__          __absolute__ 0000
__Habs1                  abs1         0000
__Hbank0                 bank0        0000
__Hbank1                 bank1        0000
__Hbank2                 bank2        0000
__Hbank3                 bank3        0000
__HbssBANK0              bssBANK0     0000
__Hcinit                 cinit        0800
__Hclrtext               clrtext      0000
__Hcode                  code         0000
__Hcommon                common       0000
__HcstackCOMMON          cstackCOMMON 0000
__HdataBANK0             dataBANK0    0000
__Heeprom_data           eeprom_data  0000
__Hend_init              end_init     0003
__Hfunctab               functab      0000
__Hheap                  heap         0000
__HidataBANK0            idataBANK0   0000
__Hinit                  init         0000
__Hinittext              inittext     0000
__Hintentry              intentry     0000
__Hmaintext              maintext     0000
__Hpowerup               powerup      0000
__Hram                   ram          0000
__Hreset_vec             reset_vec    0000
__Hsfr0                  sfr0         0000
__Hsfr1                  sfr1         0000
__Hsfr2                  sfr2         0000
__Hsfr3                  sfr3         0000
__Hsivt                  sivt         0000
__Hspace_0               (abs)        0800
__Hspace_1               (abs)        007E
__Hspace_2               (abs)        0000
__Hspace_3               (abs)        0000
__Hstack                 stack        0000
__Hstrings               strings      0000
__Htext                  text         0000
__L__absolute__          __absolute__ 0000
__Labs1                  abs1         0000
__Lbank0                 bank0        0000
__Lbank1                 bank1        0000
__Lbank2                 bank2        0000
__Lbank3                 bank3        0000
__LbssBANK0              bssBANK0     0000
__Lcinit                 cinit        07ED
__Lclrtext               clrtext      0000
__Lcode                  code         0000
__Lcommon                common       0000
__LcstackCOMMON          cstackCOMMON 0000
__LdataBANK0             dataBANK0    0000
__Leeprom_data           eeprom_data  0000
__Lend_init              end_init     0000
__Lfunctab               functab      0000
__Lheap                  heap         0000
__LidataBANK0            idataBANK0   0000
__Linit                  init         0000
__Linittext              inittext     0000
__Lintentry              intentry     0000
__Lmaintext              maintext     0000
__Lpowerup               powerup      0000
__Lram                   ram          0000
__Lreset_vec             reset_vec    0000
__Lsfr0                  sfr0         0000
__Lsfr1                  sfr1         0000
__Lsfr2                  sfr2         0000
__Lsfr3                  sfr3         0000
__Lsivt                  sivt         0000
__Lspace_0               (abs)        0000
__Lspace_1               (abs)        0000
__Lspace_2               (abs)        0000
__Lspace_3               (abs)        0000
__Lstack                 stack        0000
__Lstrings               strings      0000
__Ltext                  text         0000
__S0                     (abs)        0800
__S1                     (abs)        007E
__S3                     (abs)        0000
___heap_hi               (abs)        0000
___heap_lo               (abs)        0000
___int_sp                stack        0000
___int_stack_hi          stack        0000
___int_stack_lo          stack        0000
___latbits               (abs)        0002
___sp                    stack        0000
___stack_hi              stack        0000
___stack_lo              stack        0000
___stackhi               (abs)        0000
___stacklo               (abs)        0000
__end_of_LcdCommand      text3        065C
__end_of_LcdData         text4        0642
__end_of_Lcdinit         text2        06F8
__end_of__initialization cinit        07FC
__end_of_main            maintext     07ED
__end_of_uartInit        text1        0629
__initialization         cinit        07ED
__pbssBANK0              bssBANK0     0032
__pcstackCOMMON          cstackCOMMON 0070
__pdataBANK0             dataBANK0    0020
__pidataBANK0            idataBANK0   05ED
__pmaintext              maintext     06F8
__ptext1                 text1        0612
__ptext2                 text2        065C
__ptext3                 text3        0642
__ptext4                 text4        0629
_main                    maintext     06F8
_uartInit                text1        0612
btemp                    (abs)        007E
end_of_initialization    cinit        07FC
init_fetch0              inittext     05FF
init_ram0                inittext     0603
intlevel0                functab      0000
intlevel1                functab      0000
intlevel2                functab      0000
intlevel3                functab      0000
intlevel4                functab      0000
intlevel5                functab      0000
main@i                   cstackCOMMON 007A
main@i_69                cstackCOMMON 007C
reset_vec                reset_vec    0000
start                    init         0000
start_initialization     cinit        07ED
wtemp0                   (abs)        007E


MODULE INFORMATION

Module		Function		Class		Link	Load	Size
shared
		__initialization		CODE           	07ED	0000	15

shared estimated size: 15

SlaveMain.c
		_Lcdinit       		CODE           	065C	0000	156
		_main          		CODE           	06F8	0000	245
		_LcdData       		CODE           	0629	0000	25
		_LcdCommand    		CODE           	0642	0000	26
		_uartInit      		CODE           	0612	0000	23

SlaveMain.c estimated size: 475

