

Microchip MPLAB XC8 Assembler V3.00 build 20241204225717 
                                                                                               Mon May 19 13:32:51 2025

Microchip MPLAB XC8 C Compiler v3.00 (Free license) build 20241204225717 Og1 
     1                           	processor	16F877A
     2                           	pagewidth 120
     3                           	opt	flic
     4                           	psect	idataBANK0,global,class=CODE,space=0,delta=2,noexec
     5                           	psect	cinit,global,class=CODE,space=0,merge=1,delta=2
     6                           	psect	bssBANK0,global,class=BANK0,space=1,delta=1,noexec
     7                           	psect	dataBANK0,global,class=BANK0,space=1,delta=1,noexec
     8                           	psect	inittext,global,class=CODE,space=0,delta=2
     9                           	psect	cstackCOMMON,global,class=COMMON,space=1,delta=1,noexec
    10                           	psect	maintext,global,class=CODE,space=0,split=1,delta=2
    11                           	psect	text1,local,class=CODE,space=0,merge=1,delta=2
    12                           	psect	text2,local,class=CODE,space=0,merge=1,delta=2
    13                           	psect	text3,local,class=CODE,space=0,merge=1,delta=2
    14                           	psect	text4,local,class=CODE,space=0,merge=1,delta=2
    15                           	dabs	1,0x7E,2
    16     0000                     
    17                           ; Generated 12/10/2023 GMT
    18                           ; 
    19                           ; Copyright © 2023, Microchip Technology Inc. and its subsidiaries ("Microchip")
    20                           ; All rights reserved.
    21                           ; 
    22                           ; This software is developed by Microchip Technology Inc. and its subsidiaries ("Microch
      +                          ip").
    23                           ; 
    24                           ; Redistribution and use in source and binary forms, with or without modification, are
    25                           ; permitted provided that the following conditions are met:
    26                           ; 
    27                           ;     1. Redistributions of source code must retain the above copyright notice, this lis
      +                          t of
    28                           ;        conditions and the following disclaimer.
    29                           ; 
    30                           ;     2. Redistributions in binary form must reproduce the above copyright notice, this 
      +                          list
    31                           ;        of conditions and the following disclaimer in the documentation and/or other
    32                           ;        materials provided with the distribution. Publication is not required when
    33                           ;        this file is used in an embedded application.
    34                           ; 
    35                           ;     3. Microchip's name may not be used to endorse or promote products derived from th
      +                          is
    36                           ;        software without specific prior written permission.
    37                           ; 
    38                           ; THIS SOFTWARE IS PROVIDED BY MICROCHIP "AS IS" AND ANY EXPRESS OR IMPLIED WARRANTIES,
    39                           ; INCLUDING, BUT NOT LIMITED TO, THE IMPLIED WARRANTIES OF MERCHANTABILITY AND FITNESS F
      +                          OR
    40                           ; PURPOSE ARE DISCLAIMED.  IN NO EVENT SHALL MICROCHIP BE LIABLE FOR ANY DIRECT, INDIREC
      +                          T,
    41                           ; INCIDENTAL, SPECIAL, EXEMPLARY, OR CONSEQUENTIAL DAMAGES (INCLUDING BUT NOT LIMITED TO
    42                           ; PROCUREMENT OF SUBSTITUTE GOODS OR SERVICES; LOSS OF USE, DATA OR PROFITS; OR BUSINESS
    43                           ; INTERRUPTION) HOWSOEVER CAUSED AND ON ANY THEORY OF LIABILITY, WHETHER IN CONTRACT, ST
      +                          RICT
    44                           ; LIABILITY, OR TORT (INCLUDING NEGLIGENCE OR OTHERWISE) ARISING IN ANY WAY OUT OF THE U
      +                          SE OF
    45                           ; THIS SOFTWARE, EVEN IF ADVISED OF THE POSSIBILITY OF SUCH DAMAGE.
    46                           ; 
    47                           ; 
    48                           ; Code-generator required, PIC16F877A Definitions
    49                           ; 
    50                           ; SFR Addresses
    51     0004                     fsr             equ	4
    52     0004                     fsr0            equ	4
    53     0000                     indf            equ	0
    54     0000                     indf0           equ	0
    55     0002                     pc              equ	2
    56     0002                     pcl             equ	2
    57     000A                     pclath          equ	10
    58     0003                     status          equ	3
    59     0000                     INDF            equ	0	;# 
    60     0001                     TMR0            equ	1	;# 
    61     0002                     PCL             equ	2	;# 
    62     0003                     STATUS          equ	3	;# 
    63     0004                     FSR             equ	4	;# 
    64     0005                     PORTA           equ	5	;# 
    65     0006                     PORTB           equ	6	;# 
    66     0007                     PORTC           equ	7	;# 
    67     0008                     PORTD           equ	8	;# 
    68     0009                     PORTE           equ	9	;# 
    69     000A                     PCLATH          equ	10	;# 
    70     000B                     INTCON          equ	11	;# 
    71     000C                     PIR1            equ	12	;# 
    72     000D                     PIR2            equ	13	;# 
    73     000E                     TMR1            equ	14	;# 
    74     000E                     TMR1L           equ	14	;# 
    75     000F                     TMR1H           equ	15	;# 
    76     0010                     T1CON           equ	16	;# 
    77     0011                     TMR2            equ	17	;# 
    78     0012                     T2CON           equ	18	;# 
    79     0013                     SSPBUF          equ	19	;# 
    80     0014                     SSPCON          equ	20	;# 
    81     0015                     CCPR1           equ	21	;# 
    82     0015                     CCPR1L          equ	21	;# 
    83     0016                     CCPR1H          equ	22	;# 
    84     0017                     CCP1CON         equ	23	;# 
    85     0018                     RCSTA           equ	24	;# 
    86     0019                     TXREG           equ	25	;# 
    87     001A                     RCREG           equ	26	;# 
    88     001B                     CCPR2           equ	27	;# 
    89     001B                     CCPR2L          equ	27	;# 
    90     001C                     CCPR2H          equ	28	;# 
    91     001D                     CCP2CON         equ	29	;# 
    92     001E                     ADRESH          equ	30	;# 
    93     001F                     ADCON0          equ	31	;# 
    94     0081                     OPTION_REG      equ	129	;# 
    95     0085                     TRISA           equ	133	;# 
    96     0086                     TRISB           equ	134	;# 
    97     0087                     TRISC           equ	135	;# 
    98     0088                     TRISD           equ	136	;# 
    99     0089                     TRISE           equ	137	;# 
   100     008C                     PIE1            equ	140	;# 
   101     008D                     PIE2            equ	141	;# 
   102     008E                     PCON            equ	142	;# 
   103     0091                     SSPCON2         equ	145	;# 
   104     0092                     PR2             equ	146	;# 
   105     0093                     SSPADD          equ	147	;# 
   106     0094                     SSPSTAT         equ	148	;# 
   107     0098                     TXSTA           equ	152	;# 
   108     0099                     SPBRG           equ	153	;# 
   109     009C                     CMCON           equ	156	;# 
   110     009D                     CVRCON          equ	157	;# 
   111     009E                     ADRESL          equ	158	;# 
   112     009F                     ADCON1          equ	159	;# 
   113     010C                     EEDATA          equ	268	;# 
   114     010D                     EEADR           equ	269	;# 
   115     010E                     EEDATH          equ	270	;# 
   116     010F                     EEADRH          equ	271	;# 
   117     018C                     EECON1          equ	396	;# 
   118     018D                     EECON2          equ	397	;# 
   119     0000                     INDF            equ	0	;# 
   120     0001                     TMR0            equ	1	;# 
   121     0002                     PCL             equ	2	;# 
   122     0003                     STATUS          equ	3	;# 
   123     0004                     FSR             equ	4	;# 
   124     0005                     PORTA           equ	5	;# 
   125     0006                     PORTB           equ	6	;# 
   126     0007                     PORTC           equ	7	;# 
   127     0008                     PORTD           equ	8	;# 
   128     0009                     PORTE           equ	9	;# 
   129     000A                     PCLATH          equ	10	;# 
   130     000B                     INTCON          equ	11	;# 
   131     000C                     PIR1            equ	12	;# 
   132     000D                     PIR2            equ	13	;# 
   133     000E                     TMR1            equ	14	;# 
   134     000E                     TMR1L           equ	14	;# 
   135     000F                     TMR1H           equ	15	;# 
   136     0010                     T1CON           equ	16	;# 
   137     0011                     TMR2            equ	17	;# 
   138     0012                     T2CON           equ	18	;# 
   139     0013                     SSPBUF          equ	19	;# 
   140     0014                     SSPCON          equ	20	;# 
   141     0015                     CCPR1           equ	21	;# 
   142     0015                     CCPR1L          equ	21	;# 
   143     0016                     CCPR1H          equ	22	;# 
   144     0017                     CCP1CON         equ	23	;# 
   145     0018                     RCSTA           equ	24	;# 
   146     0019                     TXREG           equ	25	;# 
   147     001A                     RCREG           equ	26	;# 
   148     001B                     CCPR2           equ	27	;# 
   149     001B                     CCPR2L          equ	27	;# 
   150     001C                     CCPR2H          equ	28	;# 
   151     001D                     CCP2CON         equ	29	;# 
   152     001E                     ADRESH          equ	30	;# 
   153     001F                     ADCON0          equ	31	;# 
   154     0081                     OPTION_REG      equ	129	;# 
   155     0085                     TRISA           equ	133	;# 
   156     0086                     TRISB           equ	134	;# 
   157     0087                     TRISC           equ	135	;# 
   158     0088                     TRISD           equ	136	;# 
   159     0089                     TRISE           equ	137	;# 
   160     008C                     PIE1            equ	140	;# 
   161     008D                     PIE2            equ	141	;# 
   162     008E                     PCON            equ	142	;# 
   163     0091                     SSPCON2         equ	145	;# 
   164     0092                     PR2             equ	146	;# 
   165     0093                     SSPADD          equ	147	;# 
   166     0094                     SSPSTAT         equ	148	;# 
   167     0098                     TXSTA           equ	152	;# 
   168     0099                     SPBRG           equ	153	;# 
   169     009C                     CMCON           equ	156	;# 
   170     009D                     CVRCON          equ	157	;# 
   171     009E                     ADRESL          equ	158	;# 
   172     009F                     ADCON1          equ	159	;# 
   173     010C                     EEDATA          equ	268	;# 
   174     010D                     EEADR           equ	269	;# 
   175     010E                     EEDATH          equ	270	;# 
   176     010F                     EEADRH          equ	271	;# 
   177     018C                     EECON1          equ	396	;# 
   178     018D                     EECON2          equ	397	;# 
   179                           
   180                           	psect	idataBANK0
   181     05ED                     __pidataBANK0:
   182                           
   183                           ;initializer for _TxData
   184     05ED  3454               	retlw	84
   185     05EE  3478               	retlw	120
   186     05EF  3420               	retlw	32
   187     05F0  3444               	retlw	68
   188     05F1  3441               	retlw	65
   189     05F2  3454               	retlw	84
   190     05F3  3441               	retlw	65
   191     05F4  343A               	retlw	58
   192     05F5  3400               	retlw	0
   193                           
   194                           ;initializer for _RxData
   195     05F6  3452               	retlw	82
   196     05F7  3478               	retlw	120
   197     05F8  3420               	retlw	32
   198     05F9  3444               	retlw	68
   199     05FA  3441               	retlw	65
   200     05FB  3454               	retlw	84
   201     05FC  3441               	retlw	65
   202     05FD  343A               	retlw	58
   203     05FE  3400               	retlw	0
   204     0018                     _RCSTA          set	24
   205     0006                     _PORTB          set	6
   206     0007                     _PORTC          set	7
   207     0019                     _TXREG          set	25
   208     001A                     _RCREG          set	26
   209     000C                     _PIR1           set	12
   210     0008                     _PORTD          set	8
   211     0099                     _SPBRG          set	153
   212     0098                     _TXSTA          set	152
   213     0086                     _TRISB          set	134
   214     0081                     _OPTION_REG     set	129
   215     0087                     _TRISC          set	135
   216     0088                     _TRISD          set	136
   217     043F                     _TRISC7         set	1087
   218                           
   219                           	psect	cinit
   220     07ED                     start_initialization:	
   221                           ; #config settings
   222                           
   223     07ED                     __initialization:
   224                           
   225                           ; Initialize objects allocated to BANK0
   226     07ED  1383               	bcf	3,7	;select IRP bank0
   227     07EE  3032               	movlw	low (__pdataBANK0+18)
   228     07EF  00FD               	movwf	btemp+-1
   229     07F0  3005               	movlw	high __pidataBANK0
   230     07F1  00FE               	movwf	btemp
   231     07F2  30ED               	movlw	low __pidataBANK0
   232     07F3  00FF               	movwf	btemp+1
   233     07F4  3020               	movlw	low __pdataBANK0
   234     07F5  0084               	movwf	4
   235     07F6  120A  118A  2603  120A  118A  	fcall	init_ram0
   236                           
   237                           ; Clear objects allocated to BANK0
   238     07FB  01B2               	clrf	__pbssBANK0& (0+127)
   239     07FC                     end_of_initialization:	
   240                           ;End of C runtime variable initialization code
   241                           
   242     07FC                     __end_of__initialization:
   243     07FC  0183               	clrf	3
   244     07FD  120A  118A  2EF8   	ljmp	_main	;jump to C main() function
   245                           
   246                           	psect	bssBANK0
   247     0032                     __pbssBANK0:
   248     0032                     _RXvalue:
   249     0032                     	ds	1
   250                           
   251                           	psect	dataBANK0
   252     0020                     __pdataBANK0:
   253     0020                     _TxData:
   254     0020                     	ds	9
   255     0029                     _RxData:
   256     0029                     	ds	9
   257                           
   258                           	psect	inittext
   259     05FF                     init_fetch0:	
   260                           ;	Called with low address in FSR and high address in W
   261                           
   262     05FF  087E               	movf	btemp,w
   263     0600  008A               	movwf	10
   264     0601  087F               	movf	btemp+1,w
   265     0602  0082               	movwf	2
   266     0603                     init_ram0:	
   267                           ;Called with:
   268                           ;	high address of idata address in btemp 
   269                           ;	low address of idata address in btemp+1 
   270                           ;	low address of data in FSR
   271                           ;	high address + 1 of data in btemp-1
   272                           
   273     0603  120A  118A  25FF  120A  118A  	fcall	init_fetch0
   274     0608  0080               	movwf	0
   275     0609  0A84               	incf	4,f
   276     060A  0804               	movf	4,w
   277     060B  067D               	xorwf	btemp+-1,w
   278     060C  1903               	btfsc	3,2
   279     060D  3400               	retlw	0
   280     060E  0AFF               	incf	btemp+1,f
   281     060F  1903               	btfsc	3,2
   282     0610  0AFE               	incf	btemp,f
   283     0611  2E03               	goto	init_ram0
   284                           
   285                           	psect	cstackCOMMON
   286     0070                     __pcstackCOMMON:
   287     0070                     ?_uartInit:
   288     0070                     ?_Lcdinit:	
   289                           ; 1 bytes @ 0x0
   290                           
   291     0070                     ?_LcdCommand:	
   292                           ; 1 bytes @ 0x0
   293                           
   294     0070                     ?_LcdData:	
   295                           ; 1 bytes @ 0x0
   296                           
   297     0070                     ?_main:	
   298                           ; 1 bytes @ 0x0
   299                           
   300     0070                     ??_uartInit:	
   301                           ; 1 bytes @ 0x0
   302                           
   303     0070                     ??_LcdCommand:	
   304                           ; 1 bytes @ 0x0
   305                           
   306     0070                     ??_LcdData:	
   307                           ; 1 bytes @ 0x0
   308                           
   309                           
   310                           ; 1 bytes @ 0x0
   311     0070                     	ds	3
   312     0073                     LcdData@i:
   313     0073                     LcdCommand@i:	
   314                           ; 1 bytes @ 0x3
   315                           
   316                           
   317                           ; 1 bytes @ 0x3
   318     0073                     	ds	1
   319     0074                     ??_Lcdinit:
   320                           
   321                           ; 1 bytes @ 0x4
   322     0074                     	ds	3
   323     0077                     ??_main:
   324                           
   325                           ; 1 bytes @ 0x7
   326     0077                     	ds	3
   327     007A                     main@i:
   328                           
   329                           ; 2 bytes @ 0xA
   330     007A                     	ds	2
   331     007C                     main@i_69:
   332                           
   333                           ; 2 bytes @ 0xC
   334     007C                     	ds	2
   335                           
   336                           	psect	maintext
   337     06F8                     __pmaintext:	
   338 ;;
   339 ;;Main: autosize = 0, tempsize = 3, incstack = 0, save=0
   340 ;;
   341 ;; *************** function _main *****************
   342 ;; Defined at:
   343 ;;		line 21 in file "SlaveMain.c"
   344 ;; Parameters:    Size  Location     Type
   345 ;;		None
   346 ;; Auto vars:     Size  Location     Type
   347 ;;  i               2   12[COMMON] int 
   348 ;;  i               2   10[COMMON] int 
   349 ;; Return value:  Size  Location     Type
   350 ;;                  1    wreg      void 
   351 ;; Registers used:
   352 ;;		wreg, fsr0l, fsr0h, status,2, status,0, btemp+1, pclath, cstack
   353 ;; Tracked objects:
   354 ;;		On entry : B00/0
   355 ;;		On exit  : 0/0
   356 ;;		Unchanged: 0/0
   357 ;; Data sizes:     COMMON   BANK0   BANK1   BANK3   BANK2
   358 ;;      Params:         0       0       0       0       0
   359 ;;      Locals:         4       0       0       0       0
   360 ;;      Temps:          3       0       0       0       0
   361 ;;      Totals:         7       0       0       0       0
   362 ;;Total ram usage:        7 bytes
   363 ;; Hardware stack levels required when called: 2
   364 ;; This function calls:
   365 ;;		_LcdCommand
   366 ;;		_LcdData
   367 ;;		_Lcdinit
   368 ;;		_uartInit
   369 ;; This function is called by:
   370 ;;		Startup code after reset
   371 ;; This function uses a non-reentrant model
   372 ;;
   373                           
   374     06F8                     _main:	
   375                           ;psect for function _main
   376                           
   377     06F8                     l813:	
   378                           ;incstack = 0
   379                           ; Regs used in _main: [wreg-fsr0h+status,2+status,0+btemp+1+pclath+cstack]
   380                           
   381                           
   382                           ;SlaveMain.c: 23:     uartInit();
   383     06F8  120A  118A  2612  120A  118A  	fcall	_uartInit
   384                           
   385                           ;SlaveMain.c: 24:     Lcdinit();
   386     06FD  120A  118A  265C  120A  118A  	fcall	_Lcdinit
   387                           
   388                           ;SlaveMain.c: 25:     LcdCommand(0x80);
   389     0702  3080               	movlw	128
   390     0703  120A  118A  2642  120A  118A  	fcall	_LcdCommand
   391     0708                     l815:
   392                           
   393                           ;SlaveMain.c: 26:     for(int i = 0; i <= 7; i++)
   394     0708  01FA               	clrf	main@i
   395     0709  01FB               	clrf	main@i+1
   396     070A                     l821:
   397                           
   398                           ;SlaveMain.c: 27:     {;SlaveMain.c: 28:         LcdData(RxData[i]);
   399     070A  087A               	movf	main@i,w
   400     070B  3E29               	addlw	(low (_RxData| 0))& (0+255)
   401     070C  0084               	movwf	4
   402     070D  1383               	bcf	3,7	;select IRP bank0
   403     070E  0800               	movf	0,w
   404     070F  120A  118A  2629  120A  118A  	fcall	_LcdData
   405     0714                     l823:
   406                           
   407                           ;SlaveMain.c: 29:     }
   408     0714  3001               	movlw	1
   409     0715  07FA               	addwf	main@i,f
   410     0716  1803               	skipnc
   411     0717  0AFB               	incf	main@i+1,f
   412     0718  3000               	movlw	0
   413     0719  07FB               	addwf	main@i+1,f
   414     071A                     l825:
   415     071A  087B               	movf	main@i+1,w
   416     071B  3A80               	xorlw	128
   417     071C  00FF               	movwf	btemp+1
   418     071D  3080               	movlw	128
   419     071E  027F               	subwf	btemp+1,w
   420     071F  1D03               	skipz
   421     0720  2F23               	goto	u45
   422     0721  3008               	movlw	8
   423     0722  027A               	subwf	main@i,w
   424     0723                     u45:
   425     0723  1C03               	skipc
   426     0724  2F26               	goto	u41
   427     0725  2F27               	goto	u40
   428     0726                     u41:
   429     0726  2F0A               	goto	l821
   430     0727                     u40:
   431     0727                     l827:
   432                           
   433                           ;SlaveMain.c: 31:     LcdCommand(0xC0);
   434     0727  30C0               	movlw	192
   435     0728  120A  118A  2642  120A  118A  	fcall	_LcdCommand
   436     072D                     l829:
   437                           
   438                           ;SlaveMain.c: 32:     for(int i = 0; i <= 7; i++)
   439     072D  01FC               	clrf	main@i_69
   440     072E  01FD               	clrf	main@i_69+1
   441     072F                     l835:
   442                           
   443                           ;SlaveMain.c: 33:     {;SlaveMain.c: 34:         LcdData(TxData[i]);
   444     072F  087C               	movf	main@i_69,w
   445     0730  3E20               	addlw	(low (_TxData| 0))& (0+255)
   446     0731  0084               	movwf	4
   447     0732  1383               	bcf	3,7	;select IRP bank0
   448     0733  0800               	movf	0,w
   449     0734  120A  118A  2629  120A  118A  	fcall	_LcdData
   450     0739                     l837:
   451                           
   452                           ;SlaveMain.c: 35:     }
   453     0739  3001               	movlw	1
   454     073A  07FC               	addwf	main@i_69,f
   455     073B  1803               	skipnc
   456     073C  0AFD               	incf	main@i_69+1,f
   457     073D  3000               	movlw	0
   458     073E  07FD               	addwf	main@i_69+1,f
   459     073F                     l839:
   460     073F  087D               	movf	main@i_69+1,w
   461     0740  3A80               	xorlw	128
   462     0741  00FF               	movwf	btemp+1
   463     0742  3080               	movlw	128
   464     0743  027F               	subwf	btemp+1,w
   465     0744  1D03               	skipz
   466     0745  2F48               	goto	u55
   467     0746  3008               	movlw	8
   468     0747  027C               	subwf	main@i_69,w
   469     0748                     u55:
   470     0748  1C03               	skipc
   471     0749  2F4B               	goto	u51
   472     074A  2F4C               	goto	u50
   473     074B                     u51:
   474     074B  2F2F               	goto	l835
   475     074C                     u50:
   476     074C                     l841:
   477                           
   478                           ;SlaveMain.c: 36:     TRISD = 0x00;
   479     074C  1683               	bsf	3,5	;RP0=1, select bank1
   480     074D  1303               	bcf	3,6	;RP1=0, select bank1
   481     074E  0188               	clrf	8	;volatile
   482                           
   483                           ;SlaveMain.c: 37:     PORTD = 0x00;
   484     074F  1283               	bcf	3,5	;RP0=0, select bank0
   485     0750  1303               	bcf	3,6	;RP1=0, select bank0
   486     0751  0188               	clrf	8	;volatile
   487     0752                     l843:
   488                           
   489                           ;SlaveMain.c: 40:     {;SlaveMain.c: 41:         if(PIR1 & (0x1U << 5))
   490     0752  1283               	bcf	3,5	;RP0=0, select bank0
   491     0753  1303               	bcf	3,6	;RP1=0, select bank0
   492     0754  1E8C               	btfss	12,5	;volatile
   493     0755  2F57               	goto	u61
   494     0756  2F58               	goto	u60
   495     0757                     u61:
   496     0757  2F52               	goto	l843
   497     0758                     u60:
   498     0758                     l845:
   499                           
   500                           ;SlaveMain.c: 42:         {;SlaveMain.c: 43:             RXvalue = RCREG;
   501     0758  081A               	movf	26,w	;volatile
   502     0759  00B2               	movwf	_RXvalue
   503                           
   504                           ;SlaveMain.c: 44:             switch(RXvalue)
   505     075A  2FDC               	goto	l873
   506     075B                     l847:
   507                           
   508                           ;SlaveMain.c: 47:                     LcdCommand(0x88);
   509     075B  3088               	movlw	136
   510     075C  120A  118A  2642  120A  118A  	fcall	_LcdCommand
   511                           
   512                           ;SlaveMain.c: 48:                     LcdData('A');
   513     0761  3041               	movlw	65
   514     0762  120A  118A  2629  120A  118A  	fcall	_LcdData
   515                           
   516                           ;SlaveMain.c: 49:                     LcdCommand(0xC8);
   517     0767  30C8               	movlw	200
   518     0768  120A  118A  2642  120A  118A  	fcall	_LcdCommand
   519                           
   520                           ;SlaveMain.c: 50:                     LcdData('a');
   521     076D  3061               	movlw	97
   522     076E  120A  118A  2629  120A  118A  	fcall	_LcdData
   523     0773                     l849:
   524                           
   525                           ;SlaveMain.c: 51:                     TXREG = 'a';
   526     0773  3061               	movlw	97
   527     0774  1283               	bcf	3,5	;RP0=0, select bank0
   528     0775  1303               	bcf	3,6	;RP1=0, select bank0
   529     0776  0099               	movwf	25	;volatile
   530     0777                     l851:
   531                           
   532                           ;SlaveMain.c: 52:                     _delay((unsigned long)((100)*(20000000/4000.0)));
   533     0777  3003               	movlw	3
   534     0778  00F9               	movwf	??_main+2
   535     0779  308A               	movlw	138
   536     077A  00F8               	movwf	??_main+1
   537     077B  3055               	movlw	85
   538     077C  00F7               	movwf	??_main
   539     077D                     u77:
   540     077D  0BF7               	decfsz	??_main,f
   541     077E  2F7D               	goto	u77
   542     077F  0BF8               	decfsz	??_main+1,f
   543     0780  2F7D               	goto	u77
   544     0781  0BF9               	decfsz	??_main+2,f
   545     0782  2F7D               	goto	u77
   546     0783  2F84               	nop2
   547                           
   548                           ;SlaveMain.c: 54:                     break;
   549     0784  2F52               	goto	l843
   550     0785                     l853:
   551                           
   552                           ;SlaveMain.c: 56:                     LcdCommand(0x88);
   553     0785  3088               	movlw	136
   554     0786  120A  118A  2642  120A  118A  	fcall	_LcdCommand
   555                           
   556                           ;SlaveMain.c: 57:                     LcdData('B');
   557     078B  3042               	movlw	66
   558     078C  120A  118A  2629  120A  118A  	fcall	_LcdData
   559                           
   560                           ;SlaveMain.c: 58:                     LcdCommand(0xC8);
   561     0791  30C8               	movlw	200
   562     0792  120A  118A  2642  120A  118A  	fcall	_LcdCommand
   563                           
   564                           ;SlaveMain.c: 59:                     LcdData('b');
   565     0797  3062               	movlw	98
   566     0798  120A  118A  2629  120A  118A  	fcall	_LcdData
   567     079D                     l855:
   568                           
   569                           ;SlaveMain.c: 60:                     TXREG = 'b';
   570     079D  3062               	movlw	98
   571     079E  1283               	bcf	3,5	;RP0=0, select bank0
   572     079F  1303               	bcf	3,6	;RP1=0, select bank0
   573     07A0  0099               	movwf	25	;volatile
   574     07A1  2F77               	goto	l851
   575     07A2                     l859:
   576                           
   577                           ;SlaveMain.c: 65:                     LcdCommand(0x88);
   578     07A2  3088               	movlw	136
   579     07A3  120A  118A  2642  120A  118A  	fcall	_LcdCommand
   580                           
   581                           ;SlaveMain.c: 66:                     LcdData('C');
   582     07A8  3043               	movlw	67
   583     07A9  120A  118A  2629  120A  118A  	fcall	_LcdData
   584                           
   585                           ;SlaveMain.c: 67:                     LcdCommand(0xC8);
   586     07AE  30C8               	movlw	200
   587     07AF  120A  118A  2642  120A  118A  	fcall	_LcdCommand
   588                           
   589                           ;SlaveMain.c: 68:                     LcdData('c');
   590     07B4  3063               	movlw	99
   591     07B5  120A  118A  2629  120A  118A  	fcall	_LcdData
   592     07BA                     l861:
   593                           
   594                           ;SlaveMain.c: 69:                     TXREG = 'c';
   595     07BA  3063               	movlw	99
   596     07BB  1283               	bcf	3,5	;RP0=0, select bank0
   597     07BC  1303               	bcf	3,6	;RP1=0, select bank0
   598     07BD  0099               	movwf	25	;volatile
   599     07BE  2F77               	goto	l851
   600     07BF                     l865:
   601                           
   602                           ;SlaveMain.c: 74:                     LcdCommand(0x88);
   603     07BF  3088               	movlw	136
   604     07C0  120A  118A  2642  120A  118A  	fcall	_LcdCommand
   605                           
   606                           ;SlaveMain.c: 75:                     LcdData('D');
   607     07C5  3044               	movlw	68
   608     07C6  120A  118A  2629  120A  118A  	fcall	_LcdData
   609                           
   610                           ;SlaveMain.c: 76:                     LcdCommand(0xC8);
   611     07CB  30C8               	movlw	200
   612     07CC  120A  118A  2642  120A  118A  	fcall	_LcdCommand
   613                           
   614                           ;SlaveMain.c: 77:                     LcdData('d');
   615     07D1  3064               	movlw	100
   616     07D2  120A  118A  2629  120A  118A  	fcall	_LcdData
   617     07D7                     l867:
   618                           
   619                           ;SlaveMain.c: 78:                     TXREG = 'd';
   620     07D7  3064               	movlw	100
   621     07D8  1283               	bcf	3,5	;RP0=0, select bank0
   622     07D9  1303               	bcf	3,6	;RP1=0, select bank0
   623     07DA  0099               	movwf	25	;volatile
   624     07DB  2F77               	goto	l851
   625     07DC                     l873:
   626     07DC  0832               	movf	_RXvalue,w
   627                           
   628                           ; Switch size 1, requested type "simple"
   629                           ; Number of cases is 4, Range of values is 65 to 68
   630                           ; switch strategies available:
   631                           ; Name         Instructions Cycles
   632                           ; simple_byte           13     7 (average)
   633                           ; direct_byte           23    11 (fixed)
   634                           ; jumptable            263     9 (fixed)
   635                           ;	Chosen strategy is simple_byte
   636     07DD  3A41               	xorlw	65	; case 65
   637     07DE  1903               	skipnz
   638     07DF  2F5B               	goto	l847
   639     07E0  3A03               	xorlw	3	; case 66
   640     07E1  1903               	skipnz
   641     07E2  2F85               	goto	l853
   642     07E3  3A01               	xorlw	1	; case 67
   643     07E4  1903               	skipnz
   644     07E5  2FA2               	goto	l859
   645     07E6  3A07               	xorlw	7	; case 68
   646     07E7  1903               	skipnz
   647     07E8  2FBF               	goto	l865
   648     07E9  2F52               	goto	l843
   649     07EA  120A  118A  2800   	ljmp	start
   650     07ED                     __end_of_main:
   651                           
   652                           	psect	text1
   653     0612                     __ptext1:	
   654 ;; *************** function _uartInit *****************
   655 ;; Defined at:
   656 ;;		line 136 in file "SlaveMain.c"
   657 ;; Parameters:    Size  Location     Type
   658 ;;		None
   659 ;; Auto vars:     Size  Location     Type
   660 ;;		None
   661 ;; Return value:  Size  Location     Type
   662 ;;                  1    wreg      void 
   663 ;; Registers used:
   664 ;;		wreg, status,2, status,0
   665 ;; Tracked objects:
   666 ;;		On entry : 0/0
   667 ;;		On exit  : 0/0
   668 ;;		Unchanged: 0/0
   669 ;; Data sizes:     COMMON   BANK0   BANK1   BANK3   BANK2
   670 ;;      Params:         0       0       0       0       0
   671 ;;      Locals:         0       0       0       0       0
   672 ;;      Temps:          0       0       0       0       0
   673 ;;      Totals:         0       0       0       0       0
   674 ;;Total ram usage:        0 bytes
   675 ;; Hardware stack levels used: 1
   676 ;; This function calls:
   677 ;;		Nothing
   678 ;; This function is called by:
   679 ;;		_main
   680 ;; This function uses a non-reentrant model
   681 ;;
   682                           
   683     0612                     _uartInit:	
   684                           ;psect for function _uartInit
   685                           
   686     0612                     l755:	
   687                           ;incstack = 0
   688                           ; Regs used in _uartInit: [wreg+status,2+status,0]
   689                           
   690                           
   691                           ;SlaveMain.c: 138:     TRISB = 0xF0;
   692     0612  30F0               	movlw	240
   693     0613  1683               	bsf	3,5	;RP0=1, select bank1
   694     0614  1303               	bcf	3,6	;RP1=0, select bank1
   695     0615  0086               	movwf	6	;volatile
   696     0616                     l757:
   697                           
   698                           ;SlaveMain.c: 139:     PORTB = 0x00;
   699     0616  1283               	bcf	3,5	;RP0=0, select bank0
   700     0617  1303               	bcf	3,6	;RP1=0, select bank0
   701     0618  0186               	clrf	6	;volatile
   702     0619                     l759:
   703                           
   704                           ;SlaveMain.c: 140:     OPTION_REG &= ~(0x01 << 7);
   705     0619  307F               	movlw	127
   706     061A  1683               	bsf	3,5	;RP0=1, select bank1
   707     061B  1303               	bcf	3,6	;RP1=0, select bank1
   708     061C  0581               	andwf	1,f	;volatile
   709     061D                     l761:
   710                           
   711                           ;SlaveMain.c: 143:     TXSTA = 0x20;
   712     061D  3020               	movlw	32
   713     061E  0098               	movwf	24	;volatile
   714     061F                     l763:
   715                           
   716                           ;SlaveMain.c: 144:     RCSTA = 0x90;
   717     061F  3090               	movlw	144
   718     0620  1283               	bcf	3,5	;RP0=0, select bank0
   719     0621  1303               	bcf	3,6	;RP1=0, select bank0
   720     0622  0098               	movwf	24	;volatile
   721     0623                     l765:
   722                           
   723                           ;SlaveMain.c: 145:     SPBRG = 0x09;
   724     0623  3009               	movlw	9
   725     0624  1683               	bsf	3,5	;RP0=1, select bank1
   726     0625  1303               	bcf	3,6	;RP1=0, select bank1
   727     0626  0099               	movwf	25	;volatile
   728     0627                     l767:
   729                           
   730                           ;SlaveMain.c: 147:     TRISC7 = 1;
   731     0627  1787               	bsf	7,7	;volatile
   732     0628                     l75:
   733     0628  0008               	return
   734     0629                     __end_of_uartInit:
   735                           
   736                           	psect	text2
   737     065C                     __ptext2:	
   738 ;; *************** function _Lcdinit *****************
   739 ;; Defined at:
   740 ;;		line 88 in file "SlaveMain.c"
   741 ;; Parameters:    Size  Location     Type
   742 ;;		None
   743 ;; Auto vars:     Size  Location     Type
   744 ;;		None
   745 ;; Return value:  Size  Location     Type
   746 ;;                  1    wreg      void 
   747 ;; Registers used:
   748 ;;		wreg, status,2, status,0, pclath, cstack
   749 ;; Tracked objects:
   750 ;;		On entry : 0/0
   751 ;;		On exit  : 0/0
   752 ;;		Unchanged: 0/0
   753 ;; Data sizes:     COMMON   BANK0   BANK1   BANK3   BANK2
   754 ;;      Params:         0       0       0       0       0
   755 ;;      Locals:         0       0       0       0       0
   756 ;;      Temps:          3       0       0       0       0
   757 ;;      Totals:         3       0       0       0       0
   758 ;;Total ram usage:        3 bytes
   759 ;; Hardware stack levels used: 1
   760 ;; Hardware stack levels required when called: 1
   761 ;; This function calls:
   762 ;;		_LcdCommand
   763 ;; This function is called by:
   764 ;;		_main
   765 ;; This function uses a non-reentrant model
   766 ;;
   767                           
   768     065C                     _Lcdinit:	
   769                           ;psect for function _Lcdinit
   770                           
   771     065C                     l769:	
   772                           ;incstack = 0
   773                           ; Regs used in _Lcdinit: [wreg+status,2+status,0+pclath+cstack]
   774                           
   775                           
   776                           ;SlaveMain.c: 91:     TRISC &= ~(0x01 << 0);
   777     065C  30FE               	movlw	254
   778     065D  1683               	bsf	3,5	;RP0=1, select bank1
   779     065E  1303               	bcf	3,6	;RP1=0, select bank1
   780     065F  0587               	andwf	7,f	;volatile
   781                           
   782                           ;SlaveMain.c: 92:     TRISC &= ~(0x01 << 3);
   783     0660  30F7               	movlw	247
   784     0661  0587               	andwf	7,f	;volatile
   785     0662                     l771:
   786                           
   787                           ;SlaveMain.c: 93:     TRISD = 0x00;
   788     0662  0188               	clrf	8	;volatile
   789     0663                     l773:
   790                           
   791                           ;SlaveMain.c: 95:     OPTION_REG &= ~(0x1U << 7);
   792     0663  307F               	movlw	127
   793     0664  0581               	andwf	1,f	;volatile
   794     0665                     l775:
   795                           
   796                           ;SlaveMain.c: 96:     _delay((unsigned long)((100)*(20000000/4000.0)));
   797     0665  3003               	movlw	3
   798     0666  00F6               	movwf	??_Lcdinit+2
   799     0667  308A               	movlw	138
   800     0668  00F5               	movwf	??_Lcdinit+1
   801     0669  3055               	movlw	85
   802     066A  00F4               	movwf	??_Lcdinit
   803     066B                     u87:
   804     066B  0BF4               	decfsz	??_Lcdinit,f
   805     066C  2E6B               	goto	u87
   806     066D  0BF5               	decfsz	??_Lcdinit+1,f
   807     066E  2E6B               	goto	u87
   808     066F  0BF6               	decfsz	??_Lcdinit+2,f
   809     0670  2E6B               	goto	u87
   810     0671  2E72               	nop2
   811     0672                     l777:
   812                           
   813                           ;SlaveMain.c: 99:     LcdCommand(0x30);
   814     0672  3030               	movlw	48
   815     0673  120A  118A  2642  120A  118A  	fcall	_LcdCommand
   816     0678                     l779:
   817                           
   818                           ;SlaveMain.c: 100:     _delay((unsigned long)((100)*(20000000/4000.0)));
   819     0678  3003               	movlw	3
   820     0679  00F6               	movwf	??_Lcdinit+2
   821     067A  308A               	movlw	138
   822     067B  00F5               	movwf	??_Lcdinit+1
   823     067C  3055               	movlw	85
   824     067D  00F4               	movwf	??_Lcdinit
   825     067E                     u97:
   826     067E  0BF4               	decfsz	??_Lcdinit,f
   827     067F  2E7E               	goto	u97
   828     0680  0BF5               	decfsz	??_Lcdinit+1,f
   829     0681  2E7E               	goto	u97
   830     0682  0BF6               	decfsz	??_Lcdinit+2,f
   831     0683  2E7E               	goto	u97
   832     0684  2E85               	nop2
   833     0685                     l781:
   834                           
   835                           ;SlaveMain.c: 101:     LcdCommand(0x30);
   836     0685  3030               	movlw	48
   837     0686  120A  118A  2642  120A  118A  	fcall	_LcdCommand
   838     068B                     l783:
   839                           
   840                           ;SlaveMain.c: 102:     _delay((unsigned long)((100)*(20000000/4000.0)));
   841     068B  3003               	movlw	3
   842     068C  00F6               	movwf	??_Lcdinit+2
   843     068D  308A               	movlw	138
   844     068E  00F5               	movwf	??_Lcdinit+1
   845     068F  3055               	movlw	85
   846     0690  00F4               	movwf	??_Lcdinit
   847     0691                     u107:
   848     0691  0BF4               	decfsz	??_Lcdinit,f
   849     0692  2E91               	goto	u107
   850     0693  0BF5               	decfsz	??_Lcdinit+1,f
   851     0694  2E91               	goto	u107
   852     0695  0BF6               	decfsz	??_Lcdinit+2,f
   853     0696  2E91               	goto	u107
   854     0697  2E98               	nop2
   855     0698                     l785:
   856                           
   857                           ;SlaveMain.c: 103:     LcdCommand(0x30);
   858     0698  3030               	movlw	48
   859     0699  120A  118A  2642  120A  118A  	fcall	_LcdCommand
   860     069E                     l787:
   861                           
   862                           ;SlaveMain.c: 104:     _delay((unsigned long)((100)*(20000000/4000.0)));
   863     069E  3003               	movlw	3
   864     069F  00F6               	movwf	??_Lcdinit+2
   865     06A0  308A               	movlw	138
   866     06A1  00F5               	movwf	??_Lcdinit+1
   867     06A2  3055               	movlw	85
   868     06A3  00F4               	movwf	??_Lcdinit
   869     06A4                     u117:
   870     06A4  0BF4               	decfsz	??_Lcdinit,f
   871     06A5  2EA4               	goto	u117
   872     06A6  0BF5               	decfsz	??_Lcdinit+1,f
   873     06A7  2EA4               	goto	u117
   874     06A8  0BF6               	decfsz	??_Lcdinit+2,f
   875     06A9  2EA4               	goto	u117
   876     06AA  2EAB               	nop2
   877     06AB                     l789:
   878                           
   879                           ;SlaveMain.c: 105:     LcdCommand(0x38);
   880     06AB  3038               	movlw	56
   881     06AC  120A  118A  2642  120A  118A  	fcall	_LcdCommand
   882     06B1                     l791:
   883                           
   884                           ;SlaveMain.c: 106:     _delay((unsigned long)((100)*(20000000/4000.0)));
   885     06B1  3003               	movlw	3
   886     06B2  00F6               	movwf	??_Lcdinit+2
   887     06B3  308A               	movlw	138
   888     06B4  00F5               	movwf	??_Lcdinit+1
   889     06B5  3055               	movlw	85
   890     06B6  00F4               	movwf	??_Lcdinit
   891     06B7                     u127:
   892     06B7  0BF4               	decfsz	??_Lcdinit,f
   893     06B8  2EB7               	goto	u127
   894     06B9  0BF5               	decfsz	??_Lcdinit+1,f
   895     06BA  2EB7               	goto	u127
   896     06BB  0BF6               	decfsz	??_Lcdinit+2,f
   897     06BC  2EB7               	goto	u127
   898     06BD  2EBE               	nop2
   899     06BE                     l793:
   900                           
   901                           ;SlaveMain.c: 107:     LcdCommand(0x0C);
   902     06BE  300C               	movlw	12
   903     06BF  120A  118A  2642  120A  118A  	fcall	_LcdCommand
   904     06C4                     l795:
   905                           
   906                           ;SlaveMain.c: 108:     _delay((unsigned long)((100)*(20000000/4000.0)));
   907     06C4  3003               	movlw	3
   908     06C5  00F6               	movwf	??_Lcdinit+2
   909     06C6  308A               	movlw	138
   910     06C7  00F5               	movwf	??_Lcdinit+1
   911     06C8  3055               	movlw	85
   912     06C9  00F4               	movwf	??_Lcdinit
   913     06CA                     u137:
   914     06CA  0BF4               	decfsz	??_Lcdinit,f
   915     06CB  2ECA               	goto	u137
   916     06CC  0BF5               	decfsz	??_Lcdinit+1,f
   917     06CD  2ECA               	goto	u137
   918     06CE  0BF6               	decfsz	??_Lcdinit+2,f
   919     06CF  2ECA               	goto	u137
   920     06D0  2ED1               	nop2
   921     06D1                     l797:
   922                           
   923                           ;SlaveMain.c: 109:     LcdCommand(0x01);
   924     06D1  3001               	movlw	1
   925     06D2  120A  118A  2642  120A  118A  	fcall	_LcdCommand
   926     06D7                     l799:
   927                           
   928                           ;SlaveMain.c: 110:     _delay((unsigned long)((100)*(20000000/4000.0)));
   929     06D7  3003               	movlw	3
   930     06D8  00F6               	movwf	??_Lcdinit+2
   931     06D9  308A               	movlw	138
   932     06DA  00F5               	movwf	??_Lcdinit+1
   933     06DB  3055               	movlw	85
   934     06DC  00F4               	movwf	??_Lcdinit
   935     06DD                     u147:
   936     06DD  0BF4               	decfsz	??_Lcdinit,f
   937     06DE  2EDD               	goto	u147
   938     06DF  0BF5               	decfsz	??_Lcdinit+1,f
   939     06E0  2EDD               	goto	u147
   940     06E1  0BF6               	decfsz	??_Lcdinit+2,f
   941     06E2  2EDD               	goto	u147
   942     06E3  2EE4               	nop2
   943     06E4                     l801:
   944                           
   945                           ;SlaveMain.c: 111:     LcdCommand(0x06);
   946     06E4  3006               	movlw	6
   947     06E5  120A  118A  2642  120A  118A  	fcall	_LcdCommand
   948     06EA                     l803:
   949                           
   950                           ;SlaveMain.c: 112:     _delay((unsigned long)((100)*(20000000/4000.0)));
   951     06EA  3003               	movlw	3
   952     06EB  00F6               	movwf	??_Lcdinit+2
   953     06EC  308A               	movlw	138
   954     06ED  00F5               	movwf	??_Lcdinit+1
   955     06EE  3055               	movlw	85
   956     06EF  00F4               	movwf	??_Lcdinit
   957     06F0                     u157:
   958     06F0  0BF4               	decfsz	??_Lcdinit,f
   959     06F1  2EF0               	goto	u157
   960     06F2  0BF5               	decfsz	??_Lcdinit+1,f
   961     06F3  2EF0               	goto	u157
   962     06F4  0BF6               	decfsz	??_Lcdinit+2,f
   963     06F5  2EF0               	goto	u157
   964     06F6  2EF7               	nop2
   965     06F7                     l66:
   966     06F7  0008               	return
   967     06F8                     __end_of_Lcdinit:
   968                           
   969                           	psect	text3
   970     0642                     __ptext3:	
   971 ;; *************** function _LcdCommand *****************
   972 ;; Defined at:
   973 ;;		line 127 in file "SlaveMain.c"
   974 ;; Parameters:    Size  Location     Type
   975 ;;  i               1    wreg     unsigned char 
   976 ;; Auto vars:     Size  Location     Type
   977 ;;  i               1    3[COMMON] unsigned char 
   978 ;; Return value:  Size  Location     Type
   979 ;;                  1    wreg      void 
   980 ;; Registers used:
   981 ;;		wreg, status,2, status,0
   982 ;; Tracked objects:
   983 ;;		On entry : 0/0
   984 ;;		On exit  : 0/0
   985 ;;		Unchanged: 0/0
   986 ;; Data sizes:     COMMON   BANK0   BANK1   BANK3   BANK2
   987 ;;      Params:         0       0       0       0       0
   988 ;;      Locals:         1       0       0       0       0
   989 ;;      Temps:          3       0       0       0       0
   990 ;;      Totals:         4       0       0       0       0
   991 ;;Total ram usage:        4 bytes
   992 ;; Hardware stack levels used: 1
   993 ;; This function calls:
   994 ;;		Nothing
   995 ;; This function is called by:
   996 ;;		_main
   997 ;;		_Lcdinit
   998 ;; This function uses a non-reentrant model
   999 ;;
  1000                           
  1001     0642                     _LcdCommand:	
  1002                           ;psect for function _LcdCommand
  1003                           
  1004                           
  1005                           ;incstack = 0
  1006                           ; Regs used in _LcdCommand: [wreg+status,2+status,0]
  1007                           ;LcdCommand@i stored from wreg
  1008     0642  00F3               	movwf	LcdCommand@i
  1009     0643                     l747:
  1010                           
  1011                           ;SlaveMain.c: 127: void LcdCommand(uint8_t i);SlaveMain.c: 128: {;SlaveMain.c: 129:     
      +                          PORTC &= ~(0x1 << 3);
  1012     0643  30F7               	movlw	247
  1013     0644  1283               	bcf	3,5	;RP0=0, select bank0
  1014     0645  1303               	bcf	3,6	;RP1=0, select bank0
  1015     0646  0587               	andwf	7,f	;volatile
  1016     0647                     l749:
  1017                           
  1018                           ;SlaveMain.c: 130:     PORTD = i;
  1019     0647  0873               	movf	LcdCommand@i,w
  1020     0648  0088               	movwf	8	;volatile
  1021     0649                     l751:
  1022                           
  1023                           ;SlaveMain.c: 131:     PORTC |= (0x1 << 0);
  1024     0649  1407               	bsf	7,0	;volatile
  1025     064A                     l753:
  1026                           
  1027                           ;SlaveMain.c: 132:     _delay((unsigned long)((100)*(20000000/4000.0)));
  1028     064A  3003               	movlw	3
  1029     064B  00F2               	movwf	??_LcdCommand+2
  1030     064C  308A               	movlw	138
  1031     064D  00F1               	movwf	??_LcdCommand+1
  1032     064E  3055               	movlw	85
  1033     064F  00F0               	movwf	??_LcdCommand
  1034     0650                     u167:
  1035     0650  0BF0               	decfsz	??_LcdCommand,f
  1036     0651  2E50               	goto	u167
  1037     0652  0BF1               	decfsz	??_LcdCommand+1,f
  1038     0653  2E50               	goto	u167
  1039     0654  0BF2               	decfsz	??_LcdCommand+2,f
  1040     0655  2E50               	goto	u167
  1041     0656  2E57               	nop2
  1042                           
  1043                           ;SlaveMain.c: 133:     PORTC &= ~(0x1 << 0);
  1044     0657  30FE               	movlw	254
  1045     0658  1283               	bcf	3,5	;RP0=0, select bank0
  1046     0659  1303               	bcf	3,6	;RP1=0, select bank0
  1047     065A  0587               	andwf	7,f	;volatile
  1048     065B                     l72:
  1049     065B  0008               	return
  1050     065C                     __end_of_LcdCommand:
  1051                           
  1052                           	psect	text4
  1053     0629                     __ptext4:	
  1054 ;; *************** function _LcdData *****************
  1055 ;; Defined at:
  1056 ;;		line 117 in file "SlaveMain.c"
  1057 ;; Parameters:    Size  Location     Type
  1058 ;;  i               1    wreg     unsigned char 
  1059 ;; Auto vars:     Size  Location     Type
  1060 ;;  i               1    3[COMMON] unsigned char 
  1061 ;; Return value:  Size  Location     Type
  1062 ;;                  1    wreg      void 
  1063 ;; Registers used:
  1064 ;;		wreg, status,2, status,0
  1065 ;; Tracked objects:
  1066 ;;		On entry : 0/0
  1067 ;;		On exit  : 0/0
  1068 ;;		Unchanged: 0/0
  1069 ;; Data sizes:     COMMON   BANK0   BANK1   BANK3   BANK2
  1070 ;;      Params:         0       0       0       0       0
  1071 ;;      Locals:         1       0       0       0       0
  1072 ;;      Temps:          3       0       0       0       0
  1073 ;;      Totals:         4       0       0       0       0
  1074 ;;Total ram usage:        4 bytes
  1075 ;; Hardware stack levels used: 1
  1076 ;; This function calls:
  1077 ;;		Nothing
  1078 ;; This function is called by:
  1079 ;;		_main
  1080 ;; This function uses a non-reentrant model
  1081 ;;
  1082                           
  1083     0629                     _LcdData:	
  1084                           ;psect for function _LcdData
  1085                           
  1086                           
  1087                           ;incstack = 0
  1088                           ; Regs used in _LcdData: [wreg+status,2+status,0]
  1089                           ;LcdData@i stored from wreg
  1090     0629  00F3               	movwf	LcdData@i
  1091     062A                     l805:
  1092                           
  1093                           ;SlaveMain.c: 117: void LcdData(uint8_t i);SlaveMain.c: 118: {;SlaveMain.c: 119:     POR
      +                          TC |= (0x1 << 3);
  1094     062A  1283               	bcf	3,5	;RP0=0, select bank0
  1095     062B  1303               	bcf	3,6	;RP1=0, select bank0
  1096     062C  1587               	bsf	7,3	;volatile
  1097     062D                     l807:
  1098                           
  1099                           ;SlaveMain.c: 120:     PORTD = i;
  1100     062D  0873               	movf	LcdData@i,w
  1101     062E  0088               	movwf	8	;volatile
  1102     062F                     l809:
  1103                           
  1104                           ;SlaveMain.c: 121:     PORTC |= (0x1 << 0);
  1105     062F  1407               	bsf	7,0	;volatile
  1106                           
  1107                           ;SlaveMain.c: 122:     _delay((unsigned long)((100)*(20000000/4000.0)));
  1108     0630  3003               	movlw	3
  1109     0631  00F2               	movwf	??_LcdData+2
  1110     0632  308A               	movlw	138
  1111     0633  00F1               	movwf	??_LcdData+1
  1112     0634  3055               	movlw	85
  1113     0635  00F0               	movwf	??_LcdData
  1114     0636                     u177:
  1115     0636  0BF0               	decfsz	??_LcdData,f
  1116     0637  2E36               	goto	u177
  1117     0638  0BF1               	decfsz	??_LcdData+1,f
  1118     0639  2E36               	goto	u177
  1119     063A  0BF2               	decfsz	??_LcdData+2,f
  1120     063B  2E36               	goto	u177
  1121     063C  2E3D               	nop2
  1122     063D                     l811:
  1123                           
  1124                           ;SlaveMain.c: 123:     PORTC &= ~(0x1 << 0);
  1125     063D  30FE               	movlw	254
  1126     063E  1283               	bcf	3,5	;RP0=0, select bank0
  1127     063F  1303               	bcf	3,6	;RP1=0, select bank0
  1128     0640  0587               	andwf	7,f	;volatile
  1129     0641                     l69:
  1130     0641  0008               	return
  1131     0642                     __end_of_LcdData:
  1132     0002                     ___latbits      equ	2
  1133     007E                     btemp           set	126	;btemp
  1134     007E                     wtemp0          set	126

Data Sizes:
    Strings     0
    Constant    0
    Data        18
    BSS         1
    Persistent  0
    Stack       0

Auto Spaces:
    Space          Size  Autos    Used
    COMMON           14     14      14
    BANK0            80      0      19
    BANK1            80      0       0
    BANK3            96      0       0
    BANK2            96      0       0

Pointer List with Targets:

    None.

Critical Paths under _main in COMMON

    _main->_Lcdinit
    _Lcdinit->_LcdCommand

Critical Paths under _main in BANK0

    None.

Critical Paths under _main in BANK1

    None.

Critical Paths under _main in BANK3

    None.

Critical Paths under _main in BANK2

    None.

Call Graph Tables:

 ---------------------------------------------------------------------------------
 (Depth) Function   	        Calls       Base Space   Used Autos Params    Refs
 ---------------------------------------------------------------------------------
 (0) _main                                                 7     7      0     223
                                              7 COMMON     7     7      0
                         _LcdCommand
                            _LcdData
                            _Lcdinit
                           _uartInit
 ---------------------------------------------------------------------------------
 (1) _uartInit                                             0     0      0       0
 ---------------------------------------------------------------------------------
 (1) _Lcdinit                                              3     3      0      29
                                              4 COMMON     3     3      0
                         _LcdCommand
 ---------------------------------------------------------------------------------
 (2) _LcdCommand                                           4     4      0      29
                                              0 COMMON     4     4      0
 ---------------------------------------------------------------------------------
 (1) _LcdData                                              4     4      0      29
                                              0 COMMON     4     4      0
 ---------------------------------------------------------------------------------
 Estimated maximum stack depth 2
 ---------------------------------------------------------------------------------

 Call Graph Graphs:

 _main (ROOT)
   _LcdCommand
   _LcdData
   _Lcdinit
     _LcdCommand
   _uartInit

Address spaces:
Name               Size   Autos  Total    Usage
BANK3               96      0       0      0.0%
BITBANK3            96      0       0      0.0%
BANK2               96      0       0      0.0%
BITBANK2            96      0       0      0.0%
BANK1               80      0       0      0.0%
BITBANK1            80      0       0      0.0%
BANK0               80      0      19     23.8%
BITBANK0            80      0       0      0.0%
COMMON              14     14      14    100.0%
BITCOMMON           14      0       0      0.0%
DATA                 0      0      33      0.0%
STACK                0      0       0      0.0%


Microchip Technology PIC Macro Assembler V3.00 build 20241204225717 
Symbol Table                                                                                   Mon May 19 13:32:51 2025

                      pc 0002                       l72 065B                       l66 06F7  
                     l75 0628                       l69 0641                       u40 0727  
                     u41 0726                       u50 074C                       u51 074B  
                     u60 0758                       u61 0757                       u45 0723  
                     u55 0748                       u77 077D                       u87 066B  
                     u97 067E                       fsr 0004                      l801 06E4  
                    l811 063D                      l803 06EA                      l805 062A  
                    l821 070A                      l813 06F8                      l807 062D  
                    l751 0649                      l823 0714                      l815 0708  
                    l809 062F                      l753 064A                      l761 061D  
                    l841 074C                      l825 071A                      l747 0643  
                    l771 0662                      l763 061F                      l755 0612  
                    l851 0777                      l843 0752                      l835 072F  
                    l827 0727                      l749 0647                      l781 0685  
                    l773 0663                      l765 0623                      l757 0616  
                    l861 07BA                      l853 0785                      l845 0758  
                    l837 0739                      l829 072D                      l791 06B1  
                    l783 068B                      l775 0665                      l767 0627  
                    l759 0619                      l855 079D                      l847 075B  
                    l839 073F                      l793 06BE                      l785 0698  
                    l777 0672                      l769 065C                      l865 07BF  
                    l849 0773                      l873 07DC                      l795 06C4  
                    l787 069E                      l779 0678                      l867 07D7  
                    l859 07A2                      l797 06D1                      l789 06AB  
                    l799 06D7                      u107 0691                      u117 06A4  
                    u127 06B7                      u137 06CA                      u147 06DD  
                    u157 06F0                      u167 0650                      u177 0636  
                    fsr0 0004                      indf 0000                     _PIR1 000C  
                   _main 06F8                     btemp 007E                     start 0000  
        __end_of_LcdData 0642               _LcdCommand 0642          __end_of_Lcdinit 06F8  
                  ?_main 0070                    _RCREG 001A                    _RCSTA 0018  
                  _SPBRG 0099                    _PORTB 0006                    _PORTC 0007  
                  _PORTD 0008                    _TRISB 0086                    _TRISC 0087  
                  _TRISD 0088                    _TXREG 0019                    _TXSTA 0098  
                  main@i 007A                    pclath 000A                    status 0003  
                  wtemp0 007E          __initialization 07ED             __end_of_main 07ED  
                 ??_main 0077                ??_LcdData 0070                   _TRISC7 043F  
              ??_Lcdinit 0074                   _RxData 0029                   _TxData 0020  
            ?_LcdCommand 0070         __end_of_uartInit 0629  __end_of__initialization 07FC  
         __pcstackCOMMON 0070             __pidataBANK0 05ED               __pbssBANK0 0032  
             __pmaintext 06F8                  _LcdData 0629                  _Lcdinit 065C  
                _RXvalue 0032                ?_uartInit 0070                  __ptext1 0612  
                __ptext2 065C                  __ptext3 0642                  __ptext4 0629  
   end_of_initialization 07FC             ??_LcdCommand 0070               ??_uartInit 0070  
     __end_of_LcdCommand 065C      start_initialization 07ED               init_fetch0 05FF  
            __pdataBANK0 0020                ___latbits 0002                 ?_LcdData 0070  
               ?_Lcdinit 0070                 LcdData@i 0073              LcdCommand@i 0073  
               _uartInit 0612                 main@i_69 007C                 init_ram0 0603  
             _OPTION_REG 0081  
