Microchip MPLAB XC8 Compiler V3.00

Linker command line:

-W-3 \
  --edf=D:\Program Files\Microchip\xc8\v3.00\pic\dat\20241204225717_en.msgs \
  -cn \
  -h+dist/default/production\Class_10_Task_ADC_PWM_Modular.X.production.sym \
  --cmf=dist/default/production\Class_10_Task_ADC_PWM_Modular.X.production.cmf \
  -z -Q16F877A -oC:\Users\sagar\AppData\Local\Temp\xcAs3ao.\driver_tmp_3.o \
  --defsym=__MPLAB_BUILD=1 --fixupoverflow=error \
  -Mdist/default/production/Class_10_Task_ADC_PWM_Modular.X.production.map \
  --md=C:\Users\sagar\AppData\Local\Temp\xcAs3ao.\driver_tmp_0.dat -E1 \
  -ver=XC8 Compiler -ACODE=00h-07FFhx4 -ASTRCODE=00h-01FFFh \
  -ASTRING=00h-0FFhx32 -ACONST=00h-0FFhx32 -AENTRY=00h-0FFhx32 \
  -ACOMMON=070h-07Fh -ABANK0=020h-06Fh -ABANK1=0A0h-0EFh \
  -ABANK2=0110h-016Fh -ABANK3=0190h-01EFh \
  -ARAM=020h-06Fh,0A0h-0EFh,0110h-016Fh,0190h-01EFh \
  -AABS1=020h-07Fh,0A0h-0EFh,0110h-016Fh,0190h-01EFh -ASFR0=00h-01Fh \
  -ASFR1=080h-09Fh -ASFR2=0100h-010Fh -ASFR3=0180h-018Fh \
  -ACONFIG=02007h-02007h -DCONFIG=2 -AIDLOC=02000h-02003h -DIDLOC=2 \
  -AEEDATA=00h-0FFh/02100h -peeprom_data=EEDATA -DEEDATA=2 -DCODE=2 \
  -DSTRCODE=2 -DSTRING=2 -DCONST=2 -DENTRY=2 \
  -preset_vec=00h,intentry,sivt,init,end_init -ppowerup=CODE -pcinit=CODE \
  -pfunctab=ENTRY -k \
  C:\Users\sagar\AppData\Local\Temp\xcAs3ao.\driver_tmp_12.o \
  dist/default/production\Class_10_Task_ADC_PWM_Modular.X.production.o 

Object code version is 3.11

Machine type is 16F877A



                Name                               Link     Load   Length Selector   Space Scale
C:\Users\sagar\AppData\Local\Temp\xcAs3ao.\driver_tmp_12.o
                end_init                              0        0        3        0       0
dist/default/production\Class_10_Task_ADC_PWM_Modular.X.production.o
                cinit                               7E6      7E6       1A      FCC       0
                text13                              476      476       23      8EC       0
                text12                              41E      41E       13      83C       0
                text11                              559      559       5D      AB2       0
                text10                              3FA      3FA       12      7F4       0
                text9                               4D1      4D1       42      9A2       0
                text8                               499      499       38      932       0
                text7                               5B6      5B6       6F      B6C       0
                text6                               40C      40C       12      818       0
                text5                               457      457       1F      8AE       0
                text4                               6B2      6B2       99      D64       0
                text3                               513      513       46      A26       0
                text2                               625      625       8D      C4A       0
                text1                               431      431       13      862       0
                maintext                            74B      74B       9B      E96       0
                cstackBANK0                          20       20       32       20       1
                cstackCOMMON                         70       70        E       70       1
                inittext                            444      444       13      888       0
                dataBANK0                            52       52        B       20       1
                bssBANK0                             5D       5D        8       20       1
                idataBANK0                          3EF      3EF        B      7DE       0

TOTAL           Name                               Link     Load   Length     Space
        CLASS   CODE           
                end_init                              0        0        3         0
                cinit                               7E6      7E6       1A         0
                text13                              476      476       23         0
                text12                              41E      41E       13         0
                text11                              559      559       5D         0
                text10                              3FA      3FA       12         0
                text9                               4D1      4D1       42         0
                text8                               499      499       38         0
                text7                               5B6      5B6       6F         0
                text6                               40C      40C       12         0
                text5                               457      457       1F         0
                text4                               6B2      6B2       99         0
                text3                               513      513       46         0
                text2                               625      625       8D         0
                text1                               431      431       13         0
                maintext                            74B      74B       9B         0
                inittext                            444      444       13         0
                idataBANK0                          3EF      3EF        B         0

        CLASS   STRCODE        

        CLASS   STRING         

        CLASS   CONST          

        CLASS   ENTRY          

        CLASS   COMMON         
                cstackCOMMON                         70       70        E         1

        CLASS   BANK0          
                cstackBANK0                          20       20       32         1
                dataBANK0                            52       52        B         1
                bssBANK0                             5D       5D        8         1

        CLASS   BANK1          

        CLASS   BANK2          

        CLASS   BANK3          

        CLASS   RAM            

        CLASS   ABS1           
                abs_s1                               7E       7E        2         1

        CLASS   SFR0           

        CLASS   SFR1           

        CLASS   SFR2           

        CLASS   SFR3           

        CLASS   CONFIG         

        CLASS   IDLOC          

        CLASS   EEDATA         

        CLASS   HEAP           

        CLASS   STACK          



SEGMENTS        Name                           Load    Length   Top    Selector   Space  Class     Delta

                reset_vec                      000000  000003  000003         0       0  CODE        2
                cstackBANK0                    000020  000045  000065        20       1  BANK0       1
                cstackCOMMON                   000070  00000E  00007E        70       1  COMMON      1
                idataBANK0                     0003EF  00000B  0003FA       7DE       0  CODE        2
                text10                         0003FA  000012  00040C       7F4       0  CODE        2
                text6                          00040C  000012  00041E       818       0  CODE        2
                text12                         00041E  000013  000431       83C       0  CODE        2
                text1                          000431  000013  000444       862       0  CODE        2
                inittext                       000444  000013  000457       888       0  CODE        2
                text5                          000457  00001F  000476       8AE       0  CODE        2
                text13                         000476  000023  000499       8EC       0  CODE        2
                text8                          000499  000038  0004D1       932       0  CODE        2
                text9                          0004D1  000042  000513       9A2       0  CODE        2
                text3                          000513  000046  000559       A26       0  CODE        2
                text11                         000559  00005D  0005B6       AB2       0  CODE        2
                text7                          0005B6  00006F  000625       B6C       0  CODE        2
                text2                          000625  00008D  0006B2       C4A       0  CODE        2
                text4                          0006B2  000099  00074B       D64       0  CODE        2
                maintext                       00074B  00009B  0007E6       E96       0  CODE        2
                cinit                          0007E6  00001A  000800       FCC       0  CODE        2


UNUSED ADDRESS RANGES

        Name                Unused          Largest block    Delta
        BANK0            0065-006F              B           1
        BANK1            00A0-00EF             50           1
        BANK2            0110-016F             60           1
        BANK3            0190-01EF             60           1
        CODE             0003-03EE            3EC           2
                         0800-1FFF            800
        CONFIG           2007-2007              1           2
        CONST            0003-03EE            100           2
                         0800-1FFF            100
        EEDATA           2100-21FF            100           2
        ENTRY            0003-03EE            100           2
                         0800-1FFF            100
        IDLOC            2000-2003              4           2
        RAM              0065-006F              B           1
                         00A0-00EF             50
                         0110-016F             60
                         0190-01EF             60
        SFR0             0000-001F             20           1
        SFR1             0080-009F             20           1
        SFR2             0100-010F             10           1
        SFR3             0180-018F             10           1
        STRCODE          0003-03EE            3EC           2
                         0800-1FFF           1800
        STRING           0003-03EE            100           2
                         0800-1FFF            100

                                  Symbol Table

?___aldiv                    cstackBANK0  0020
?___lmul                     cstackCOMMON 0070
?___lwdiv                    cstackCOMMON 0075
?___lwmod                    cstackCOMMON 0070
?_map                        cstackBANK0  002E
LcdCommand@i                 cstackCOMMON 0072
LcdData@i                    cstackCOMMON 0072
LcdOutput@d1                 cstackBANK0  0020
LcdOutput@d2                 cstackBANK0  0021
LcdOutput@d3                 cstackBANK0  0022
LcdOutput@i                  cstackCOMMON 007C
_ADCConversionStart          text13       0476
_ADCON0                      (abs)        001F
_ADCON1                      (abs)        009F
_ADRESH                      (abs)        001E
_ADRESL                      (abs)        009E
_CCP1CON                     (abs)        0017
_CCPR1L                      (abs)        0015
_LcdCommand                  text12       041E
_LcdData                     text10       03FA
_LcdInit                     text11       0559
_LcdOutput                   text7        05B6
_PORTB                       (abs)        0006
_PORTD                       (abs)        0008
_PR2                         (abs)        0092
_T2CON                       (abs)        0012
_TMR2                        (abs)        0011
_TMR2ON                      (abs)        0092
_TRISB                       (abs)        0086
_TRISC                       (abs)        0087
_TRISD                       (abs)        0088
__H__absolute__              __absolute__ 0000
__Habs1                      abs1         0000
__Hbank0                     bank0        0000
__Hbank1                     bank1        0000
__Hbank2                     bank2        0000
__Hbank3                     bank3        0000
__HbssBANK0                  bssBANK0     0000
__Hcinit                     cinit        0800
__Hclrtext                   clrtext      0000
__Hcode                      code         0000
__Hcommon                    common       0000
__HcstackBANK0               cstackBANK0  0000
__HcstackCOMMON              cstackCOMMON 0000
__HdataBANK0                 dataBANK0    0000
__Heeprom_data               eeprom_data  0000
__Hend_init                  end_init     0003
__Hfunctab                   functab      0000
__Hheap                      heap         0000
__HidataBANK0                idataBANK0   0000
__Hinit                      init         0000
__Hinittext                  inittext     0000
__Hintentry                  intentry     0000
__Hmaintext                  maintext     0000
__Hpowerup                   powerup      0000
__Hram                       ram          0000
__Hreset_vec                 reset_vec    0000
__Hsfr0                      sfr0         0000
__Hsfr1                      sfr1         0000
__Hsfr2                      sfr2         0000
__Hsfr3                      sfr3         0000
__Hsivt                      sivt         0000
__Hspace_0                   (abs)        0800
__Hspace_1                   (abs)        007E
__Hspace_2                   (abs)        0000
__Hspace_3                   (abs)        0000
__Hstack                     stack        0000
__Hstrings                   strings      0000
__Htext                      text         0000
__L__absolute__              __absolute__ 0000
__Labs1                      abs1         0000
__Lbank0                     bank0        0000
__Lbank1                     bank1        0000
__Lbank2                     bank2        0000
__Lbank3                     bank3        0000
__LbssBANK0                  bssBANK0     0000
__Lcinit                     cinit        07E6
__Lclrtext                   clrtext      0000
__Lcode                      code         0000
__Lcommon                    common       0000
__LcstackBANK0               cstackBANK0  0000
__LcstackCOMMON              cstackCOMMON 0000
__LdataBANK0                 dataBANK0    0000
__Leeprom_data               eeprom_data  0000
__Lend_init                  end_init     0000
__Lfunctab                   functab      0000
__Lheap                      heap         0000
__LidataBANK0                idataBANK0   0000
__Linit                      init         0000
__Linittext                  inittext     0000
__Lintentry                  intentry     0000
__Lmaintext                  maintext     0000
__Lpowerup                   powerup      0000
__Lram                       ram          0000
__Lreset_vec                 reset_vec    0000
__Lsfr0                      sfr0         0000
__Lsfr1                      sfr1         0000
__Lsfr2                      sfr2         0000
__Lsfr3                      sfr3         0000
__Lsivt                      sivt         0000
__Lspace_0                   (abs)        0000
__Lspace_1                   (abs)        0000
__Lspace_2                   (abs)        0000
__Lspace_3                   (abs)        0000
__Lstack                     stack        0000
__Lstrings                   strings      0000
__Ltext                      text         0000
__S0                         (abs)        0800
__S1                         (abs)        007E
__S3                         (abs)        0000
___aldiv                     text4        06B2
___aldiv@counter             cstackBANK0  0028
___aldiv@dividend            cstackBANK0  0024
___aldiv@divisor             cstackBANK0  0020
___aldiv@quotient            cstackBANK0  002A
___aldiv@sign                cstackBANK0  0029
___heap_hi                   (abs)        0000
___heap_lo                   (abs)        0000
___int_sp                    stack        0000
___int_stack_hi              stack        0000
___int_stack_lo              stack        0000
___latbits                   (abs)        0002
___lmul                      text3        0513
___lmul@multiplicand         cstackCOMMON 0074
___lmul@multiplier           cstackCOMMON 0070
___lmul@product              cstackCOMMON 0079
___lwdiv                     text9        04D1
___lwdiv@counter             cstackCOMMON 007B
___lwdiv@dividend            cstackCOMMON 0077
___lwdiv@divisor             cstackCOMMON 0075
___lwdiv@quotient            cstackCOMMON 0079
___lwmod                     text8        0499
___lwmod@counter             cstackCOMMON 0074
___lwmod@dividend            cstackCOMMON 0072
___lwmod@divisor             cstackCOMMON 0070
___sp                        stack        0000
___stack_hi                  stack        0000
___stack_lo                  stack        0000
___stackhi                   (abs)        0000
___stacklo                   (abs)        0000
__end_of_ADCConversionStart  text13       0499
__end_of_LcdCommand          text12       0431
__end_of_LcdData             text10       040C
__end_of_LcdInit             text11       05B6
__end_of_LcdOutput           text7        0625
__end_of___aldiv             text4        074B
__end_of___lmul              text3        0559
__end_of___lwdiv             text9        0513
__end_of___lwmod             text8        04D1
__end_of__initialization     cinit        07FC
__end_of_adcInit             text6        041E
__end_of_configurePWM        text5        0476
__end_of_main                maintext     07E6
__end_of_map                 text2        06B2
__end_of_pwmInit             text1        0444
__initialization             cinit        07E6
__pbssBANK0                  bssBANK0     005D
__pcstackBANK0               cstackBANK0  0020
__pcstackCOMMON              cstackCOMMON 0070
__pdataBANK0                 dataBANK0    0052
__pidataBANK0                idataBANK0   03EF
__pmaintext                  maintext     074B
__ptext1                     text1        0431
__ptext10                    text10       03FA
__ptext11                    text11       0559
__ptext12                    text12       041E
__ptext13                    text13       0476
__ptext2                     text2        0625
__ptext3                     text3        0513
__ptext4                     text4        06B2
__ptext5                     text5        0457
__ptext6                     text6        040C
__ptext7                     text7        05B6
__ptext8                     text8        0499
__ptext9                     text9        04D1
_adcHigh                     bssBANK0     0063
_adcInit                     text6        040C
_adcLow                      bssBANK0     0061
_adcVolt                     bssBANK0     005D
_calibratedValue             bssBANK0     005F
_calibratedVolt              dataBANK0    0052
_configurePWM                text5        0457
_main                        maintext     074B
_map                         text2        0625
_pwmInit                     text1        0431
btemp                        (abs)        007E
configurePWM@calibratedValue cstackCOMMON 0070
configurePWM@lowerBits       cstackCOMMON 0074
end_of_initialization        cinit        07FC
init_fetch0                  inittext     0444
init_ram0                    inittext     0448
intlevel0                    functab      0000
intlevel1                    functab      0000
intlevel2                    functab      0000
intlevel3                    functab      0000
intlevel4                    functab      0000
intlevel5                    functab      0000
main@i                       cstackBANK0  0050
map@in_max                   cstackBANK0  0036
map@in_min                   cstackBANK0  0032
map@out_max                  cstackBANK0  003E
map@out_min                  cstackBANK0  003A
map@x                        cstackBANK0  002E
reset_vec                    reset_vec    0000
start                        init         0000
start_initialization         cinit        07E6
wtemp0                       (abs)        007E


MODULE INFORMATION

Module		Function		Class		Link	Load	Size
D:\Program Files\Microchip\xc8\v3.00\pic\sources\c99\common\lwdiv.c
		___lwdiv       		CODE           	04D1	0000	66

D:\Program Files\Microchip\xc8\v3.00\pic\sources\c99\common\lwdiv.c estimated size: 66

D:\Program Files\Microchip\xc8\v3.00\pic\sources\c99\common\aldiv.c
		___aldiv       		CODE           	06B2	0000	153

D:\Program Files\Microchip\xc8\v3.00\pic\sources\c99\common\aldiv.c estimated size: 153

D:\Program Files\Microchip\xc8\v3.00\pic\sources\c99\common\Umul32.c
		___lmul        		CODE           	0513	0000	70

D:\Program Files\Microchip\xc8\v3.00\pic\sources\c99\common\Umul32.c estimated size: 70

pwm.c
		_configurePWM  		CODE           	0457	0000	31
		_pwmInit       		CODE           	0431	0000	19

pwm.c estimated size: 50

adc.c
		_map           		CODE           	0625	0000	141
		_adcInit       		CODE           	040C	0000	18
		_ADCConversionStart		CODE           	0476	0000	35

adc.c estimated size: 194

shared
		__initialization		CODE           	07E6	0000	22

shared estimated size: 22

D:\Program Files\Microchip\xc8\v3.00\pic\sources\c99\common\lwmod.c
		___lwmod       		CODE           	0499	0000	56

D:\Program Files\Microchip\xc8\v3.00\pic\sources\c99\common\lwmod.c estimated size: 56

lcd.c
		_LcdOutput     		CODE           	05B6	0000	111
		_LcdInit       		CODE           	0559	0000	93
		_LcdData       		CODE           	03FA	0000	18
		_LcdCommand    		CODE           	041E	0000	19

lcd.c estimated size: 241

main.c
		_main          		CODE           	074B	0000	155

main.c estimated size: 155

